Archive member included to satisfy reference by file (symbol)

platform/libplatform_s.a(system_nrf91.o)
                              secure_fw/CMakeFiles/tfm_s.dir/__/platform/ext/target/nordic_nrf/common/core/startup.o (SystemInit)
platform/libplatform_s.a(exception_info.o)
                              secure_fw/CMakeFiles/tfm_s.dir/__/platform/ext/target/nordic_nrf/common/core/startup_nrf91.o (store_and_dump_context)
secure_fw/partitions/lib/runtime/libtfm_sprt.a(crt_memcpy.o)
                              platform/libplatform_s.a(exception_info.o) (memcpy)
secure_fw/partitions/lib/runtime/libtfm_sprt.a(crt_memset.o)
                              c:/ncs/toolchains/b620d30767/opt/zephyr-sdk/arm-zephyr-eabi/bin/../lib/gcc/arm-zephyr-eabi/12.2.0/../../../../arm-zephyr-eabi/lib/thumb/v8-m.main/nofp/crt0.o (memset)
secure_fw/partitions/lib/runtime/libtfm_sprt.a(psa_interface_sfn.o)
                              secure_fw/CMakeFiles/tfm_s.dir/partitions/ns_agent_tz/psa_api_veneers_v80m.o (psa_framework_version)
secure_fw/spm/libtfm_spm.a(utilities.o)
                              secure_fw/CMakeFiles/tfm_s.dir/__/platform/ext/target/nordic_nrf/common/core/startup.o (tfm_core_panic)
secure_fw/spm/libtfm_spm.a(main.o)
                              c:/ncs/toolchains/b620d30767/opt/zephyr-sdk/arm-zephyr-eabi/bin/../lib/gcc/arm-zephyr-eabi/12.2.0/../../../../arm-zephyr-eabi/lib/thumb/v8-m.main/nofp/crt0.o (main)
secure_fw/spm/libtfm_spm.a(spm_ipc.o)
                              secure_fw/spm/libtfm_spm.a(main.o) (tfm_spm_init)
secure_fw/spm/libtfm_spm.a(rom_loader.o)
                              secure_fw/spm/libtfm_spm.a(spm_ipc.o) (load_a_partition_assuredly)
secure_fw/spm/libtfm_spm.a(psa_api.o)
                              secure_fw/partitions/lib/runtime/libtfm_sprt.a(psa_interface_sfn.o) (spm_handle_programmer_errors)
secure_fw/spm/libtfm_spm.a(psa_call_api.o)
                              secure_fw/partitions/lib/runtime/libtfm_sprt.a(psa_interface_sfn.o) (tfm_spm_client_psa_call)
secure_fw/spm/libtfm_spm.a(psa_version_api.o)
                              secure_fw/partitions/lib/runtime/libtfm_sprt.a(psa_interface_sfn.o) (tfm_spm_client_psa_framework_version)
secure_fw/spm/libtfm_spm.a(psa_read_write_skip_api.o)
                              secure_fw/partitions/lib/runtime/libtfm_sprt.a(psa_interface_sfn.o) (tfm_spm_partition_psa_read)
secure_fw/spm/libtfm_spm.a(backend_sfn.o)
                              secure_fw/spm/libtfm_spm.a(spm_ipc.o) (partition_listhead)
secure_fw/spm/libtfm_spm.a(tfm_spm_ns_ctx.o)
                              secure_fw/spm/libtfm_spm.a(backend_sfn.o) (tz_ns_agent_register_client_id_range)
secure_fw/spm/libtfm_spm.a(spm_local_connection.o)
                              secure_fw/spm/libtfm_spm.a(spm_ipc.o) (connection_to_handle)
secure_fw/spm/libtfm_spm.a(tfm_arch_v8m_main.o)
                              secure_fw/spm/libtfm_spm.a(main.o) (tfm_arch_set_secure_exception_priorities)
secure_fw/spm/libtfm_spm.a(ns_agent_tz_v80m.o)
                              secure_fw/CMakeFiles/tfm_s.dir/partitions/ns_agent_tz/load_info_ns_agent_tz.o (ns_agent_tz_main)
secure_fw/spm/libtfm_spm.a(tfm_hal_isolation.o)
                              secure_fw/spm/libtfm_spm.a(main.o) (tfm_hal_set_up_static_boundaries)
secure_fw/spm/libtfm_spm.a(tfm_hal_platform_common.o)
                              secure_fw/spm/libtfm_spm.a(tfm_spm_ns_ctx.o) (tfm_hal_get_ns_VTOR)
secure_fw/spm/libtfm_spm.a(faults.o)
                              secure_fw/CMakeFiles/tfm_s.dir/__/platform/ext/target/nordic_nrf/common/core/startup_nrf91.o (SPU_IRQHandler)
secure_fw/spm/libtfm_spm.a(target_cfg.o)
                              secure_fw/spm/libtfm_spm.a(tfm_hal_isolation.o) (tfm_peripheral_vmc)
secure_fw/spm/libtfm_spm.a(tfm_boot_data.o)
                              secure_fw/spm/libtfm_spm.a(main.o) (tfm_core_validate_boot_data)
secure_fw/spm/libtfm_spm.a(tfm_arch.o)
                              secure_fw/spm/libtfm_spm.a(backend_sfn.o) (arch_clean_stack_and_launch)
secure_fw/spm/libtfm_spm.a(tfm_svcalls.o)
                              secure_fw/spm/libtfm_spm.a(tfm_arch_v8m_main.o) (spm_svc_handler)
secure_fw/partitions/crypto/libtfm_psa_rot_partition_crypto.a(crypto_init.o)
                              secure_fw/CMakeFiles/tfm_s.dir/__/generated/secure_fw/partitions/crypto/auto_generated/load_info_tfm_crypto.o (tfm_crypto_init)
secure_fw/partitions/crypto/libtfm_psa_rot_partition_crypto.a(crypto_alloc.o)
                              secure_fw/partitions/crypto/libtfm_psa_rot_partition_crypto.a(crypto_init.o) (tfm_crypto_init_alloc)
secure_fw/partitions/crypto/libtfm_psa_rot_partition_crypto.a(crypto_cipher.o)
                              secure_fw/partitions/crypto/libtfm_psa_rot_partition_crypto.a(crypto_init.o) (tfm_crypto_cipher_interface)
secure_fw/partitions/crypto/libtfm_psa_rot_partition_crypto.a(crypto_hash.o)
[...]
Memory Configuration

Name             Origin             Length             Attributes
FLASH            0x0000000000000000 0x0000000000010000 xr
RAM              0x0000000020000000 0x0000000000008000 rw
*default*        0x0000000000000000 0xffffffffffffffff

Linker script and memory map

LOAD c:/ncs/toolchains/b620d30767/opt/zephyr-sdk/arm-zephyr-eabi/bin/../lib/gcc/arm-zephyr-eabi/12.2.0/thumb/v8-m.main/nofp/crti.o
LOAD c:/ncs/toolchains/b620d30767/opt/zephyr-sdk/arm-zephyr-eabi/bin/../lib/gcc/arm-zephyr-eabi/12.2.0/thumb/v8-m.main/nofp/crtbegin.o
LOAD c:/ncs/toolchains/b620d30767/opt/zephyr-sdk/arm-zephyr-eabi/bin/../lib/gcc/arm-zephyr-eabi/12.2.0/../../../../arm-zephyr-eabi/lib/thumb/v8-m.main/nofp/crt0.o
LOAD secure_fw/CMakeFiles/tfm_s.dir/partitions/ns_agent_tz/psa_api_veneers_v80m.o
LOAD secure_fw/CMakeFiles/tfm_s.dir/__/platform/ext/target/nordic_nrf/common/core/startup.o
LOAD secure_fw/CMakeFiles/tfm_s.dir/__/platform/ext/target/nordic_nrf/common/core/startup_nrf91.o
LOAD secure_fw/CMakeFiles/tfm_s.dir/__/platform/ext/common/faults.o
LOAD secure_fw/CMakeFiles/tfm_s.dir/__/generated/secure_fw/partitions/crypto/auto_generated/load_info_tfm_crypto.o
LOAD secure_fw/CMakeFiles/tfm_s.dir/__/generated/secure_fw/partitions/platform/auto_generated/load_info_tfm_platform.o
LOAD secure_fw/CMakeFiles/tfm_s.dir/partitions/ns_agent_tz/load_info_ns_agent_tz.o
LOAD secure_fw/CMakeFiles/tfm_s.dir/__/platform/ext/common/syscalls_stub.o
LOAD platform/libplatform_s.a
LOAD secure_fw/partitions/lib/runtime/libtfm_sprt.a
LOAD secure_fw/spm/libtfm_spm.a
LOAD secure_fw/partitions/crypto/libtfm_psa_rot_partition_crypto.a
LOAD platform/libplatform_crypto_keys.a
LOAD secure_fw/partitions/crypto/mbedcrypto/nrf_security_src/libcrypto_service_mbedcrypto.a
LOAD secure_fw/partitions/platform/libtfm_psa_rot_partition_platform.a
LOAD secure_fw/partitions/lib/runtime/libtfm_sp_log.a
LOAD secure_fw/partitions/crypto/mbedcrypto/nrf_security_src/libmbedcrypto_base.a
LOAD secure_fw/partitions/crypto/mbedcrypto/nrf_security_src/core/nrf_oberon/liboberon_psa_core.a
LOAD secure_fw/partitions/crypto/mbedcrypto/nrf_security_src/libnrf_security_utils.a
LOAD secure_fw/partitions/crypto/mbedcrypto/nrf_security_src/drivers/nrf_oberon/liboberon_psa_driver.a
LOAD C:/ncs/v2.9.0/nrfxlib/crypto/nrf_oberon/lib/cortex-m33/soft-float/liboberon_mbedtls_3.0.15.a
LOAD platform/libplatform_s.a
LOAD secure_fw/partitions/lib/runtime/libtfm_sprt.a
LOAD secure_fw/spm/libtfm_spm.a
LOAD secure_fw/partitions/crypto/libtfm_psa_rot_partition_crypto.a
LOAD platform/libplatform_crypto_keys.a
LOAD secure_fw/partitions/crypto/mbedcrypto/nrf_security_src/libcrypto_service_mbedcrypto.a
LOAD secure_fw/partitions/platform/libtfm_psa_rot_partition_platform.a
LOAD secure_fw/partitions/lib/runtime/libtfm_sp_log.a
LOAD secure_fw/partitions/crypto/mbedcrypto/nrf_security_src/libmbedcrypto_base.a
LOAD secure_fw/partitions/crypto/mbedcrypto/nrf_security_src/core/nrf_oberon/liboberon_psa_core.a
LOAD secure_fw/partitions/crypto/mbedcrypto/nrf_security_src/libnrf_security_utils.a
LOAD secure_fw/partitions/crypto/mbedcrypto/nrf_security_src/drivers/nrf_oberon/liboberon_psa_driver.a
LOAD C:/ncs/v2.9.0/nrfxlib/crypto/nrf_oberon/lib/cortex-m33/soft-float/liboberon_mbedtls_3.0.15.a
LOAD platform/libplatform_s.a
LOAD secure_fw/partitions/lib/runtime/libtfm_sprt.a
LOAD secure_fw/spm/libtfm_spm.a
LOAD secure_fw/partitions/crypto/libtfm_psa_rot_partition_crypto.a
LOAD platform/libplatform_crypto_keys.a
LOAD secure_fw/partitions/crypto/mbedcrypto/nrf_security_src/libcrypto_service_mbedcrypto.a
LOAD secure_fw/partitions/platform/libtfm_psa_rot_partition_platform.a
LOAD secure_fw/partitions/lib/runtime/libtfm_sp_log.a
LOAD secure_fw/partitions/crypto/mbedcrypto/nrf_security_src/libmbedcrypto_base.a
LOAD secure_fw/partitions/crypto/mbedcrypto/nrf_security_src/core/nrf_oberon/liboberon_psa_core.a
LOAD secure_fw/partitions/crypto/mbedcrypto/nrf_security_src/libnrf_security_utils.a
LOAD secure_fw/partitions/crypto/mbedcrypto/nrf_security_src/drivers/nrf_oberon/liboberon_psa_driver.a
LOAD C:/ncs/v2.9.0/nrfxlib/crypto/nrf_oberon/lib/cortex-m33/soft-float/liboberon_mbedtls_3.0.15.a
LOAD C:/ncs/v2.9.0/nrfxlib/crypto/nrf_cc310_platform/lib/cortex-m33/soft-float/no-interrupts/libnrf_cc310_platform_0.9.19.a
LOAD c:/ncs/toolchains/b620d30767/opt/zephyr-sdk/arm-zephyr-eabi/bin/../lib/gcc/arm-zephyr-eabi/12.2.0/../../../../arm-zephyr-eabi/lib/thumb/v8-m.main/nofp\libc_nano.a
LOAD C:/ncs/v2.9.0/nrfxlib/crypto/nrf_oberon/lib/cortex-m33/soft-float/liboberon_3.0.15.a
START GROUP
LOAD c:/ncs/toolchains/b620d30767/opt/zephyr-sdk/arm-zephyr-eabi/bin/../lib/gcc/arm-zephyr-eabi/12.2.0/thumb/v8-m.main/nofp\libgcc.a
LOAD c:/ncs/toolchains/b620d30767/opt/zephyr-sdk/arm-zephyr-eabi/bin/../lib/gcc/arm-zephyr-eabi/12.2.0/../../../../arm-zephyr-eabi/lib/thumb/v8-m.main/nofp\libg_nano.a
LOAD c:/ncs/toolchains/b620d30767/opt/zephyr-sdk/arm-zephyr-eabi/bin/../lib/gcc/arm-zephyr-eabi/12.2.0/../../../../arm-zephyr-eabi/lib/thumb/v8-m.main/nofp\libc_nano.a
END GROUP
START GROUP
LOAD c:/ncs/toolchains/b620d30767/opt/zephyr-sdk/arm-zephyr-eabi/bin/../lib/gcc/arm-zephyr-eabi/12.2.0/thumb/v8-m.main/nofp\libgcc.a
LOAD c:/ncs/toolchains/b620d30767/opt/zephyr-sdk/arm-zephyr-eabi/bin/../lib/gcc/arm-zephyr-eabi/12.2.0/../../../../arm-zephyr-eabi/lib/thumb/v8-m.main/nofp\libc_nano.a
LOAD c:/ncs/toolchains/b620d30767/opt/zephyr-sdk/arm-zephyr-eabi/bin/../lib/gcc/arm-zephyr-eabi/12.2.0/../../../../arm-zephyr-eabi/lib/thumb/v8-m.main/nofp\libnosys.a
END GROUP
START GROUP
LOAD c:/ncs/toolchains/b620d30767/opt/zephyr-sdk/arm-zephyr-eabi/bin/../lib/gcc/arm-zephyr-eabi/12.2.0/thumb/v8-m.main/nofp\libgcc.a
LOAD c:/ncs/toolchains/b620d30767/opt/zephyr-sdk/arm-zephyr-eabi/bin/../lib/gcc/arm-zephyr-eabi/12.2.0/../../../../arm-zephyr-eabi/lib/thumb/v8-m.main/nofp\libc_nano.a
LOAD c:/ncs/toolchains/b620d30767/opt/zephyr-sdk/arm-zephyr-eabi/bin/../lib/gcc/arm-zephyr-eabi/12.2.0/../../../../arm-zephyr-eabi/lib/thumb/v8-m.main/nofp\libnosys.a
END GROUP
LOAD c:/ncs/toolchains/b620d30767/opt/zephyr-sdk/arm-zephyr-eabi/bin/../lib/gcc/arm-zephyr-eabi/12.2.0/thumb/v8-m.main/nofp/crtend.o
LOAD c:/ncs/toolchains/b620d30767/opt/zephyr-sdk/arm-zephyr-eabi/bin/../lib/gcc/arm-zephyr-eabi/12.2.0/thumb/v8-m.main/nofp/crtn.o
                0x0000000000000800                __msp_stack_size__ = 0x800
                0x0000000000000000                Image$$PT_RO_START$$Base = ADDR (.TFM_VECTORS)

.TFM_VECTORS    0x0000000000000000      0x144
                0x0000000000000000                __vectors_start__ = .
 *(.vectors)
 .vectors       0x0000000000000000      0x144 secure_fw/CMakeFiles/tfm_s.dir/__/platform/ext/target/nordic_nrf/common/core/startup_nrf91.o
                0x0000000000000000                __Vectors
                0x0000000000000144                . = ALIGN (0x4)
                0x0000000000000144                __vectors_end__ = .
                0x0000000000000001                ASSERT ((__vectors_start__ != __vectors_end__), .vectors should not be empty)
                0x0000000000000001                ASSERT ((. <= (ADDR (.TFM_VECTORS) + 0x144)), .TFM_VECTORS section size overflow.)
                0x0000000000000144                . = (ADDR (.TFM_VECTORS) + 0x144)

.TFM_SP_LOAD_LIST
                0x0000000000000144       0xd4
 *(.part_load_priority_00)
 .part_load_priority_00
                0x0000000000000144       0x38 secure_fw/CMakeFiles/tfm_s.dir/partitions/ns_agent_tz/load_info_ns_agent_tz.o
                0x0000000000000144                tfm_sp_ns_agent_tz_load
 *(.part_load_priority_01)
 *(.part_load_priority_02)
 .part_load_priority_02
                0x000000000000017c       0x50 secure_fw/CMakeFiles/tfm_s.dir/__/generated/secure_fw/partitions/crypto/auto_generated/load_info_tfm_crypto.o
                0x000000000000017c                tfm_sp_crypto_load
 .part_load_priority_02
                0x00000000000001cc       0x4c secure_fw/CMakeFiles/tfm_s.dir/__/generated/secure_fw/partitions/platform/auto_generated/load_info_tfm_platform.o
                0x00000000000001cc                tfm_sp_platform_load
 *(.part_load_priority_03)
                0x0000000000000144                Image$$TFM_SP_LOAD_LIST$$RO$$Base = ADDR (.TFM_SP_LOAD_LIST)
                0x0000000000000218                Image$$TFM_SP_LOAD_LIST$$RO$$Limit = (ADDR (.TFM_SP_LOAD_LIST) + SIZEOF (.TFM_SP_LOAD_LIST))
                0x0000000000000220                . = ALIGN (0x20)
                0x0000000000000220                Image$$TFM_PSA_CODE_START$$Base = .

.TFM_PSA_ROT_LINKER
                0x0000000000000220      0x5a0
 *tfm_psa_rot_partition*:(SORT_BY_ALIGNMENT(.text*))
 .text.tfm_crypto_init
                0x0000000000000220       0x20 secure_fw/partitions/crypto/libtfm_psa_rot_partition_crypto.a(crypto_init.o)
                0x0000000000000220                tfm_crypto_init
 .text.tfm_crypto_api_dispatcher
                0x0000000000000240       0xbc secure_fw/partitions/crypto/libtfm_psa_rot_partition_crypto.a(crypto_init.o)
                0x0000000000000240                tfm_crypto_api_dispatcher
 .text.tfm_crypto_sfn
                0x00000000000002fc      0x1f4 secure_fw/partitions/crypto/libtfm_psa_rot_partition_crypto.a(crypto_init.o)
                0x00000000000002fc                tfm_crypto_sfn
 .text.tfm_crypto_init_alloc
                0x00000000000004f0       0x14 secure_fw/partitions/crypto/libtfm_psa_rot_partition_crypto.a(crypto_alloc.o)
                0x00000000000004f0                tfm_crypto_init_alloc
 .text.tfm_crypto_cipher_interface
                0x0000000000000504        0x8 secure_fw/partitions/crypto/libtfm_psa_rot_partition_crypto.a(crypto_cipher.o)
                0x0000000000000504                tfm_crypto_cipher_interface
 .text.tfm_crypto_hash_interface
                0x000000000000050c        0x8 secure_fw/partitions/crypto/libtfm_psa_rot_partition_crypto.a(crypto_hash.o)
                0x000000000000050c                tfm_crypto_hash_interface
 .text.tfm_crypto_mac_interface
                0x0000000000000514        0x8 secure_fw/partitions/crypto/libtfm_psa_rot_partition_crypto.a(crypto_mac.o)
                0x0000000000000514                tfm_crypto_mac_interface
 .text.tfm_crypto_aead_interface
                0x000000000000051c        0x8 secure_fw/partitions/crypto/libtfm_psa_rot_partition_crypto.a(crypto_aead.o)
                0x000000000000051c                tfm_crypto_aead_interface
 .text.tfm_crypto_asymmetric_sign_interface
                0x0000000000000524        0x8 secure_fw/partitions/crypto/libtfm_psa_rot_partition_crypto.a(crypto_asymmetric.o)
                0x0000000000000524                tfm_crypto_asymmetric_sign_interface
 .text.tfm_crypto_asymmetric_encrypt_interface
                0x000000000000052c        0x8 secure_fw/partitions/crypto/libtfm_psa_rot_partition_crypto.a(crypto_asymmetric.o)
                0x000000000000052c                tfm_crypto_asymmetric_encrypt_interface
 .text.tfm_crypto_key_derivation_interface
                0x0000000000000534        0x8 secure_fw/partitions/crypto/libtfm_psa_rot_partition_crypto.a(crypto_key_derivation.o)
                0x0000000000000534                tfm_crypto_key_derivation_interface
 .text.tfm_crypto_key_management_interface
                0x000000000000053c        0x8 secure_fw/partitions/crypto/libtfm_psa_rot_partition_crypto.a(crypto_key_management.o)
                0x000000000000053c                tfm_crypto_key_management_interface
 .text.tfm_crypto_random_interface
                0x0000000000000544        0x8 secure_fw/partitions/crypto/libtfm_psa_rot_partition_crypto.a(crypto_rng.o)
                0x0000000000000544                tfm_crypto_random_interface
 .text.tfm_crypto_library_get_info
                0x000000000000054c       0x1c secure_fw/partitions/crypto/libtfm_psa_rot_partition_crypto.a(crypto_library.o)
                0x000000000000054c                tfm_crypto_library_get_info
 .text.tfm_crypto_core_library_init
                0x0000000000000568       0x14 secure_fw/partitions/crypto/libtfm_psa_rot_partition_crypto.a(crypto_library.o)
                0x0000000000000568                tfm_crypto_core_library_init
 .text.tfm_crypto_pake_interface
                0x000000000000057c        0x8 secure_fw/partitions/crypto/libtfm_psa_rot_partition_crypto.a(crypto_pake.o)
                0x000000000000057c                tfm_crypto_pake_interface
 .text.platform_sp_system_reset
                0x0000000000000584        0xe secure_fw/partitions/platform/libtfm_psa_rot_partition_platform.a(platform_sp.o)
                0x0000000000000584                platform_sp_system_reset
 .text.platform_sp_system_reset_psa_api
                0x0000000000000592       0x16 secure_fw/partitions/platform/libtfm_psa_rot_partition_platform.a(platform_sp.o)
 .text.platform_sp_ioctl_psa_api
                0x00000000000005a8      0x1bc secure_fw/partitions/platform/libtfm_psa_rot_partition_platform.a(platform_sp.o)
 .text.tfm_platform_service_sfn
                0x0000000000000764       0x3c secure_fw/partitions/platform/libtfm_psa_rot_partition_platform.a(platform_sp.o)
                0x0000000000000764                tfm_platform_service_sfn
 .text.platform_sp_init
                0x00000000000007a0        0xe secure_fw/partitions/platform/libtfm_psa_rot_partition_platform.a(platform_sp.o)
                0x00000000000007a0                platform_sp_init
 *tfm_psa_rot_partition*:(SORT_BY_ALIGNMENT(.rodata*))
 *fill*         0x00000000000007ae        0x2 
 .rodata.tfm_crypto_library_get_info.str1.4
                0x00000000000007b0        0xf secure_fw/partitions/crypto/libtfm_psa_rot_partition_crypto.a(crypto_library.o)
 *(TFM_*_PSA-ROT_ATTR_FN)
                0x00000000000007c0                . = ALIGN (0x20)
 *fill*         0x00000000000007bf        0x1 
                0x0000000000000220                Image$$TFM_PSA_ROT_LINKER$$RO$$Base = ADDR (.TFM_PSA_ROT_LINKER)
                0x00000000000007c0                Image$$TFM_PSA_ROT_LINKER$$RO$$Limit = (ADDR (.TFM_PSA_ROT_LINKER) + SIZEOF (.TFM_PSA_ROT_LINKER))
                0x0000000000000220                Image$$TFM_PSA_ROT_LINKER$$Base = ADDR (.TFM_PSA_ROT_LINKER)
                0x00000000000007c0                Image$$TFM_PSA_ROT_LINKER$$Limit = (ADDR (.TFM_PSA_ROT_LINKER) + SIZEOF (.TFM_PSA_ROT_LINKER))
                0x00000000000007c0                Image$$TFM_PSA_CODE_END$$Base = .
                0x00000000000007c0                Image$$TFM_APP_CODE_START$$Base = .

.TFM_APP_ROT_LINKER
                0x00000000000007c0        0x0
 *tfm_app_rot_partition*:(SORT_BY_ALIGNMENT(.text*))
 *tfm_app_rot_partition*:(SORT_BY_ALIGNMENT(.rodata*))
 *(TFM_*_APP-ROT_ATTR_FN)
                0x00000000000007c0                . = ALIGN (0x20)
                0x00000000000007c0                Image$$TFM_APP_ROT_LINKER$$RO$$Base = ADDR (.TFM_APP_ROT_LINKER)
                0x00000000000007c0                Image$$TFM_APP_ROT_LINKER$$RO$$Limit = (ADDR (.TFM_APP_ROT_LINKER) + SIZEOF (.TFM_APP_ROT_LINKER))
                0x00000000000007c0                Image$$TFM_APP_ROT_LINKER$$Base = ADDR (.TFM_APP_ROT_LINKER)
                0x00000000000007c0                Image$$TFM_APP_ROT_LINKER$$Limit = (ADDR (.TFM_APP_ROT_LINKER) + SIZEOF (.TFM_APP_ROT_LINKER))
                0x00000000000007c0                Image$$TFM_APP_CODE_END$$Base = .

.ARM.extab
 *(.ARM.extab* .gnu.linkonce.armextab.*)
                0x00000000000007c0                __exidx_start = .

.ARM.exidx      0x00000000000007c0        0x8
 *(.ARM.exidx* .gnu.linkonce.armexidx.*)
 .ARM.exidx     0x00000000000007c0        0x8 c:/ncs/toolchains/b620d30767/opt/zephyr-sdk/arm-zephyr-eabi/bin/../lib/gcc/arm-zephyr-eabi/12.2.0/../../../../arm-zephyr-eabi/lib/thumb/v8-m.main/nofp/crt0.o
                                         0x10 (size before relaxing)
                0x00000000000007c8                __exidx_end = .

.ER_TFM_CODE    0x00000000000007c8     0x402c
                0x00000000000007c8                . = ALIGN (0x4)
                0x00000000000007c8                PROVIDE (__preinit_array_start = .)
 *(.preinit_array)
                0x00000000000007c8                PROVIDE (__preinit_array_end = .)
                0x00000000000007c8                . = ALIGN (0x4)
                0x00000000000007c8                PROVIDE (__init_array_start = .)
 *(SORT_BY_NAME(.init_array.*))
 *(.init_array)
 .init_array    0x00000000000007c8        0x4 c:/ncs/toolchains/b620d30767/opt/zephyr-sdk/arm-zephyr-eabi/bin/../lib/gcc/arm-zephyr-eabi/12.2.0/thumb/v8-m.main/nofp/crtbegin.o
                0x00000000000007cc                PROVIDE (__init_array_end = .)
                0x00000000000007cc                . = ALIGN (0x4)
                [!provide]                        PROVIDE (__fini_array_start = .)
 *(SORT_BY_NAME(.fini_array.*))
 *(.fini_array)
 .fini_array    0x00000000000007cc        0x4 c:/ncs/toolchains/b620d30767/opt/zephyr-sdk/arm-zephyr-eabi/bin/../lib/gcc/arm-zephyr-eabi/12.2.0/thumb/v8-m.main/nofp/crtbegin.o
                [!provide]                        PROVIDE (__fini_array_end = .)
                0x00000000000007d0                . = ALIGN (0x4)
                0x00000000000007d0                __copy_table_start__ = .
                0x00000000000007d0        0x4 LONG 0x7c40 LOADADDR (.TFM_DATA)
                0x00000000000007d4        0x4 LONG 0x20002080 ADDR (.TFM_DATA)
                0x00000000000007d8        0x4 LONG 0x41 (SIZEOF (.TFM_DATA) / 0x4)
                0x00000000000007dc        0x4 LONG 0x7c40 LOADADDR (.TFM_PSA_ROT_LINKER_DATA)
                0x00000000000007e0        0x4 LONG 0x20001c20 ADDR (.TFM_PSA_ROT_LINKER_DATA)
                0x00000000000007e4        0x4 LONG 0x0 (SIZEOF (.TFM_PSA_ROT_LINKER_DATA) / 0x4)
                0x00000000000007e8        0x4 LONG 0x7c40 LOADADDR (.TFM_APP_ROT_LINKER_DATA)
                0x00000000000007ec        0x4 LONG 0x20001c00 ADDR (.TFM_APP_ROT_LINKER_DATA)
                0x00000000000007f0        0x4 LONG 0x0 (SIZEOF (.TFM_APP_ROT_LINKER_DATA) / 0x4)
                0x00000000000007f4                __copy_table_end__ = .
                0x00000000000007f4                . = ALIGN (0x4)
                0x00000000000007f4                __zero_table_start__ = .
                0x00000000000007f4        0x4 LONG 0x20002184 ADDR (.TFM_BSS)
                0x00000000000007f8        0x4 LONG 0x5ab (SIZEOF (.TFM_BSS) / 0x4)
                0x00000000000007fc        0x4 LONG 0x20001c20 ADDR (.TFM_PSA_ROT_LINKER_BSS)
                0x0000000000000800        0x4 LONG 0x118 (SIZEOF (.TFM_PSA_ROT_LINKER_BSS) / 0x4)
                0x0000000000000804        0x4 LONG 0x20001c00 ADDR (.TFM_APP_ROT_LINKER_BSS)
                0x0000000000000808        0x4 LONG 0x8 (SIZEOF (.TFM_APP_ROT_LINKER_BSS) / 0x4)
                0x000000000000080c                __zero_table_end__ = .
 *startup*(.text*)
 .text.default_irq_handler
                0x000000000000080c        0xc secure_fw/CMakeFiles/tfm_s.dir/__/platform/ext/target/nordic_nrf/common/core/startup.o
                0x000000000000080c                default_irq_handler
 .text.Reset_Handler
                0x0000000000000818       0xf4 secure_fw/CMakeFiles/tfm_s.dir/__/platform/ext/target/nordic_nrf/common/core/startup.o
                0x0000000000000818                Reset_Handler
 .text.default_tfm_IRQHandler
                0x000000000000090c       0x1e secure_fw/CMakeFiles/tfm_s.dir/__/platform/ext/target/nordic_nrf/common/core/startup_nrf91.o
                0x000000000000090c                TIMER2_IRQHandler
                0x000000000000090c                DebugMon_Handler
                0x000000000000090c                RTC0_IRQHandler
                0x000000000000090c                SysTick_Handler
                0x000000000000090c                PWM1_IRQHandler
                0x000000000000090c                PendSV_Handler
                0x000000000000090c                NMI_Handler
                0x000000000000090c                PDM_IRQHandler
                0x000000000000090c                default_tfm_IRQHandler
                0x000000000000090c                IPC_IRQHandler
                0x000000000000090c                PWM3_IRQHandler
                0x000000000000090c                FPU_IRQHandler
                0x000000000000090c                EGU3_IRQHandler
                0x000000000000090c                KMU_IRQHandler
                0x000000000000090c                CRYPTOCELL_IRQHandler
                0x000000000000090c                I2S_IRQHandler
                0x000000000000090c                EGU2_IRQHandler
                0x000000000000090c                TIMER0_IRQHandler
                0x000000000000090c                EGU4_IRQHandler
                0x000000000000090c                EGU0_IRQHandler
                0x000000000000090c                GPIOTE1_IRQHandler
                0x000000000000090c                TIMER1_IRQHandler
                0x000000000000090c                PWM2_IRQHandler
                0x000000000000090c                EGU1_IRQHandler
                0x000000000000090c                EGU5_IRQHandler
                0x000000000000090c                UARTE3_SPIM3_SPIS3_TWIM3_TWIS3_IRQHandler
                0x000000000000090c                SAADC_IRQHandler
                0x000000000000090c                GPIOTE0_IRQHandler
                0x000000000000090c                WDT_IRQHandler
                0x000000000000090c                SPIM0_SPIS0_TWIM0_TWIS0_UARTE0_IRQHandler
                0x000000000000090c                SPIM2_SPIS2_TWIM2_TWIS2_UARTE2_IRQHandler
                0x000000000000090c                PWM0_IRQHandler
                0x000000000000090c                RTC1_IRQHandler
                0x000000000000090c                SPIM1_SPIS1_TWIM1_TWIS1_UARTE1_IRQHandler
                0x000000000000090c                CLOCK_POWER_IRQHandler
 *libplatform_s*:(SORT_BY_ALIGNMENT(.text*))
 *fill*         0x000000000000092a        0x2 
 .text.__NVIC_SystemReset
                0x000000000000092c       0x2c platform/libplatform_s.a(system_nrf91.o)
 .text.nrf91_errata_6
                0x0000000000000958       0x50 platform/libplatform_s.a(system_nrf91.o)
 .text.nrf91_errata_7
                0x00000000000009a8       0x50 platform/libplatform_s.a(system_nrf91.o)
 .text.nrf91_errata_14
                0x00000000000009f8       0x50 platform/libplatform_s.a(system_nrf91.o)
 .text.nrf91_errata_15
                0x0000000000000a48       0x50 platform/libplatform_s.a(system_nrf91.o)
 .text.nrf91_errata_20
                0x0000000000000a98       0x50 platform/libplatform_s.a(system_nrf91.o)
 .text.nrf91_errata_31
                0x0000000000000ae8       0x50 platform/libplatform_s.a(system_nrf91.o)
 .text.nrf91_errata_36
                0x0000000000000b38       0x60 platform/libplatform_s.a(system_nrf91.o)
 .text.nrf91_handle_approtect
                0x0000000000000b98       0x54 platform/libplatform_s.a(system_nrf91.o)
 .text.SystemInit
                0x0000000000000bec      0x20c platform/libplatform_s.a(system_nrf91.o)
                0x0000000000000bec                SystemInit
 .text.uicr_HFXOCNT_erased
                0x0000000000000df8       0x64 platform/libplatform_s.a(system_nrf91.o)
 .text.uicr_HFXOSRC_erased
                0x0000000000000e5c       0x78 platform/libplatform_s.a(system_nrf91.o)
 .text.dump_error
                0x0000000000000ed4       0x5c platform/libplatform_s.a(exception_info.o)
 .text.tfm_exception_info_get_context
                0x0000000000000f30       0x20 platform/libplatform_s.a(exception_info.o)
                0x0000000000000f30                tfm_exception_info_get_context
 .text.store_and_dump_context
                0x0000000000000f50      0x100 platform/libplatform_s.a(exception_info.o)
                0x0000000000000f50                store_and_dump_context
 .text.nrfx_critical_section_enter
                0x0000000000001050       0x20 platform/libplatform_s.a(nrfx_glue.o)
                0x0000000000001050                nrfx_critical_section_enter
 .text.nrfx_critical_section_exit
                0x0000000000001070       0x30 platform/libplatform_s.a(nrfx_glue.o)
                0x0000000000001070                nrfx_critical_section_exit
 .text.mpu_armv8m_enable
                0x00000000000010a0       0x60 platform/libplatform_s.a(mpu_armv8m_drv.o)
                0x00000000000010a0                mpu_armv8m_enable
 .text.spu_enable_interrupts
                0x0000000000001100       0x54 platform/libplatform_s.a(spu.o)
                0x0000000000001100                spu_enable_interrupts
 .text.spu_events_get
                0x0000000000001154       0x8c platform/libplatform_s.a(spu.o)
                0x0000000000001154                spu_events_get
 .text.spu_clear_events
                0x00000000000011e0       0x5c platform/libplatform_s.a(spu.o)
                0x00000000000011e0                spu_clear_events
 .text.spu_regions_reset_unlocked_secure
                0x000000000000123c       0x74 platform/libplatform_s.a(spu.o)
                0x000000000000123c                spu_regions_reset_unlocked_secure
 .text.spu_regions_flash_config
                0x00000000000012b0       0x54 platform/libplatform_s.a(spu.o)
                0x00000000000012b0                spu_regions_flash_config
 .text.spu_regions_sram_config
                0x0000000000001304       0x5c platform/libplatform_s.a(spu.o)
                0x0000000000001304                spu_regions_sram_config
 .text.spu_regions_flash_config_non_secure_callable
                0x0000000000001360       0x84 platform/libplatform_s.a(spu.o)
                0x0000000000001360                spu_regions_flash_config_non_secure_callable
 .text.spu_peripheral_config_secure
                0x00000000000013e4       0x44 platform/libplatform_s.a(spu.o)
                0x00000000000013e4                spu_peripheral_config_secure
 .text.spu_peripheral_config_non_secure
                0x0000000000001428       0x44 platform/libplatform_s.a(spu.o)
                0x0000000000001428                spu_peripheral_config_non_secure
 .text.nrf_exception_info_store_context
                0x000000000000146c       0x1c platform/libplatform_s.a(nrf_exception_info.o)
                0x000000000000146c                nrf_exception_info_store_context
 .text.nrf_exception_info_get_context
                0x0000000000001488       0x20 platform/libplatform_s.a(nrf_exception_info.o)
                0x0000000000001488                nrf_exception_info_get_context
 .text.allow_nonsecure_reset
                0x00000000000014a8       0x3c platform/libplatform_s.a(tfm_hal_platform.o)
 .text.ns_fault_service_set_handler
                0x00000000000014e4       0x2c platform/libplatform_s.a(ns_fault_service.o)
                0x00000000000014e4                ns_fault_service_set_handler
 .text.call_ns_callback
                0x0000000000001510      0x164 platform/libplatform_s.a(ns_fault_service.o)
                0x0000000000001510                call_ns_callback
 .text.ns_fault_service_call_handler
                0x0000000000001674       0x68 platform/libplatform_s.a(ns_fault_service.o)
                0x0000000000001674                ns_fault_service_call_handler
 .text.__NVIC_SystemReset
                0x00000000000016dc       0x2c platform/libplatform_s.a(tfm_platform_system.o)
 .text.tfm_platform_hal_read_service
                0x0000000000001708      0x170 platform/libplatform_s.a(tfm_platform_hal_ioctl.o)
                0x0000000000001708                tfm_platform_hal_read_service
 .text.tfm_platform_hal_write32_service
                0x0000000000001878      0x138 platform/libplatform_s.a(tfm_platform_hal_ioctl.o)
                0x0000000000001878                tfm_platform_hal_write32_service
 .text.is_empty_word
                0x00000000000019b0       0x2c platform/libplatform_s.a(system_nrf91.o)
 .text.is_return_secure_stack
                0x00000000000019dc       0x24 platform/libplatform_s.a(exception_info.o)
 .text.is_return_thread_mode
                0x0000000000001a00       0x22 platform/libplatform_s.a(exception_info.o)
 .text.is_return_psp
                0x0000000000001a22       0x74 platform/libplatform_s.a(exception_info.o)
 .text.get_exception_frame
                0x0000000000001a96       0x50 platform/libplatform_s.a(exception_info.o)
 .text.dump_exception_info
                0x0000000000001ae6       0x28 platform/libplatform_s.a(exception_info.o)
 .text.mpu_armv8m_region_enable
                0x0000000000001b0e       0xd8 platform/libplatform_s.a(mpu_armv8m_drv.o)
                0x0000000000001b0e                mpu_armv8m_region_enable
 .text.mpu_armv8m_region_disable
                0x0000000000001be6       0x46 platform/libplatform_s.a(mpu_armv8m_drv.o)
                0x0000000000001be6                mpu_armv8m_region_disable
 .text.mpu_armv8m_clean
                0x0000000000001c2c       0x3e platform/libplatform_s.a(mpu_armv8m_drv.o)
                0x0000000000001c2c                mpu_armv8m_clean
 .text.nrf_event_readback
                0x0000000000001c6a       0x16 platform/libplatform_s.a(spu.o)
 .text.nrf_event_check
                0x0000000000001c80       0x26 platform/libplatform_s.a(spu.o)
 .text.nrf_spu_event_clear
                0x0000000000001ca6       0x2a platform/libplatform_s.a(spu.o)
 .text.nrf_spu_event_check
                0x0000000000001cd0       0x20 platform/libplatform_s.a(spu.o)
 .text.nrf_spu_int_enable
                0x0000000000001cf0       0x1c platform/libplatform_s.a(spu.o)
 .text.nrf_spu_flashnsc_set
                0x0000000000001d0c       0x88 platform/libplatform_s.a(spu.o)
 .text.nrf_spu_flashregion_set
                0x0000000000001d94       0x5e platform/libplatform_s.a(spu.o)
 .text.nrf_spu_ramregion_set
                0x0000000000001df2       0x5e platform/libplatform_s.a(spu.o)
 .text.nrf_spu_peripheral_set
                0x0000000000001e50       0x80 platform/libplatform_s.a(spu.o)
 .text.spu_region_is_bootloader_region
                0x0000000000001ed0       0x1c platform/libplatform_s.a(spu.o)
 .text.spu_regions_flash_get_base_address_in_region
                0x0000000000001eec       0x16 platform/libplatform_s.a(spu.o)
                0x0000000000001eec                spu_regions_flash_get_base_address_in_region
 .text.spu_regions_flash_get_last_address_in_region
                0x0000000000001f02       0x1a platform/libplatform_s.a(spu.o)
                0x0000000000001f02                spu_regions_flash_get_last_address_in_region
 .text.spu_regions_flash_get_start_id
                0x0000000000001f1c        0xe platform/libplatform_s.a(spu.o)
                0x0000000000001f1c                spu_regions_flash_get_start_id
 .text.spu_regions_flash_get_last_id
                0x0000000000001f2a        0xe platform/libplatform_s.a(spu.o)
                0x0000000000001f2a                spu_regions_flash_get_last_id
 .text.spu_regions_flash_get_region_size
                0x0000000000001f38       0x10 platform/libplatform_s.a(spu.o)
                0x0000000000001f38                spu_regions_flash_get_region_size
 .text.spu_regions_sram_get_base_address_in_region
                0x0000000000001f48       0x1c platform/libplatform_s.a(spu.o)
                0x0000000000001f48                spu_regions_sram_get_base_address_in_region
 .text.spu_regions_sram_get_last_address_in_region
                0x0000000000001f64       0x1e platform/libplatform_s.a(spu.o)
                0x0000000000001f64                spu_regions_sram_get_last_address_in_region
 .text.spu_regions_sram_get_start_id
                0x0000000000001f82        0xe platform/libplatform_s.a(spu.o)
                0x0000000000001f82                spu_regions_sram_get_start_id
 .text.spu_regions_sram_get_last_id
                0x0000000000001f90        0xe platform/libplatform_s.a(spu.o)
                0x0000000000001f90                spu_regions_sram_get_last_id
 .text.spu_regions_sram_get_region_size
                0x0000000000001f9e       0x10 platform/libplatform_s.a(spu.o)
                0x0000000000001f9e                spu_regions_sram_get_region_size
 .text.dump_exception_info
                0x0000000000001fae       0x12 platform/libplatform_s.a(nrf_exception_info.o)
 .text.crypto_platform_init
                0x0000000000001fc0       0x26 platform/libplatform_s.a(tfm_hal_platform.o)
 .text.log_pin_security_configuration
                0x0000000000001fe6        0xc platform/libplatform_s.a(tfm_hal_platform.o)
 .text.tfm_hal_platform_init
                0x0000000000001ff2       0x38 platform/libplatform_s.a(tfm_hal_platform.o)
                0x0000000000001ff2                tfm_hal_platform_init
 .text.tfm_plat_otp_init
                0x000000000000202a        0xe platform/libplatform_s.a(dummy_otp.o)
                0x000000000000202a                tfm_plat_otp_init
 .text.tfm_hal_system_halt
                0x0000000000002038       0x10 platform/libplatform_s.a(tfm_hal_reset_halt.o)
                0x0000000000002038                tfm_hal_system_halt
 .text.tfm_plat_provisioning_is_required
                0x0000000000002048        0xe platform/libplatform_s.a(dummy_provisioning.o)
                0x0000000000002048                tfm_plat_provisioning_is_required
 .text.tfm_plat_provisioning_perform
                0x0000000000002056        0xe platform/libplatform_s.a(dummy_provisioning.o)
                0x0000000000002056                tfm_plat_provisioning_perform
 .text.tfm_plat_provisioning_check_for_dummy_keys
                0x0000000000002064        0xc platform/libplatform_s.a(dummy_provisioning.o)
                0x0000000000002064                tfm_plat_provisioning_check_for_dummy_keys
 .text.is_return_secure_stack
                0x0000000000002070       0x24 platform/libplatform_s.a(ns_fault_service.o)
 .text.tfm_platform_hal_system_reset
                0x0000000000002094        0x8 platform/libplatform_s.a(tfm_platform_system.o)
                0x0000000000002094                tfm_platform_hal_system_reset
 .text.tfm_platform_hal_ns_fault_service
                0x000000000000209c       0xac platform/libplatform_s.a(tfm_platform_system.o)
 .text.tfm_platform_hal_ioctl
                0x0000000000002148       0x54 platform/libplatform_s.a(tfm_platform_system.o)
                0x0000000000002148                tfm_platform_hal_ioctl
 .text.nrf_nvmc_word_read
                0x000000000000219c       0x16 platform/libplatform_s.a(tfm_platform_hal_ioctl.o)
 .text.nrfx_nvmc_uicr_word_read
                0x00000000000021b2       0x54 platform/libplatform_s.a(tfm_platform_hal_ioctl.o)
 *libtfm_spm*:(SORT_BY_ALIGNMENT(.text*))
 *fill*         0x0000000000002206        0x2 
 .text.tfm_core_init
                0x0000000000002208       0x80 secure_fw/spm/libtfm_spm.a(main.o)
 .text.main     0x0000000000002288       0x3c secure_fw/spm/libtfm_spm.a(main.o)
                0x0000000000002288                main
 .text.tfm_spm_get_service_by_sid
                0x00000000000022c4       0x60 secure_fw/spm/libtfm_spm.a(spm_ipc.o)
                0x00000000000022c4                tfm_spm_get_service_by_sid
 .text.tfm_spm_check_authorization
                0x0000000000002324       0x98 secure_fw/spm/libtfm_spm.a(spm_ipc.o)
                0x0000000000002324                tfm_spm_check_authorization
 .text.spm_get_idle_connection
                0x00000000000023bc       0xdc secure_fw/spm/libtfm_spm.a(spm_ipc.o)
                0x00000000000023bc                spm_get_idle_connection
 .text.spm_init_idle_connection
                0x0000000000002498       0x5c secure_fw/spm/libtfm_spm.a(spm_ipc.o)
                0x0000000000002498                spm_init_idle_connection
 .text.tfm_spm_partition_get_running_partition_id
                0x00000000000024f4       0x34 secure_fw/spm/libtfm_spm.a(spm_ipc.o)
                0x00000000000024f4                tfm_spm_partition_get_running_partition_id
 .text.tfm_spm_is_ns_caller
                0x0000000000002528       0x38 secure_fw/spm/libtfm_spm.a(spm_ipc.o)
                0x0000000000002528                tfm_spm_is_ns_caller
 .text.tfm_spm_init
                0x0000000000002560       0x84 secure_fw/spm/libtfm_spm.a(spm_ipc.o)
                0x0000000000002560                tfm_spm_init
 .text.tfm_allocate_partition_assuredly
                0x00000000000025e4       0x38 secure_fw/spm/libtfm_spm.a(rom_loader.o)
 .text.tfm_allocate_service_assuredly
                0x000000000000261c       0x50 secure_fw/spm/libtfm_spm.a(rom_loader.o)
 .text.load_a_partition_assuredly
                0x000000000000266c      0x1a8 secure_fw/spm/libtfm_spm.a(rom_loader.o)
                0x000000000000266c                load_a_partition_assuredly
 .text.spm_associate_call_params
                0x0000000000002814      0x2f0 secure_fw/spm/libtfm_spm.a(psa_call_api.o)
                0x0000000000002814                spm_associate_call_params
 .text.tfm_spm_partition_psa_read
                0x0000000000002b04       0xe0 secure_fw/spm/libtfm_spm.a(psa_read_write_skip_api.o)
                0x0000000000002b04                tfm_spm_partition_psa_read
 .text.tfm_spm_partition_psa_write
                0x0000000000002be4       0xd4 secure_fw/spm/libtfm_spm.a(psa_read_write_skip_api.o)
                0x0000000000002be4                tfm_spm_partition_psa_write
 .text.arch_seal_thread_stack
                0x0000000000002cb8       0x3c secure_fw/spm/libtfm_spm.a(backend_sfn.o)
 .text.backend_messaging
                0x0000000000002cf4       0x9c secure_fw/spm/libtfm_spm.a(backend_sfn.o)
                0x0000000000002cf4                backend_messaging
 .text.backend_replying
                0x0000000000002d90       0x24 secure_fw/spm/libtfm_spm.a(backend_sfn.o)
                0x0000000000002d90                backend_replying
 .text.spm_init_function
                0x0000000000002db4       0x84 secure_fw/spm/libtfm_spm.a(backend_sfn.o)
 .text.backend_init_comp_assuredly
                0x0000000000002e38       0x5c secure_fw/spm/libtfm_spm.a(backend_sfn.o)
                0x0000000000002e38                backend_init_comp_assuredly
 .text.backend_system_run
                0x0000000000002e94       0x84 secure_fw/spm/libtfm_spm.a(backend_sfn.o)
                0x0000000000002e94                backend_system_run
 .text.tz_ns_agent_register_client_id_range
                0x0000000000002f18       0x24 secure_fw/spm/libtfm_spm.a(tfm_spm_ns_ctx.o)
                0x0000000000002f18                tz_ns_agent_register_client_id_range
 .text.tz_ns_agent_client_id_translate
                0x0000000000002f3c       0x64 secure_fw/spm/libtfm_spm.a(tfm_spm_ns_ctx.o)
 .text.tfm_nspm_ctx_init
                0x0000000000002fa0       0x2c secure_fw/spm/libtfm_spm.a(tfm_spm_ns_ctx.o)
                0x0000000000002fa0                tfm_nspm_ctx_init
 .text.__NVIC_SetPriority
                0x0000000000002fcc       0x54 secure_fw/spm/libtfm_spm.a(tfm_arch_v8m_main.o)
 .text.SVC_Handler
                0x0000000000003020       0x6c secure_fw/spm/libtfm_spm.a(tfm_arch_v8m_main.o)
                0x0000000000003020                SVC_Handler
 .text.tfm_arch_set_secure_exception_priorities
                0x000000000000308c       0x68 secure_fw/spm/libtfm_spm.a(tfm_arch_v8m_main.o)
                0x000000000000308c                tfm_arch_set_secure_exception_priorities
 .text.ns_agent_tz_main
                0x00000000000030f4       0x30 secure_fw/spm/libtfm_spm.a(ns_agent_tz_v80m.o)
                0x00000000000030f4                ns_agent_tz_main
 .text.tfm_hal_bind_boundary
                0x0000000000003124      0x190 secure_fw/spm/libtfm_spm.a(tfm_hal_isolation.o)
                0x0000000000003124                tfm_hal_bind_boundary
 .text.mpu_init_cfg
                0x00000000000032b4      0x140 secure_fw/spm/libtfm_spm.a(tfm_hal_isolation.o)
                0x00000000000032b4                mpu_init_cfg
 .text.tfm_hal_get_ns_VTOR
                0x00000000000033f4       0x14 secure_fw/spm/libtfm_spm.a(tfm_hal_platform_common.o)
                0x00000000000033f4                tfm_hal_get_ns_VTOR
 .text.tfm_hal_get_ns_MSP
                0x0000000000003408       0x18 secure_fw/spm/libtfm_spm.a(tfm_hal_platform_common.o)
                0x0000000000003408                tfm_hal_get_ns_MSP
 .text.tfm_hal_get_ns_entry_point
                0x0000000000003420       0x18 secure_fw/spm/libtfm_spm.a(tfm_hal_platform_common.o)
                0x0000000000003420                tfm_hal_get_ns_entry_point
 .text.__NVIC_ClearPendingIRQ
                0x0000000000003438       0x3c secure_fw/spm/libtfm_spm.a(faults.o)
 .text.SPU_Handler
                0x0000000000003474       0x2c secure_fw/spm/libtfm_spm.a(faults.o)
                0x0000000000003474                SPU_Handler
 .text.__NVIC_EnableIRQ
                0x00000000000034a0       0x38 secure_fw/spm/libtfm_spm.a(target_cfg.o)
 .text.__NVIC_ClearPendingIRQ
                0x00000000000034d8       0x3c secure_fw/spm/libtfm_spm.a(target_cfg.o)
 .text.NVIC_ClearTargetState
                0x0000000000003514       0x6c secure_fw/spm/libtfm_spm.a(target_cfg.o)
 .text.__NVIC_SetPriority
                0x0000000000003580       0x54 secure_fw/spm/libtfm_spm.a(target_cfg.o)
 .text.TZ_SAU_Disable
                0x00000000000035d4       0x1c secure_fw/spm/libtfm_spm.a(target_cfg.o)
 .text.nrfx_nvmc_icache_enable
                0x00000000000035f0       0x18 secure_fw/spm/libtfm_spm.a(target_cfg.o)
 .text.enable_fault_handlers
                0x0000000000003608       0x24 secure_fw/spm/libtfm_spm.a(target_cfg.o)
                0x0000000000003608                enable_fault_handlers
 .text.system_reset_cfg
                0x000000000000362c       0x34 secure_fw/spm/libtfm_spm.a(target_cfg.o)
                0x000000000000362c                system_reset_cfg
 .text.nvic_interrupt_target_state_cfg
                0x0000000000003660       0x5c secure_fw/spm/libtfm_spm.a(target_cfg.o)
                0x0000000000003660                nvic_interrupt_target_state_cfg
 .text.nvic_interrupt_enable
                0x00000000000036bc       0x50 secure_fw/spm/libtfm_spm.a(target_cfg.o)
                0x00000000000036bc                nvic_interrupt_enable
 .text.sau_and_idau_cfg
                0x000000000000370c       0x1c secure_fw/spm/libtfm_spm.a(target_cfg.o)
                0x000000000000370c                sau_and_idau_cfg
 .text.spu_init_cfg
                0x0000000000003728       0xf4 secure_fw/spm/libtfm_spm.a(target_cfg.o)
                0x0000000000003728                spu_init_cfg
 .text.dppi_channel_configuration
                0x000000000000381c       0x24 secure_fw/spm/libtfm_spm.a(target_cfg.o)
 .text.spu_periph_init_cfg
                0x0000000000003840       0x7c secure_fw/spm/libtfm_spm.a(target_cfg.o)
                0x0000000000003840                spu_periph_init_cfg
 .text.tfm_core_check_boot_data_access_policy
                0x00000000000038bc       0x58 secure_fw/spm/libtfm_spm.a(tfm_boot_data.o)
 .text.tfm_core_validate_boot_data
                0x0000000000003914       0x18 secure_fw/spm/libtfm_spm.a(tfm_boot_data.o)
                0x0000000000003914                tfm_core_validate_boot_data
 .text.tfm_core_get_boot_data_handler
                0x000000000000392c       0xac secure_fw/spm/libtfm_spm.a(tfm_boot_data.o)
                0x000000000000392c                tfm_core_get_boot_data_handler
 .text.tfm_arch_check_msp_sealing
                0x00000000000039d8       0x28 secure_fw/spm/libtfm_spm.a(tfm_svcalls.o)
 .text.handle_spm_svc_requests
                0x0000000000003a00       0x50 secure_fw/spm/libtfm_spm.a(tfm_svcalls.o)
 .text.tfm_core_panic
                0x0000000000003a50        0xc secure_fw/spm/libtfm_spm.a(utilities.o)
                0x0000000000003a50                tfm_core_panic
 .text.tfm_arch_set_msplim
                0x0000000000003a5c       0x1e secure_fw/spm/libtfm_spm.a(main.o)
 .text.__save_disable_irq
                0x0000000000003a7a       0x1a secure_fw/spm/libtfm_spm.a(spm_ipc.o)
 .text.__restore_irq
                0x0000000000003a94       0x18 secure_fw/spm/libtfm_spm.a(spm_ipc.o)
 .text.tfm_spm_check_client_version
                0x0000000000003aac       0x64 secure_fw/spm/libtfm_spm.a(spm_ipc.o)
                0x0000000000003aac                tfm_spm_check_client_version
 .text.spm_msg_handle_to_connection
                0x0000000000003b10       0x44 secure_fw/spm/libtfm_spm.a(spm_ipc.o)
                0x0000000000003b10                spm_msg_handle_to_connection
 .text.tfm_spm_get_client_id
                0x0000000000003b54       0x38 secure_fw/spm/libtfm_spm.a(spm_ipc.o)
                0x0000000000003b54                tfm_spm_get_client_id
 .text.update_caller_outvec_len
                0x0000000000003b8c       0x70 secure_fw/spm/libtfm_spm.a(spm_ipc.o)
                0x0000000000003b8c                update_caller_outvec_len
 .text.load_services_assuredly
                0x0000000000003bfc      0x148 secure_fw/spm/libtfm_spm.a(rom_loader.o)
                0x0000000000003bfc                load_services_assuredly
 .text.load_irqs_assuredly
                0x0000000000003d44       0x12 secure_fw/spm/libtfm_spm.a(rom_loader.o)
                0x0000000000003d44                load_irqs_assuredly
 .text.__save_disable_irq
                0x0000000000003d56       0x1a secure_fw/spm/libtfm_spm.a(psa_api.o)
 .text.__restore_irq
                0x0000000000003d70       0x18 secure_fw/spm/libtfm_spm.a(psa_api.o)
 .text.spm_handle_programmer_errors
                0x0000000000003d88       0x34 secure_fw/spm/libtfm_spm.a(psa_api.o)
                0x0000000000003d88                spm_handle_programmer_errors
 .text.tfm_spm_partition_psa_reply
                0x0000000000003dbc       0xfe secure_fw/spm/libtfm_spm.a(psa_api.o)
                0x0000000000003dbc                tfm_spm_partition_psa_reply
 .text.tfm_spm_partition_psa_panic
                0x0000000000003eba       0x10 secure_fw/spm/libtfm_spm.a(psa_api.o)
                0x0000000000003eba                tfm_spm_partition_psa_panic
 .text.tfm_spm_client_psa_call
                0x0000000000003eca       0x76 secure_fw/spm/libtfm_spm.a(psa_call_api.o)
                0x0000000000003eca                tfm_spm_client_psa_call
 .text.tfm_spm_client_psa_framework_version
                0x0000000000003f40       0x10 secure_fw/spm/libtfm_spm.a(psa_version_api.o)
                0x0000000000003f40                tfm_spm_client_psa_framework_version
 .text.tfm_spm_client_psa_version
                0x0000000000003f50       0x46 secure_fw/spm/libtfm_spm.a(psa_version_api.o)
                0x0000000000003f50                tfm_spm_client_psa_version
 .text.arch_update_process_sp
                0x0000000000003f96       0x32 secure_fw/spm/libtfm_spm.a(backend_sfn.o)
 .text.tfm_nspm_get_current_client_id
                0x0000000000003fc8       0x2a secure_fw/spm/libtfm_spm.a(tfm_spm_ns_ctx.o)
                0x0000000000003fc8                tfm_nspm_get_current_client_id
 .text.tfm_arch_get_psplim
                0x0000000000003ff2       0x18 secure_fw/spm/libtfm_spm.a(spm_local_connection.o)
 .text.tfm_arch_set_psplim
                0x000000000000400a       0x1e secure_fw/spm/libtfm_spm.a(spm_local_connection.o)
 .text.alloc_conn_from_stack_top
                0x0000000000004028       0x20 secure_fw/spm/libtfm_spm.a(spm_local_connection.o)
 .text.free_conn_from_stack_top
                0x0000000000004048       0x1e secure_fw/spm/libtfm_spm.a(spm_local_connection.o)
 .text.connection_to_handle
                0x0000000000004066       0x16 secure_fw/spm/libtfm_spm.a(spm_local_connection.o)
                0x0000000000004066                connection_to_handle
 .text.handle_to_connection
                0x000000000000407c       0x28 secure_fw/spm/libtfm_spm.a(spm_local_connection.o)
                0x000000000000407c                handle_to_connection
 .text.spm_init_connection_space
                0x00000000000040a4        0xc secure_fw/spm/libtfm_spm.a(spm_local_connection.o)
                0x00000000000040a4                spm_init_connection_space
 .text.spm_allocate_connection
                0x00000000000040b0        0xe secure_fw/spm/libtfm_spm.a(spm_local_connection.o)
                0x00000000000040b0                spm_allocate_connection
 .text.spm_validate_connection
                0x00000000000040be       0x14 secure_fw/spm/libtfm_spm.a(spm_local_connection.o)
                0x00000000000040be                spm_validate_connection
 .text.spm_free_connection
                0x00000000000040d2       0x14 secure_fw/spm/libtfm_spm.a(spm_local_connection.o)
                0x00000000000040d2                spm_free_connection
 .text.tfm_arch_config_extensions
                0x00000000000040e6        0xc secure_fw/spm/libtfm_spm.a(tfm_arch_v8m_main.o)
                0x00000000000040e6                tfm_arch_config_extensions
 .text.tfm_hal_set_up_static_boundaries
                0x00000000000040f2       0x4c secure_fw/spm/libtfm_spm.a(tfm_hal_isolation.o)
                0x00000000000040f2                tfm_hal_set_up_static_boundaries
 .text.accessible_to_region
                0x000000000000413e      0x196 secure_fw/spm/libtfm_spm.a(tfm_hal_isolation.o)
 .text.tfm_hal_memory_check
                0x00000000000042d4      0x142 secure_fw/spm/libtfm_spm.a(tfm_hal_isolation.o)
                0x00000000000042d4                tfm_hal_memory_check
 .text.tfm_hal_platform_common_init
                0x0000000000004416       0x74 secure_fw/spm/libtfm_spm.a(tfm_hal_platform_common.o)
                0x0000000000004416                tfm_hal_platform_common_init
 .text.SPU_IRQHandler
                0x000000000000448a       0x1e secure_fw/spm/libtfm_spm.a(faults.o)
                0x000000000000448a                SPU_IRQHandler
 .text.nrf_spu_dppi_config_set
                0x00000000000044a8       0x54 secure_fw/spm/libtfm_spm.a(target_cfg.o)
 .text.nrf_spu_gpio_config_set
                0x00000000000044fc       0x54 secure_fw/spm/libtfm_spm.a(target_cfg.o)
 .text.nrf_spu_extdomain_set
                0x0000000000004550       0x60 secure_fw/spm/libtfm_spm.a(target_cfg.o)
 .text.nrf_nvmc_icache_config_set
                0x00000000000045b0       0x40 secure_fw/spm/libtfm_spm.a(target_cfg.o)
 .text.init_debug
                0x00000000000045f0        0xe secure_fw/spm/libtfm_spm.a(target_cfg.o)
                0x00000000000045f0                init_debug
 .text.tfm_arch_free_msp_and_exc_ret
                0x00000000000045fe        0xa secure_fw/spm/libtfm_spm.a(tfm_arch.o)
                0x00000000000045fe                tfm_arch_free_msp_and_exc_ret
 .text.arch_clean_stack_and_launch
                0x0000000000004608       0x1a secure_fw/spm/libtfm_spm.a(tfm_arch.o)
                0x0000000000004608                arch_clean_stack_and_launch
 .text.is_return_secure_stack
                0x0000000000004622       0x24 secure_fw/spm/libtfm_spm.a(tfm_svcalls.o)
 .text.is_default_stacking_rules_apply
                0x0000000000004646       0x24 secure_fw/spm/libtfm_spm.a(tfm_svcalls.o)
 .text.spm_svc_handler
                0x000000000000466a       0xba secure_fw/spm/libtfm_spm.a(tfm_svcalls.o)
                0x000000000000466a                spm_svc_handler
 *libplatform_s*:*(.rodata*)
 .rodata.ranges
                0x0000000000004724       0x20 platform/libplatform_s.a(tfm_platform_hal_ioctl.o)
 .rodata.tfm_write32_service_addresses
                0x0000000000004744       0x10 platform/libplatform_s.a(tfm_platform_hal_ioctl.o)
 *libtfm_spm*:*(.rodata*)
 .rodata.partition_named_mmio_list
                0x0000000000004754        0x4 secure_fw/spm/libtfm_spm.a(tfm_hal_isolation.o)
                0x0000000000004754                partition_named_mmio_list
 .rodata.memory_regions
                0x0000000000004758       0x1c secure_fw/spm/libtfm_spm.a(target_cfg.o)
                0x0000000000004758                memory_regions
 .rodata.target_peripherals.0
                0x0000000000004774       0x78 secure_fw/spm/libtfm_spm.a(target_cfg.o)
 .rodata.access_policy_table
                0x00000000000047ec        0x8 secure_fw/spm/libtfm_spm.a(tfm_boot_data.o)

.glue_7         0x00000000000047f4        0x0
 .glue_7        0x00000000000047f4        0x0 linker stubs

.glue_7t        0x00000000000047f4        0x0
 .glue_7t       0x00000000000047f4        0x0 linker stubs

.vfp11_veneer   0x00000000000047f4        0x0
 .vfp11_veneer  0x00000000000047f4        0x0 linker stubs

.v4_bx          0x00000000000047f4        0x0
 .v4_bx         0x00000000000047f4        0x0 linker stubs

.iplt           0x00000000000047f4        0x0
 .iplt          0x00000000000047f4        0x0 c:/ncs/toolchains/b620d30767/opt/zephyr-sdk/arm-zephyr-eabi/bin/../lib/gcc/arm-zephyr-eabi/12.2.0/thumb/v8-m.main/nofp/crtbegin.o

.TFM_UNPRIV_CODE
                0x0000000000004800     0x2a60
 *(SORT_BY_ALIGNMENT(.text*))
 .text          0x0000000000004800       0x88 c:/ncs/toolchains/b620d30767/opt/zephyr-sdk/arm-zephyr-eabi/bin/../lib/gcc/arm-zephyr-eabi/12.2.0/thumb/v8-m.main/nofp/crtbegin.o
 .text          0x0000000000004888       0x7c c:/ncs/toolchains/b620d30767/opt/zephyr-sdk/arm-zephyr-eabi/bin/../lib/gcc/arm-zephyr-eabi/12.2.0/../../../../arm-zephyr-eabi/lib/thumb/v8-m.main/nofp/crt0.o
                0x0000000000004888                _stack_init
                0x0000000000004890                _start
                0x0000000000004890                _mainCRTStartup
 .text.tfm_psa_framework_version_veneer
                0x0000000000004904       0x28 secure_fw/CMakeFiles/tfm_s.dir/partitions/ns_agent_tz/psa_api_veneers_v80m.o
                0x0000000000004904                __acle_se_tfm_psa_framework_version_veneer
 .text.tfm_psa_version_veneer
                0x000000000000492c       0x28 secure_fw/CMakeFiles/tfm_s.dir/partitions/ns_agent_tz/psa_api_veneers_v80m.o
                0x000000000000492c                __acle_se_tfm_psa_version_veneer
 .text.tfm_psa_call_veneer
                0x0000000000004954       0x30 secure_fw/CMakeFiles/tfm_s.dir/partitions/ns_agent_tz/psa_api_veneers_v80m.o
                0x0000000000004954                __acle_se_tfm_psa_call_veneer
 .text.tfm_psa_connect_veneer
                0x0000000000004984       0x20 secure_fw/CMakeFiles/tfm_s.dir/partitions/ns_agent_tz/psa_api_veneers_v80m.o
                0x0000000000004984                __acle_se_tfm_psa_connect_veneer
 .text.tfm_psa_close_veneer
                0x00000000000049a4       0x14 secure_fw/CMakeFiles/tfm_s.dir/partitions/ns_agent_tz/psa_api_veneers_v80m.o
                0x00000000000049a4                __acle_se_tfm_psa_close_veneer
 .text.tfm_psa_call_pack
                0x00000000000049b8       0x70 secure_fw/partitions/lib/runtime/libtfm_sprt.a(psa_interface_sfn.o)
                0x00000000000049b8                tfm_psa_call_pack
 .text.verify_header
                0x0000000000004a28       0x44 secure_fw/partitions/crypto/mbedcrypto/nrf_security_src/libcrypto_service_mbedcrypto.a(memory_buffer_alloc.o)
 .text.verify_chain
                0x0000000000004a6c       0x68 secure_fw/partitions/crypto/mbedcrypto/nrf_security_src/libcrypto_service_mbedcrypto.a(memory_buffer_alloc.o)
 .text.buffer_alloc_free
                0x0000000000004ad4       0xe8 secure_fw/partitions/crypto/mbedcrypto/nrf_security_src/libcrypto_service_mbedcrypto.a(memory_buffer_alloc.o)
 .text.buffer_alloc_calloc
                0x0000000000004bbc      0x10c secure_fw/partitions/crypto/mbedcrypto/nrf_security_src/libcrypto_service_mbedcrypto.a(memory_buffer_alloc.o)
 .text.mbedtls_memory_buffer_alloc_init
                0x0000000000004cc8       0x64 secure_fw/partitions/crypto/mbedcrypto/nrf_security_src/libcrypto_service_mbedcrypto.a(memory_buffer_alloc.o)
                0x0000000000004cc8                mbedtls_memory_buffer_alloc_init
 .text.platform_calloc_uninit
                0x0000000000004d2c        0x4 secure_fw/partitions/crypto/mbedcrypto/nrf_security_src/core/nrf_oberon/liboberon_psa_core.a(platform.o)
 .text.platform_free_uninit
                0x0000000000004d30        0x4 secure_fw/partitions/crypto/mbedcrypto/nrf_security_src/core/nrf_oberon/liboberon_psa_core.a(platform.o)
 .text.mbedtls_free
                0x0000000000004d34        0xc secure_fw/partitions/crypto/mbedcrypto/nrf_security_src/core/nrf_oberon/liboberon_psa_core.a(platform.o)
                0x0000000000004d34                mbedtls_free
 .text.mbedtls_platform_set_calloc_free
                0x0000000000004d40       0x1c secure_fw/partitions/crypto/mbedcrypto/nrf_security_src/core/nrf_oberon/liboberon_psa_core.a(platform.o)
                0x0000000000004d40                mbedtls_platform_set_calloc_free
 .text.mbedtls_platform_zeroize
                0x0000000000004d5c       0x18 secure_fw/partitions/crypto/mbedcrypto/nrf_security_src/core/nrf_oberon/liboberon_psa_core.a(platform_util.o)
                0x0000000000004d5c                mbedtls_platform_zeroize
 .text.mbedtls_zeroize_and_free
                0x0000000000004d74       0x20 secure_fw/partitions/crypto/mbedcrypto/nrf_security_src/core/nrf_oberon/liboberon_psa_core.a(platform_util.o)
                0x0000000000004d74                mbedtls_zeroize_and_free
 .text.psa_wipe_key_slot
                0x0000000000004d94       0x50 secure_fw/partitions/crypto/mbedcrypto/nrf_security_src/core/nrf_oberon/liboberon_psa_core.a(psa_crypto.o)
                0x0000000000004d94                psa_wipe_key_slot
 .text.mbedcrypto__psa_generate_random
                0x0000000000004de4       0x24 secure_fw/partitions/crypto/mbedcrypto/nrf_security_src/core/nrf_oberon/liboberon_psa_core.a(psa_crypto.o)
                0x0000000000004de4                mbedcrypto__psa_generate_random
 .text.mbedtls_psa_crypto_free
                0x0000000000004e08       0x58 secure_fw/partitions/crypto/mbedcrypto/nrf_security_src/core/nrf_oberon/liboberon_psa_core.a(psa_crypto.o)
                0x0000000000004e08                mbedtls_psa_crypto_free
 .text.mbedcrypto__psa_crypto_init
                0x0000000000004e60       0x84 secure_fw/partitions/crypto/mbedcrypto/nrf_security_src/core/nrf_oberon/liboberon_psa_core.a(psa_crypto.o)
                0x0000000000004e60                mbedcrypto__psa_crypto_init
 .text.psa_initialize_key_slots
                0x0000000000004ee4       0x10 secure_fw/partitions/crypto/mbedcrypto/nrf_security_src/core/nrf_oberon/liboberon_psa_core.a(psa_crypto_slot_management.o)
                0x0000000000004ee4                psa_initialize_key_slots
 .text.psa_wipe_all_key_slots
                0x0000000000004ef4       0x30 secure_fw/partitions/crypto/mbedcrypto/nrf_security_src/core/nrf_oberon/liboberon_psa_core.a(psa_crypto_slot_management.o)
                0x0000000000004ef4                psa_wipe_all_key_slots
 .text.psa_driver_wrapper_init
                0x0000000000004f24        0x4 secure_fw/partitions/crypto/mbedcrypto/nrf_security_src/core/nrf_oberon/liboberon_psa_core.a(psa_crypto_driver_wrappers.o)
                0x0000000000004f24                psa_driver_wrapper_init
 .text.psa_driver_wrapper_free
                0x0000000000004f28        0x4 secure_fw/partitions/crypto/mbedcrypto/nrf_security_src/core/nrf_oberon/liboberon_psa_core.a(psa_crypto_driver_wrappers.o)
                0x0000000000004f28                psa_driver_wrapper_free
 .text.psa_driver_wrapper_init_random
                0x0000000000004f2c        0x4 secure_fw/partitions/crypto/mbedcrypto/nrf_security_src/core/nrf_oberon/liboberon_psa_core.a(psa_crypto_driver_wrappers.o)
                0x0000000000004f2c                psa_driver_wrapper_init_random
 .text.psa_driver_wrapper_get_random
                0x0000000000004f30       0x24 secure_fw/partitions/crypto/mbedcrypto/nrf_security_src/core/nrf_oberon/liboberon_psa_core.a(psa_crypto_driver_wrappers.o)
                0x0000000000004f30                psa_driver_wrapper_get_random
 .text.psa_driver_wrapper_free_random
                0x0000000000004f54        0x4 secure_fw/partitions/crypto/mbedcrypto/nrf_security_src/core/nrf_oberon/liboberon_psa_core.a(psa_crypto_driver_wrappers.o)
                0x0000000000004f54                psa_driver_wrapper_free_random
 .text.nrf_cc3xx_platform_init_hmac_drbg
                0x0000000000004f58       0x44 C:/ncs/v2.9.0/nrfxlib/crypto/nrf_cc310_platform/lib/cortex-m33/soft-float/no-interrupts/libnrf_cc310_platform_0.9.19.a(nrf_cc3xx_platform.c.obj)
                0x0000000000004f58                nrf_cc3xx_platform_init_hmac_drbg
 .text.nrf_cc3xx_platform_hmac_drbg_init
                0x0000000000004f9c       0x60 C:/ncs/v2.9.0/nrfxlib/crypto/nrf_cc310_platform/lib/cortex-m33/soft-float/no-interrupts/libnrf_cc310_platform_0.9.19.a(nrf_cc3xx_platform_hmac_drbg.c.obj)
                0x0000000000004f9c                nrf_cc3xx_platform_hmac_drbg_init
 .text.nrf_cc3xx_platform_hmac_drbg_get
                0x0000000000004ffc       0x44 C:/ncs/v2.9.0/nrfxlib/crypto/nrf_cc310_platform/lib/cortex-m33/soft-float/no-interrupts/libnrf_cc310_platform_0.9.19.a(nrf_cc3xx_platform_hmac_drbg.c.obj)
                0x0000000000004ffc                nrf_cc3xx_platform_hmac_drbg_get
 .text.mbedtls_zeroize_internal
                0x0000000000005040       0x14 C:/ncs/v2.9.0/nrfxlib/crypto/nrf_cc310_platform/lib/cortex-m33/soft-float/no-interrupts/libnrf_cc310_platform_0.9.19.a(mbedtls_common.c.obj)
                0x0000000000005040                mbedtls_zeroize_internal
 .text.cc_mbedtls_platform_zeroize
                0x0000000000005054       0x14 C:/ncs/v2.9.0/nrfxlib/crypto/nrf_cc310_platform/lib/cortex-m33/soft-float/no-interrupts/libnrf_cc310_platform_0.9.19.a(mbedtls_common.c.obj)
                0x0000000000005054                cc_mbedtls_platform_zeroize
 .text.entropy_update
                0x0000000000005068       0x7c C:/ncs/v2.9.0/nrfxlib/crypto/nrf_cc310_platform/lib/cortex-m33/soft-float/no-interrupts/libnrf_cc310_platform_0.9.19.a(custom_entropy.c.obj)
 .text.entropy_gather_internal.part.0
                0x00000000000050e4       0x88 C:/ncs/v2.9.0/nrfxlib/crypto/nrf_cc310_platform/lib/cortex-m33/soft-float/no-interrupts/libnrf_cc310_platform_0.9.19.a(custom_entropy.c.obj)
 .text.cc_mbedtls_entropy_init
                0x000000000000516c       0x84 C:/ncs/v2.9.0/nrfxlib/crypto/nrf_cc310_platform/lib/cortex-m33/soft-float/no-interrupts/libnrf_cc310_platform_0.9.19.a(custom_entropy.c.obj)
                0x000000000000516c                cc_mbedtls_entropy_init
 .text.cc_mbedtls_entropy_func
                0x00000000000051f0      0x110 C:/ncs/v2.9.0/nrfxlib/crypto/nrf_cc310_platform/lib/cortex-m33/soft-float/no-interrupts/libnrf_cc310_platform_0.9.19.a(custom_entropy.c.obj)
                0x00000000000051f0                cc_mbedtls_entropy_func
 .text.cc_hmac_sha256_starts.constprop.0
                0x0000000000005300      0x108 C:/ncs/v2.9.0/nrfxlib/crypto/nrf_cc310_platform/lib/cortex-m33/soft-float/no-interrupts/libnrf_cc310_platform_0.9.19.a(hmac_drbg_alt.c.obj)
 .text.cc_mbedtls_hmac_drbg_init
                0x0000000000005408       0x28 C:/ncs/v2.9.0/nrfxlib/crypto/nrf_cc310_platform/lib/cortex-m33/soft-float/no-interrupts/libnrf_cc310_platform_0.9.19.a(hmac_drbg_alt.c.obj)
                0x0000000000005408                cc_mbedtls_hmac_drbg_init
 .text.cc_mbedtls_hmac_drbg_update
                0x0000000000005430      0x170 C:/ncs/v2.9.0/nrfxlib/crypto/nrf_cc310_platform/lib/cortex-m33/soft-float/no-interrupts/libnrf_cc310_platform_0.9.19.a(hmac_drbg_alt.c.obj)
                0x0000000000005430                cc_mbedtls_hmac_drbg_update
 .text.cc_hmac_drbg_reseed_core
                0x00000000000055a0       0xac C:/ncs/v2.9.0/nrfxlib/crypto/nrf_cc310_platform/lib/cortex-m33/soft-float/no-interrupts/libnrf_cc310_platform_0.9.19.a(hmac_drbg_alt.c.obj)
 .text.cc_mbedtls_hmac_drbg_seed
                0x000000000000564c       0x54 C:/ncs/v2.9.0/nrfxlib/crypto/nrf_cc310_platform/lib/cortex-m33/soft-float/no-interrupts/libnrf_cc310_platform_0.9.19.a(hmac_drbg_alt.c.obj)
                0x000000000000564c                cc_mbedtls_hmac_drbg_seed
 .text.cc_mbedtls_hmac_drbg_random_with_add
                0x00000000000056a0      0x144 C:/ncs/v2.9.0/nrfxlib/crypto/nrf_cc310_platform/lib/cortex-m33/soft-float/no-interrupts/libnrf_cc310_platform_0.9.19.a(hmac_drbg_alt.c.obj)
                0x00000000000056a0                cc_mbedtls_hmac_drbg_random_with_add
 .text.RndStartupTest.constprop.0
                0x00000000000057e4       0x98 C:/ncs/v2.9.0/nrfxlib/crypto/nrf_cc310_platform/lib/cortex-m33/soft-float/no-interrupts/libnrf_cc310_platform_0.9.19.a(cc_lib.c.obj)
 .text.CC_LibInit_HMAC_DRBG
                0x000000000000587c       0xc0 C:/ncs/v2.9.0/nrfxlib/crypto/nrf_cc310_platform/lib/cortex-m33/soft-float/no-interrupts/libnrf_cc310_platform_0.9.19.a(cc_lib.c.obj)
                0x000000000000587c                CC_LibInit_HMAC_DRBG
 .text.CC_HalInit
                0x000000000000593c        0x4 C:/ncs/v2.9.0/nrfxlib/crypto/nrf_cc310_platform/lib/cortex-m33/soft-float/no-interrupts/libnrf_cc310_platform_0.9.19.a(cc_hal.c.obj)
                0x000000000000593c                CC_HalInit
 .text.CC_HalTerminate
                0x0000000000005940        0x4 C:/ncs/v2.9.0/nrfxlib/crypto/nrf_cc310_platform/lib/cortex-m33/soft-float/no-interrupts/libnrf_cc310_platform_0.9.19.a(cc_hal.c.obj)
                0x0000000000005940                CC_HalTerminate
 .text.CC_HalClearInterruptBit
                0x0000000000005944       0x1c C:/ncs/v2.9.0/nrfxlib/crypto/nrf_cc310_platform/lib/cortex-m33/soft-float/no-interrupts/libnrf_cc310_platform_0.9.19.a(cc_hal.c.obj)
                0x0000000000005944                CC_HalClearInterruptBit
 .text.CC_HalMaskInterrupt
                0x0000000000005960        0xc C:/ncs/v2.9.0/nrfxlib/crypto/nrf_cc310_platform/lib/cortex-m33/soft-float/no-interrupts/libnrf_cc310_platform_0.9.19.a(cc_hal.c.obj)
                0x0000000000005960                CC_HalMaskInterrupt
 .text.CC_HalWaitInterrupt
                0x000000000000596c        0xc C:/ncs/v2.9.0/nrfxlib/crypto/nrf_cc310_platform/lib/cortex-m33/soft-float/no-interrupts/libnrf_cc310_platform_0.9.19.a(cc_hal.c.obj)
                0x000000000000596c                CC_HalWaitInterrupt
 .text.CC_HalWaitInterruptRND
                0x0000000000005978        0xc C:/ncs/v2.9.0/nrfxlib/crypto/nrf_cc310_platform/lib/cortex-m33/soft-float/no-interrupts/libnrf_cc310_platform_0.9.19.a(cc_hal.c.obj)
                0x0000000000005978                CC_HalWaitInterruptRND
 .text.CC_PalInit
                0x0000000000005984       0x5c C:/ncs/v2.9.0/nrfxlib/crypto/nrf_cc310_platform/lib/cortex-m33/soft-float/no-interrupts/libnrf_cc310_platform_0.9.19.a(cc_pal.c.obj)
                0x0000000000005984                CC_PalInit
 .text.CC_PalTerminate
                0x00000000000059e0       0x34 C:/ncs/v2.9.0/nrfxlib/crypto/nrf_cc310_platform/lib/cortex-m33/soft-float/no-interrupts/libnrf_cc310_platform_0.9.19.a(cc_pal.c.obj)
                0x00000000000059e0                CC_PalTerminate
 .text.CC_PalDmaInit
                0x0000000000005a14        0x4 C:/ncs/v2.9.0/nrfxlib/crypto/nrf_cc310_platform/lib/cortex-m33/soft-float/no-interrupts/libnrf_cc310_platform_0.9.19.a(cc_pal_dma.c.obj)
                0x0000000000005a14                CC_PalDmaInit
 .text.CC_PalDmaTerminate
                0x0000000000005a18        0x4 C:/ncs/v2.9.0/nrfxlib/crypto/nrf_cc310_platform/lib/cortex-m33/soft-float/no-interrupts/libnrf_cc310_platform_0.9.19.a(cc_pal_dma.c.obj)
                0x0000000000005a18                CC_PalDmaTerminate
 .text.CC_PalWaitInterruptRND
                0x0000000000005a1c       0x2c C:/ncs/v2.9.0/nrfxlib/crypto/nrf_cc310_platform/lib/cortex-m33/soft-float/no-interrupts/libnrf_cc310_platform_0.9.19.a(cc_pal_interrupt_ctrl.c.obj)
                0x0000000000005a1c                CC_PalWaitInterruptRND
 .text.CC_PalWaitInterrupt
                0x0000000000005a48       0x18 C:/ncs/v2.9.0/nrfxlib/crypto/nrf_cc310_platform/lib/cortex-m33/soft-float/no-interrupts/libnrf_cc310_platform_0.9.19.a(cc_pal_interrupt_ctrl.c.obj)
                0x0000000000005a48                CC_PalWaitInterrupt
 .text.CC_PalMemCopyPlat
                0x0000000000005a60        0x4 C:/ncs/v2.9.0/nrfxlib/crypto/nrf_cc310_platform/lib/cortex-m33/soft-float/no-interrupts/libnrf_cc310_platform_0.9.19.a(cc_pal_mem.c.obj)
                0x0000000000005a60                CC_PalMemCopyPlat
 .text.CC_PalMemSetZeroPlat
                0x0000000000005a64        0x8 C:/ncs/v2.9.0/nrfxlib/crypto/nrf_cc310_platform/lib/cortex-m33/soft-float/no-interrupts/libnrf_cc310_platform_0.9.19.a(cc_pal_mem.c.obj)
                0x0000000000005a64                CC_PalMemSetZeroPlat
 .text.CC_PalMutexCreate
                0x0000000000005a6c       0x14 C:/ncs/v2.9.0/nrfxlib/crypto/nrf_cc310_platform/lib/cortex-m33/soft-float/no-interrupts/libnrf_cc310_platform_0.9.19.a(cc_pal_mutex.c.obj)
                0x0000000000005a6c                CC_PalMutexCreate
 .text.CC_PalMutexDestroy
                0x0000000000005a80       0x14 C:/ncs/v2.9.0/nrfxlib/crypto/nrf_cc310_platform/lib/cortex-m33/soft-float/no-interrupts/libnrf_cc310_platform_0.9.19.a(cc_pal_mutex.c.obj)
                0x0000000000005a80                CC_PalMutexDestroy
 .text.CC_PalMutexLock
                0x0000000000005a94       0x10 C:/ncs/v2.9.0/nrfxlib/crypto/nrf_cc310_platform/lib/cortex-m33/soft-float/no-interrupts/libnrf_cc310_platform_0.9.19.a(cc_pal_mutex.c.obj)
                0x0000000000005a94                CC_PalMutexLock
 .text.CC_PalMutexUnlock
                0x0000000000005aa4       0x14 C:/ncs/v2.9.0/nrfxlib/crypto/nrf_cc310_platform/lib/cortex-m33/soft-float/no-interrupts/libnrf_cc310_platform_0.9.19.a(cc_pal_mutex.c.obj)
                0x0000000000005aa4                CC_PalMutexUnlock
 .text.CC_PalPowerSaveModeInit
                0x0000000000005ab8       0x3c C:/ncs/v2.9.0/nrfxlib/crypto/nrf_cc310_platform/lib/cortex-m33/soft-float/no-interrupts/libnrf_cc310_platform_0.9.19.a(cc_pal_pm.c.obj)
                0x0000000000005ab8                CC_PalPowerSaveModeInit
 .text.CC_PalPowerSaveModeSelect
                0x0000000000005af4       0x84 C:/ncs/v2.9.0/nrfxlib/crypto/nrf_cc310_platform/lib/cortex-m33/soft-float/no-interrupts/libnrf_cc310_platform_0.9.19.a(cc_pal_pm.c.obj)
                0x0000000000005af4                CC_PalPowerSaveModeSelect
 .text.mutex_init
                0x0000000000005b78        0xc C:/ncs/v2.9.0/nrfxlib/crypto/nrf_cc310_platform/lib/cortex-m33/soft-float/no-interrupts/libnrf_cc310_platform_0.9.19.a(threading_alt.c.obj)
                0x0000000000005b78                mutex_init
 .text.mutex_lock
                0x0000000000005b84        0xc C:/ncs/v2.9.0/nrfxlib/crypto/nrf_cc310_platform/lib/cortex-m33/soft-float/no-interrupts/libnrf_cc310_platform_0.9.19.a(threading_alt.c.obj)
                0x0000000000005b84                mutex_lock
 .text.mutex_unlock
                0x0000000000005b90        0xc C:/ncs/v2.9.0/nrfxlib/crypto/nrf_cc310_platform/lib/cortex-m33/soft-float/no-interrupts/libnrf_cc310_platform_0.9.19.a(threading_alt.c.obj)
                0x0000000000005b90                mutex_unlock
 .text.nrf_cc3xx_platform_abort
                0x0000000000005b9c       0x24 C:/ncs/v2.9.0/nrfxlib/crypto/nrf_cc310_platform/lib/cortex-m33/soft-float/no-interrupts/libnrf_cc310_platform_0.9.19.a(nrf_cc3xx_platform_abort.c.obj)
 .text.CC_PalAbort
                0x0000000000005bc0       0x34 C:/ncs/v2.9.0/nrfxlib/crypto/nrf_cc310_platform/lib/cortex-m33/soft-float/no-interrupts/libnrf_cc310_platform_0.9.19.a(nrf_cc3xx_platform_abort.c.obj)
                0x0000000000005bc0                CC_PalAbort
 .text.mutex_free
                0x0000000000005bf4       0x34 C:/ncs/v2.9.0/nrfxlib/crypto/nrf_cc310_platform/lib/cortex-m33/soft-float/no-interrupts/libnrf_cc310_platform_0.9.19.a(nrf_cc3xx_platform_mutex.c.obj)
 .text.mutex_lock
                0x0000000000005c28       0x48 C:/ncs/v2.9.0/nrfxlib/crypto/nrf_cc310_platform/lib/cortex-m33/soft-float/no-interrupts/libnrf_cc310_platform_0.9.19.a(nrf_cc3xx_platform_mutex.c.obj)
 .text.mutex_unlock
                0x0000000000005c70       0x38 C:/ncs/v2.9.0/nrfxlib/crypto/nrf_cc310_platform/lib/cortex-m33/soft-float/no-interrupts/libnrf_cc310_platform_0.9.19.a(nrf_cc3xx_platform_mutex.c.obj)
 .text.mutex_init
                0x0000000000005ca8       0x20 C:/ncs/v2.9.0/nrfxlib/crypto/nrf_cc310_platform/lib/cortex-m33/soft-float/no-interrupts/libnrf_cc310_platform_0.9.19.a(nrf_cc3xx_platform_mutex.c.obj)
 .text.startTrngHW
                0x0000000000005cc8      0x140 C:/ncs/v2.9.0/nrfxlib/crypto/nrf_cc310_platform/lib/cortex-m33/soft-float/no-interrupts/libnrf_cc310_platform_0.9.19.a(llf_rnd_trng90b.c.obj)
 .text.LLF_RND_RepetitionCounterTest
                0x0000000000005e08       0x64 C:/ncs/v2.9.0/nrfxlib/crypto/nrf_cc310_platform/lib/cortex-m33/soft-float/no-interrupts/libnrf_cc310_platform_0.9.19.a(llf_rnd_trng90b.c.obj)
                0x0000000000005e08                LLF_RND_RepetitionCounterTest
 .text.LLF_RND_AdaptiveProportionTest
                0x0000000000005e6c       0x80 C:/ncs/v2.9.0/nrfxlib/crypto/nrf_cc310_platform/lib/cortex-m33/soft-float/no-interrupts/libnrf_cc310_platform_0.9.19.a(llf_rnd_trng90b.c.obj)
                0x0000000000005e6c                LLF_RND_AdaptiveProportionTest
 .text.getTrngSource
                0x0000000000005eec      0x2b4 C:/ncs/v2.9.0/nrfxlib/crypto/nrf_cc310_platform/lib/cortex-m33/soft-float/no-interrupts/libnrf_cc310_platform_0.9.19.a(llf_rnd_trng90b.c.obj)
 .text.LLF_RND_GetTrngSource
                0x00000000000061a0       0x18 C:/ncs/v2.9.0/nrfxlib/crypto/nrf_cc310_platform/lib/cortex-m33/soft-float/no-interrupts/libnrf_cc310_platform_0.9.19.a(llf_rnd_trng90b.c.obj)
                0x00000000000061a0                LLF_RND_GetTrngSource
 .text.LLF_RND_RunTrngStartupTest
                0x00000000000061b8       0x1c C:/ncs/v2.9.0/nrfxlib/crypto/nrf_cc310_platform/lib/cortex-m33/soft-float/no-interrupts/libnrf_cc310_platform_0.9.19.a(llf_rnd_trng90b.c.obj)
                0x00000000000061b8                LLF_RND_RunTrngStartupTest
 .text.mbedtls_hardware_poll
                0x00000000000061d4       0xfc C:/ncs/v2.9.0/nrfxlib/crypto/nrf_cc310_platform/lib/cortex-m33/soft-float/no-interrupts/libnrf_cc310_platform_0.9.19.a(trng_api.c.obj)
                0x00000000000061d4                mbedtls_hardware_poll
 .text.cc_mbedtls_sha256_init
                0x00000000000062d0       0x28 C:/ncs/v2.9.0/nrfxlib/crypto/nrf_cc310_platform/lib/cortex-m33/soft-float/no-interrupts/libnrf_cc310_platform_0.9.19.a(sha256_alt.c.obj)
                0x00000000000062d0                cc_mbedtls_sha256_init
 .text.cc_mbedtls_sha256_free
                0x00000000000062f8        0xc C:/ncs/v2.9.0/nrfxlib/crypto/nrf_cc310_platform/lib/cortex-m33/soft-float/no-interrupts/libnrf_cc310_platform_0.9.19.a(sha256_alt.c.obj)
                0x00000000000062f8                cc_mbedtls_sha256_free
 .text.cc_mbedtls_sha256_starts
                0x0000000000006304       0x28 C:/ncs/v2.9.0/nrfxlib/crypto/nrf_cc310_platform/lib/cortex-m33/soft-float/no-interrupts/libnrf_cc310_platform_0.9.19.a(sha256_alt.c.obj)
                0x0000000000006304                cc_mbedtls_sha256_starts
 .text.cc_mbedtls_sha256_update
                0x000000000000632c       0x54 C:/ncs/v2.9.0/nrfxlib/crypto/nrf_cc310_platform/lib/cortex-m33/soft-float/no-interrupts/libnrf_cc310_platform_0.9.19.a(sha256_alt.c.obj)
                0x000000000000632c                cc_mbedtls_sha256_update
 .text.cc_mbedtls_sha256_finish
                0x0000000000006380       0x48 C:/ncs/v2.9.0/nrfxlib/crypto/nrf_cc310_platform/lib/cortex-m33/soft-float/no-interrupts/libnrf_cc310_platform_0.9.19.a(sha256_alt.c.obj)
                0x0000000000006380                cc_mbedtls_sha256_finish
 .text.mbedtls_sha_starts_internal
                0x00000000000063c8       0x28 C:/ncs/v2.9.0/nrfxlib/crypto/nrf_cc310_platform/lib/cortex-m33/soft-float/no-interrupts/libnrf_cc310_platform_0.9.19.a(mbedtls_hash_common.c.obj)
                0x00000000000063c8                mbedtls_sha_starts_internal
 .text.mbedtls_sha_finish_internal
                0x00000000000063f0       0x5c C:/ncs/v2.9.0/nrfxlib/crypto/nrf_cc310_platform/lib/cortex-m33/soft-float/no-interrupts/libnrf_cc310_platform_0.9.19.a(mbedtls_hash_common.c.obj)
                0x00000000000063f0                mbedtls_sha_finish_internal
 .text.mbedtls_sha_update_internal
                0x000000000000644c      0x1ec C:/ncs/v2.9.0/nrfxlib/crypto/nrf_cc310_platform/lib/cortex-m33/soft-float/no-interrupts/libnrf_cc310_platform_0.9.19.a(mbedtls_hash_common.c.obj)
                0x000000000000644c                mbedtls_sha_update_internal
 .text.cc_mbedtls_sha256
                0x0000000000006638       0x50 C:/ncs/v2.9.0/nrfxlib/crypto/nrf_cc310_platform/lib/cortex-m33/soft-float/no-interrupts/libnrf_cc310_platform_0.9.19.a(sha256.c.obj)
                0x0000000000006638                cc_mbedtls_sha256
 .text.RNG_PLAT_SetUserRngParameters
                0x0000000000006688       0x74 C:/ncs/v2.9.0/nrfxlib/crypto/nrf_cc310_platform/lib/cortex-m33/soft-float/no-interrupts/libnrf_cc310_platform_0.9.19.a(cc_rng_plat.c.obj)
                0x0000000000006688                RNG_PLAT_SetUserRngParameters
 .text.CC_PalTrngParamGet
                0x00000000000066fc      0x114 C:/ncs/v2.9.0/nrfxlib/crypto/nrf_cc310_platform/lib/cortex-m33/soft-float/no-interrupts/libnrf_cc310_platform_0.9.19.a(cc_pal_trng.c.obj)
                0x00000000000066fc                CC_PalTrngParamGet
 .text.LLF_RND_WaitRngInterrupt
                0x0000000000006810       0x20 C:/ncs/v2.9.0/nrfxlib/crypto/nrf_cc310_platform/lib/cortex-m33/soft-float/no-interrupts/libnrf_cc310_platform_0.9.19.a(llf_rnd.c.obj)
                0x0000000000006810                LLF_RND_WaitRngInterrupt
 .text.LLF_RND_GetRoscSampleCnt
                0x0000000000006830       0x34 C:/ncs/v2.9.0/nrfxlib/crypto/nrf_cc310_platform/lib/cortex-m33/soft-float/no-interrupts/libnrf_cc310_platform_0.9.19.a(llf_rnd.c.obj)
                0x0000000000006830                LLF_RND_GetRoscSampleCnt
 .text.LLF_RND_GetFastestRosc
                0x0000000000006864       0x20 C:/ncs/v2.9.0/nrfxlib/crypto/nrf_cc310_platform/lib/cortex-m33/soft-float/no-interrupts/libnrf_cc310_platform_0.9.19.a(llf_rnd.c.obj)
                0x0000000000006864                LLF_RND_GetFastestRosc
 .text.LLF_RND_TurnOffTrng
                0x0000000000006884       0x18 C:/ncs/v2.9.0/nrfxlib/crypto/nrf_cc310_platform/lib/cortex-m33/soft-float/no-interrupts/libnrf_cc310_platform_0.9.19.a(llf_rnd.c.obj)
                0x0000000000006884                LLF_RND_TurnOffTrng
 .text.SetDataBuffersInfo
                0x000000000000689c       0x68 C:/ncs/v2.9.0/nrfxlib/crypto/nrf_cc310_platform/lib/cortex-m33/soft-float/no-interrupts/libnrf_cc310_platform_0.9.19.a(driver_common.c.obj)
                0x000000000000689c                SetDataBuffersInfo
 .text.InitHashDrv
                0x0000000000006904       0x50 C:/ncs/v2.9.0/nrfxlib/crypto/nrf_cc310_platform/lib/cortex-m33/soft-float/no-interrupts/libnrf_cc310_platform_0.9.19.a(hash_driver.c.obj)
                0x0000000000006904                InitHashDrv
 .text.ProcessHashDrv
                0x0000000000006954      0x22c C:/ncs/v2.9.0/nrfxlib/crypto/nrf_cc310_platform/lib/cortex-m33/soft-float/no-interrupts/libnrf_cc310_platform_0.9.19.a(hash_driver.c.obj)
                0x0000000000006954                ProcessHashDrv
 .text.FinishHashDrv
                0x0000000000006b80       0x74 C:/ncs/v2.9.0/nrfxlib/crypto/nrf_cc310_platform/lib/cortex-m33/soft-float/no-interrupts/libnrf_cc310_platform_0.9.19.a(hash_driver.c.obj)
                0x0000000000006b80                FinishHashDrv
 .text.CC_PalDataBufferAttrGet
                0x0000000000006bf4        0x8 C:/ncs/v2.9.0/nrfxlib/crypto/nrf_cc310_platform/lib/cortex-m33/soft-float/no-interrupts/libnrf_cc310_platform_0.9.19.a(cc_pal_buff_attr.c.obj)
                0x0000000000006bf4                CC_PalDataBufferAttrGet
 .text.exit     0x0000000000006bfc       0x28 c:/ncs/toolchains/b620d30767/opt/zephyr-sdk/arm-zephyr-eabi/bin/../lib/gcc/arm-zephyr-eabi/12.2.0/../../../../arm-zephyr-eabi/lib/thumb/v8-m.main/nofp\libc_nano.a(lib_a-exit.o)
                0x0000000000006bfc                exit
 .text.__libc_init_array
                0x0000000000006c24       0x48 c:/ncs/toolchains/b620d30767/opt/zephyr-sdk/arm-zephyr-eabi/bin/../lib/gcc/arm-zephyr-eabi/12.2.0/../../../../arm-zephyr-eabi/lib/thumb/v8-m.main/nofp\libc_nano.a(lib_a-init.o)
                0x0000000000006c24                __libc_init_array
 .text          0x0000000000006c6c       0xc8 c:/ncs/toolchains/b620d30767/opt/zephyr-sdk/arm-zephyr-eabi/bin/../lib/gcc/arm-zephyr-eabi/12.2.0/thumb/v8-m.main/nofp\libgcc.a(cmse.o)
                0x0000000000006c6c                cmse_check_address_range
 .text._exit    0x0000000000006d34        0x4 c:/ncs/toolchains/b620d30767/opt/zephyr-sdk/arm-zephyr-eabi/bin/../lib/gcc/arm-zephyr-eabi/12.2.0/../../../../arm-zephyr-eabi/lib/thumb/v8-m.main/nofp\libnosys.a(_exit.o)
                0x0000000000006d34                _exit
 .text.clear_caller_context
                0x0000000000006d38        0xa secure_fw/CMakeFiles/tfm_s.dir/partitions/ns_agent_tz/psa_api_veneers_v80m.o
 .text.C_HardFault_Handler
                0x0000000000006d42        0xc secure_fw/CMakeFiles/tfm_s.dir/__/platform/ext/common/faults.o
                0x0000000000006d42                C_HardFault_Handler
 .text.HardFault_Handler
                0x0000000000006d4e       0x1e secure_fw/CMakeFiles/tfm_s.dir/__/platform/ext/common/faults.o
                0x0000000000006d4e                HardFault_Handler
 .text.C_MemManage_Handler
                0x0000000000006d6c        0xc secure_fw/CMakeFiles/tfm_s.dir/__/platform/ext/common/faults.o
                0x0000000000006d6c                C_MemManage_Handler
 .text.MemManage_Handler
                0x0000000000006d78       0x1e secure_fw/CMakeFiles/tfm_s.dir/__/platform/ext/common/faults.o
                0x0000000000006d78                MemManage_Handler
 .text.C_BusFault_Handler
                0x0000000000006d96        0xc secure_fw/CMakeFiles/tfm_s.dir/__/platform/ext/common/faults.o
                0x0000000000006d96                C_BusFault_Handler
 .text.BusFault_Handler
                0x0000000000006da2       0x1e secure_fw/CMakeFiles/tfm_s.dir/__/platform/ext/common/faults.o
                0x0000000000006da2                BusFault_Handler
 .text.C_SecureFault_Handler
                0x0000000000006dc0        0xc secure_fw/CMakeFiles/tfm_s.dir/__/platform/ext/common/faults.o
                0x0000000000006dc0                C_SecureFault_Handler
 .text.SecureFault_Handler
                0x0000000000006dcc       0x1e secure_fw/CMakeFiles/tfm_s.dir/__/platform/ext/common/faults.o
                0x0000000000006dcc                SecureFault_Handler
 .text.C_UsageFault_Handler
                0x0000000000006dea        0xc secure_fw/CMakeFiles/tfm_s.dir/__/platform/ext/common/faults.o
                0x0000000000006dea                C_UsageFault_Handler
 .text.UsageFault_Handler
                0x0000000000006df6       0x1e secure_fw/CMakeFiles/tfm_s.dir/__/platform/ext/common/faults.o
                0x0000000000006df6                UsageFault_Handler
 .text.memcpy   0x0000000000006e14       0x8c secure_fw/partitions/lib/runtime/libtfm_sprt.a(crt_memcpy.o)
                0x0000000000006e14                memcpy
 .text.memset   0x0000000000006ea0       0x86 secure_fw/partitions/lib/runtime/libtfm_sprt.a(crt_memset.o)
                0x0000000000006ea0                memset
 .text.psa_framework_version
                0x0000000000006f26       0x2e secure_fw/partitions/lib/runtime/libtfm_sprt.a(psa_interface_sfn.o)
                0x0000000000006f26                psa_framework_version
 .text.psa_version
                0x0000000000006f54       0x32 secure_fw/partitions/lib/runtime/libtfm_sprt.a(psa_interface_sfn.o)
                0x0000000000006f54                psa_version
 .text.psa_read
                0x0000000000006f86       0x3e secure_fw/partitions/lib/runtime/libtfm_sprt.a(psa_interface_sfn.o)
                0x0000000000006f86                psa_read
 .text.psa_write
                0x0000000000006fc4       0x3c secure_fw/partitions/lib/runtime/libtfm_sprt.a(psa_interface_sfn.o)
                0x0000000000006fc4                psa_write
 .text.psa_panic
                0x0000000000007000       0x2c secure_fw/partitions/lib/runtime/libtfm_sprt.a(psa_interface_sfn.o)
                0x0000000000007000                psa_panic
 .text.memmove  0x000000000000702c       0x34 c:/ncs/toolchains/b620d30767/opt/zephyr-sdk/arm-zephyr-eabi/bin/../lib/gcc/arm-zephyr-eabi/12.2.0/../../../../arm-zephyr-eabi/lib/thumb/v8-m.main/nofp\libc_nano.a(lib_a-memmove.o)
                0x000000000000702c                memmove
 .text          0x0000000000007060       0x38 c:/ncs/toolchains/b620d30767/opt/zephyr-sdk/arm-zephyr-eabi/bin/../lib/gcc/arm-zephyr-eabi/12.2.0/thumb/v8-m.main/nofp\libgcc.a(cmse_nonsecure_call.o)
                0x0000000000007060                __gnu_cmse_nonsecure_call
 *(.init)
 .init          0x0000000000007098        0x4 c:/ncs/toolchains/b620d30767/opt/zephyr-sdk/arm-zephyr-eabi/bin/../lib/gcc/arm-zephyr-eabi/12.2.0/thumb/v8-m.main/nofp/crti.o
                0x0000000000007098                _init
 .init          0x000000000000709c        0x8 c:/ncs/toolchains/b620d30767/opt/zephyr-sdk/arm-zephyr-eabi/bin/../lib/gcc/arm-zephyr-eabi/12.2.0/thumb/v8-m.main/nofp/crtn.o
 *(.fini)
 .fini          0x00000000000070a4        0x4 c:/ncs/toolchains/b620d30767/opt/zephyr-sdk/arm-zephyr-eabi/bin/../lib/gcc/arm-zephyr-eabi/12.2.0/thumb/v8-m.main/nofp/crti.o
                0x00000000000070a4                _fini
 .fini          0x00000000000070a8        0x8 c:/ncs/toolchains/b620d30767/opt/zephyr-sdk/arm-zephyr-eabi/bin/../lib/gcc/arm-zephyr-eabi/12.2.0/thumb/v8-m.main/nofp/crtn.o
 *crtbegin.o(.ctors)
 *crtbegin?.o(.ctors)
 *(EXCLUDE_FILE(*crtend.o *crtend?.o) .ctors)
 *(SORT_BY_NAME(.ctors.*))
 *(.ctors)
 *crtbegin.o(.dtors)
 *crtbegin?.o(.dtors)
 *(EXCLUDE_FILE(*crtend.o *crtend?.o) .dtors)
 *(SORT_BY_NAME(.dtors.*))
 *(.dtors)
 *(SORT_BY_ALIGNMENT(.rodata*))
 .rodata.ret_err
                0x00000000000070b0        0x4 secure_fw/CMakeFiles/tfm_s.dir/partitions/ns_agent_tz/psa_api_veneers_v80m.o
                0x00000000000070b0                ret_err
 .rodata        0x00000000000070b4        0xb secure_fw/CMakeFiles/tfm_s.dir/__/generated/secure_fw/partitions/crypto/auto_generated/load_info_tfm_crypto.o
 *fill*         0x00000000000070bf        0x1 
 .rodata        0x00000000000070c0       0x15 secure_fw/CMakeFiles/tfm_s.dir/__/generated/secure_fw/partitions/platform/auto_generated/load_info_tfm_platform.o
 *fill*         0x00000000000070d5        0x3 
 .rodata.CSWTCH.10
                0x00000000000070d8       0x1c C:/ncs/v2.9.0/nrfxlib/crypto/nrf_cc310_platform/lib/cortex-m33/soft-float/no-interrupts/libnrf_cc310_platform_0.9.19.a(nrf_cc3xx_platform.c.obj)
 .rodata.RndStartupTest.constprop.0.str1.4
                0x00000000000070f4       0x6f C:/ncs/v2.9.0/nrfxlib/crypto/nrf_cc310_platform/lib/cortex-m33/soft-float/no-interrupts/libnrf_cc310_platform_0.9.19.a(cc_lib.c.obj)
 *fill*         0x0000000000007163        0x1 
 .rodata.CC_PalPowerSaveModeInit.str1.4
                0x0000000000007164       0x20 C:/ncs/v2.9.0/nrfxlib/crypto/nrf_cc310_platform/lib/cortex-m33/soft-float/no-interrupts/libnrf_cc310_platform_0.9.19.a(cc_pal_pm.c.obj)
 .rodata.mutex_free.str1.4
                0x0000000000007184       0x26 C:/ncs/v2.9.0/nrfxlib/crypto/nrf_cc310_platform/lib/cortex-m33/soft-float/no-interrupts/libnrf_cc310_platform_0.9.19.a(nrf_cc3xx_platform_mutex.c.obj)
 *fill*         0x00000000000071aa        0x2 
 .rodata.mutex_init.str1.4
                0x00000000000071ac       0x23 C:/ncs/v2.9.0/nrfxlib/crypto/nrf_cc310_platform/lib/cortex-m33/soft-float/no-interrupts/libnrf_cc310_platform_0.9.19.a(nrf_cc3xx_platform_mutex.c.obj)
 *fill*         0x00000000000071cf        0x1 
 .rodata.mbedtls_hardware_poll.str1.4
                0x00000000000071d0       0x16 C:/ncs/v2.9.0/nrfxlib/crypto/nrf_cc310_platform/lib/cortex-m33/soft-float/no-interrupts/libnrf_cc310_platform_0.9.19.a(trng_api.c.obj)
                                         0x6e (size before relaxing)
 *fill*         0x00000000000071e6        0x2 
 .rodata.cc_mbedtls_sha256_init.str1.4
                0x00000000000071e8        0xe C:/ncs/v2.9.0/nrfxlib/crypto/nrf_cc310_platform/lib/cortex-m33/soft-float/no-interrupts/libnrf_cc310_platform_0.9.19.a(sha256_alt.c.obj)
 .rodata.ProcessHashDrv.str1.4
                0x00000000000071f6       0x6f C:/ncs/v2.9.0/nrfxlib/crypto/nrf_cc310_platform/lib/cortex-m33/soft-float/no-interrupts/libnrf_cc310_platform_0.9.19.a(hash_driver.c.obj)
 *fill*         0x00000000000071f6        0x2 
 .rodata.HASH_LARVAL_SHA256
                0x00000000000071f8       0x20 C:/ncs/v2.9.0/nrfxlib/crypto/nrf_cc310_platform/lib/cortex-m33/soft-float/no-interrupts/libnrf_cc310_platform_0.9.19.a(hash_driver.c.obj)
 .rodata.HASH_LARVAL_SHA224
                0x0000000000007218       0x20 C:/ncs/v2.9.0/nrfxlib/crypto/nrf_cc310_platform/lib/cortex-m33/soft-float/no-interrupts/libnrf_cc310_platform_0.9.19.a(hash_driver.c.obj)
 .rodata.HASH_LARVAL_SHA1
                0x0000000000007238       0x14 C:/ncs/v2.9.0/nrfxlib/crypto/nrf_cc310_platform/lib/cortex-m33/soft-float/no-interrupts/libnrf_cc310_platform_0.9.19.a(hash_driver.c.obj)
 .rodata._global_impure_ptr
                0x000000000000724c        0x4 c:/ncs/toolchains/b620d30767/opt/zephyr-sdk/arm-zephyr-eabi/bin/../lib/gcc/arm-zephyr-eabi/12.2.0/../../../../arm-zephyr-eabi/lib/thumb/v8-m.main/nofp\libc_nano.a(lib_a-impure.o)
                0x000000000000724c                _global_impure_ptr
 *(.eh_frame*)
 .eh_frame      0x0000000000007250        0x0 c:/ncs/toolchains/b620d30767/opt/zephyr-sdk/arm-zephyr-eabi/bin/../lib/gcc/arm-zephyr-eabi/12.2.0/thumb/v8-m.main/nofp/crtbegin.o
 .eh_frame      0x0000000000007250        0x4 c:/ncs/toolchains/b620d30767/opt/zephyr-sdk/arm-zephyr-eabi/bin/../lib/gcc/arm-zephyr-eabi/12.2.0/thumb/v8-m.main/nofp/crtend.o
                0x0000000000007260                . = ALIGN (0x20)
 *fill*         0x0000000000007254        0xc 
                0x0000000000004800                Image$$TFM_UNPRIV_CODE_START$$RO$$Base = ADDR (.TFM_UNPRIV_CODE)
                0x0000000000007260                Image$$TFM_UNPRIV_CODE_END$$RO$$Limit = (ADDR (.TFM_UNPRIV_CODE) + SIZEOF (.TFM_UNPRIV_CODE))

.rel.dyn        0x0000000000007260        0x0
 .rel.iplt      0x0000000000007260        0x0 c:/ncs/toolchains/b620d30767/opt/zephyr-sdk/arm-zephyr-eabi/bin/../lib/gcc/arm-zephyr-eabi/12.2.0/thumb/v8-m.main/nofp/crtbegin.o

.gnu.sgstubs    0x0000000000007c00       0x40
 *(.gnu.sgstubs*)
 .gnu.sgstubs.__stub
                0x0000000000007c00       0x28 linker stubs
                0x0000000000007c00                tfm_psa_framework_version_veneer
                0x0000000000007c08                tfm_psa_version_veneer
                0x0000000000007c10                tfm_psa_close_veneer
                0x0000000000007c18                tfm_psa_connect_veneer
                0x0000000000007c20                tfm_psa_call_veneer

.sgstubs_end    0x0000000000008000        0x0
                0x0000000000008000                . = ALIGN (0x20)
                0x0000000000007c40                Image$$PT_RO_END$$Base = .

.tfm_secure_data_start
                0x0000000020000000        0x0
                0x0000000020000000                . = ALIGN (0x4)

.tfm_bl2_shared_data
                0x0000000020000000      0x400
                0x0000000020000400                . = (. + 0x400)
 *fill*         0x0000000020000000      0x400 

.msp_stack      0x0000000020000400      0x7f8
                0x0000000020000bf8                . = (. + (__msp_stack_size__ - 0x8))
 *fill*         0x0000000020000400      0x7f8 
                0x0000000020000400                Image$$ARM_LIB_STACK$$ZI$$Base = ADDR (.msp_stack)
                0x0000000020000bf8                Image$$ARM_LIB_STACK$$ZI$$Limit = (ADDR (.msp_stack) + SIZEOF (.msp_stack))

.msp_stack_seal_res
                0x0000000020000bf8        0x8
                0x0000000020000c00                . = (. + 0x8)
 *fill*         0x0000000020000bf8        0x8 
                0x0000000020000bf8                __StackSeal = ADDR (.msp_stack_seal_res)
                0x0000000000001000                __heap_size__ = 0x1000

.heap           0x0000000020000c00     0x1000
                0x0000000020000c00                __end__ = .
                [!provide]                        PROVIDE (end = .)
                0x0000000020000c00                __HeapBase = .
                0x0000000020001c00                . = (. + __heap_size__)
 *fill*         0x0000000020000c00     0x1000 
                0x0000000020001c00                __HeapLimit = .
                0x0000000020001c00                __heap_limit = .
                0x0000000020001c00                . = ALIGN (0x20)
                0x0000000020001c00                Image$$TFM_APP_RW_STACK_START$$Base = .

.TFM_APP_ROT_LINKER_DATA
                0x0000000020001c00        0x0 load address 0x0000000000007c40
 *tfm_app_rot_partition*:(SORT_BY_ALIGNMENT(.data*))
 *(TFM_*_APP-ROT_ATTR_RW)
                0x0000000020001c00                . = ALIGN (0x4)
                0x0000000020001c00                Image$$TFM_APP_ROT_LINKER_DATA$$RW$$Base = ADDR (.TFM_APP_ROT_LINKER_DATA)
                0x0000000020001c00                Image$$TFM_APP_ROT_LINKER_DATA$$RW$$Limit = (ADDR (.TFM_APP_ROT_LINKER_DATA) + SIZEOF (.TFM_APP_ROT_LINKER_DATA))

.TFM_APP_ROT_LINKER_BSS
                0x0000000020001c00       0x20
                0x0000000020001c00                start_of_TFM_APP_ROT_LINKER = .
 *tfm_app_rot_partition*:(SORT_BY_ALIGNMENT(.bss*))
 *tfm_app_rot_partition*:*(COMMON)
 *(TFM_*_APP-ROT_ATTR_ZI)