Archive member included to satisfy reference by file (symbol)

app/libapp.a(mqtt_connection.c.obj)
                              (--whole-archive)
app/libapp.a(main.c.obj)      (--whole-archive)
zephyr/libzephyr.a(cbprintf_packaged.c.obj)
                              (--whole-archive)
zephyr/libzephyr.a(dec.c.obj)
                              (--whole-archive)
zephyr/libzephyr.a(hex.c.obj)
                              (--whole-archive)
zephyr/libzephyr.a(printk.c.obj)
                              (--whole-archive)
zephyr/libzephyr.a(rb.c.obj)  (--whole-archive)
zephyr/libzephyr.a(sem.c.obj)
                              (--whole-archive)
zephyr/libzephyr.a(thread_entry.c.obj)
                              (--whole-archive)
zephyr/libzephyr.a(timeutil.c.obj)
                              (--whole-archive)
zephyr/libzephyr.a(heap.c.obj)
                              (--whole-archive)
zephyr/libzephyr.a(heap-validate.c.obj)
                              (--whole-archive)
zephyr/libzephyr.a(bitarray.c.obj)
                              (--whole-archive)
zephyr/libzephyr.a(multi_heap.c.obj)
                              (--whole-archive)
zephyr/libzephyr.a(fdtable.c.obj)
                              (--whole-archive)
zephyr/libzephyr.a(onoff.c.obj)
                              (--whole-archive)
zephyr/libzephyr.a(notify.c.obj)
                              (--whole-archive)
zephyr/libzephyr.a(cbprintf_complete.c.obj)
                              (--whole-archive)
zephyr/libzephyr.a(cbprintf.c.obj)
                              (--whole-archive)
zephyr/libzephyr.a(assert.c.obj)
                              (--whole-archive)
zephyr/libzephyr.a(mpsc_pbuf.c.obj)
                              (--whole-archive)
zephyr/libzephyr.a(reboot.c.obj)
                              (--whole-archive)
zephyr/libzephyr.a(configs.c.obj)
                              (--whole-archive)
zephyr/libzephyr.a(log_core.c.obj)
                              (--whole-archive)
zephyr/libzephyr.a(log_mgmt.c.obj)
                              (--whole-archive)
zephyr/libzephyr.a(log_cache.c.obj)
                              (--whole-archive)
zephyr/libzephyr.a(log_msg.c.obj)
                              (--whole-archive)
zephyr/libzephyr.a(log_output.c.obj)
                              (--whole-archive)
zephyr/libzephyr.a(log_backend_uart.c.obj)
                              (--whole-archive)
zephyr/libzephyr.a(mem_attr.c.obj)
                              (--whole-archive)
zephyr/libzephyr.a(tracing_none.c.obj)
                              (--whole-archive)
zephyr/libzephyr.a(addr_utils.c.obj)
                              (--whole-archive)
zephyr/libzephyr.a(flash_map_partition_manager.c.obj)
                              (--whole-archive)
zephyr/arch/common/libarch__common.a(sw_isr_common.c.obj)
                              (--whole-archive)
zephyr/arch/arch/arm/core/libarch__arm__core.a(fatal.c.obj)
                              (--whole-archive)
zephyr/arch/arch/arm/core/libarch__arm__core.a(nmi.c.obj)
                              (--whole-archive)
zephyr/arch/arch/arm/core/libarch__arm__core.a(nmi_on_reset.S.obj)
                              (--whole-archive)
zephyr/arch/arch/arm/core/cortex_m/libarch__arm__core__cortex_m.a(exc_exit.S.obj)
                              (--whole-archive)
zephyr/arch/arch/arm/core/cortex_m/libarch__arm__core__cortex_m.a(fault.c.obj)
                              (--whole-archive)
zephyr/arch/arch/arm/core/cortex_m/libarch__arm__core__cortex_m.a(fault_s.S.obj)
                              (--whole-archive)
zephyr/arch/arch/arm/core/cortex_m/libarch__arm__core__cortex_m.a(fpu.c.obj)
                              (--whole-archive)
zephyr/arch/arch/arm/core/cortex_m/libarch__arm__core__cortex_m.a(reset.S.obj)
                              (--whole-archive)
zephyr/arch/arch/arm/core/cortex_m/libarch__arm__core__cortex_m.a(scb.c.obj)
                              (--whole-archive)
zephyr/arch/arch/arm/core/cortex_m/libarch__arm__core__cortex_m.a(thread_abort.c.obj)
                              (--whole-archive)
zephyr/arch/arch/arm/core/cortex_m/libarch__arm__core__cortex_m.a(vector_table.S.obj)
                              (--whole-archive)
zephyr/arch/arch/arm/core/cortex_m/libarch__arm__core__cortex_m.a(swap.c.obj)
                              (--whole-archive)
zephyr/arch/arch/arm/core/cortex_m/libarch__arm__core__cortex_m.a(swap_helper.S.obj)
                              (--whole-archive)
zephyr/arch/arch/arm/core/cortex_m/libarch__arm__core__cortex_m.a(irq_manage.c.obj)
                              (--whole-archive)
zephyr/arch/arch/arm/core/cortex_m/libarch__arm__core__cortex_m.a(prep_c.c.obj)
                              (--whole-archive)
zephyr/arch/arch/arm/core/cortex_m/libarch__arm__core__cortex_m.a(thread.c.obj)
                              (--whole-archive)
zephyr/arch/arch/arm/core/cortex_m/libarch__arm__core__cortex_m.a(cpu_idle.S.obj)
[...]
Memory Configuration

Name             Origin             Length             Attributes
FLASH            0x0000000000008000 0x00000000000f8000 xr
RAM              0x000000002000c568 0x0000000000033a98 xw
IDT_LIST         0x00000000ffff7fff 0x0000000000008000 xw
*default*        0x0000000000000000 0xffffffffffffffff

Linker script and memory map

LOAD zephyr/CMakeFiles/zephyr_pre0.dir/misc/empty_file.c.obj
LOAD zephyr/CMakeFiles/offsets.dir/./arch/arm/core/offsets/offsets.c.obj
LOAD tfm/api_ns/interface/lib/s_veneers.o
LOAD app/libapp.a
LOAD zephyr/libzephyr.a
LOAD zephyr/arch/common/libarch__common.a
LOAD zephyr/arch/arch/arm/core/libarch__arm__core.a
LOAD zephyr/arch/arch/arm/core/cortex_m/libarch__arm__core__cortex_m.a
LOAD zephyr/arch/arch/arm/core/cortex_m/cmse/libarch__arm__core__cortex_m__cmse.a
LOAD zephyr/arch/arch/arm/core/mpu/libarch__arm__core__mpu.a
LOAD zephyr/lib/libc/newlib/liblib__libc__newlib.a
LOAD zephyr/lib/libc/common/liblib__libc__common.a
LOAD zephyr/lib/posix/liblib__posix.a
LOAD zephyr/soc/soc/arm/nordic_nrf/libsoc__arm__nordic_nrf.a
LOAD zephyr/subsys/random/libsubsys__random.a
LOAD zephyr/subsys/net/libsubsys__net.a
LOAD zephyr/subsys/net/l2/offloaded_netdev/libsubsys__net__l2__offloaded_netdev.a
LOAD zephyr/subsys/net/ip/libsubsys__net__ip.a
LOAD zephyr/subsys/net/lib/mqtt/libsubsys__net__lib__mqtt.a
LOAD zephyr/drivers/clock_control/libdrivers__clock_control.a
LOAD zephyr/drivers/console/libdrivers__console.a
LOAD zephyr/drivers/entropy/libdrivers__entropy.a
LOAD zephyr/drivers/gpio/libdrivers__gpio.a
LOAD zephyr/drivers/pinctrl/libdrivers__pinctrl.a
LOAD zephyr/drivers/serial/libdrivers__serial.a
LOAD zephyr/drivers/timer/libdrivers__timer.a
LOAD modules/nrf/lib/nrf_modem_lib/lib..__nrf__lib__nrf_modem_lib.a
LOAD modules/nrf/lib/dk_buttons_and_leds/lib..__nrf__lib__dk_buttons_and_leds.a
LOAD modules/nrf/lib/at_monitor/lib..__nrf__lib__at_monitor.a
LOAD modules/nrf/lib/at_cmd_parser/lib..__nrf__lib__at_cmd_parser.a
LOAD modules/nrf/lib/lte_link_control/lib..__nrf__lib__lte_link_control.a
LOAD modules/nrf/lib/fatal_error/lib..__nrf__lib__fatal_error.a
LOAD modules/nrf/lib/modem_antenna/lib..__nrf__lib__modem_antenna.a
LOAD modules/nrf/subsys/nrf_security/src/zephyr/libmbedtls_zephyr.a
LOAD modules/nrf/modules/trusted-firmware-m/lib..__nrf__modules__trusted-firmware-m.a
LOAD modules/nrf/modules/trusted-firmware-m/libtfm_api_nrf.a
LOAD modules/trusted-firmware-m/libtfm_api.a
LOAD modules/hal_nordic/nrfx/libmodules__hal_nordic__nrfx.a
LOAD C:/ncs/v2.6.0/nrfxlib/nrf_modem/lib/nRF9120/soft-float/libmodem.a
LOAD zephyr/kernel/libkernel.a
LOAD c:/ncs/toolchains/cf2149caf2/opt/zephyr-sdk/arm-zephyr-eabi/bin/../lib/gcc/arm-zephyr-eabi/12.2.0/thumb/v8-m.main/nofp\libgcc.a
LOAD zephyr/arch/common/libisr_tables.a
LOAD C:/ncs/toolchains/cf2149caf2/opt/zephyr-sdk/arm-zephyr-eabi/arm-zephyr-eabi/lib/thumb/v8-m.main/nofp\libm_nano.a
LOAD C:/ncs/toolchains/cf2149caf2/opt/zephyr-sdk/arm-zephyr-eabi/arm-zephyr-eabi/lib/thumb/v8-m.main/nofp\libc_nano.a
LOAD c:/ncs/toolchains/cf2149caf2/opt/zephyr-sdk/arm-zephyr-eabi/bin/../lib/gcc/arm-zephyr-eabi/12.2.0/thumb/v8-m.main/nofp\libgcc.a
LOAD C:/ncs/toolchains/cf2149caf2/opt/zephyr-sdk/arm-zephyr-eabi/arm-zephyr-eabi/lib/thumb/v8-m.main/nofp\libc_nano.a
LOAD modules/nrf/subsys/nrf_security/src/libmbedcrypto.a
LOAD C:/ncs/v2.6.0/nrfxlib/crypto/nrf_oberon/lib/cortex-m33/soft-float/liboberon_mbedtls_3.0.14.a
LOAD modules/nrf/subsys/nrf_security/src/libmbedcrypto_base.a
LOAD C:/ncs/v2.6.0/nrfxlib/crypto/nrf_oberon/lib/cortex-m33/soft-float/liboberon_3.0.14.a
LOAD C:/ncs/toolchains/cf2149caf2/opt/zephyr-sdk/arm-zephyr-eabi/arm-zephyr-eabi/lib/thumb/v8-m.main/nofp\libc_nano.a
                0x0000000000000020                _region_min_align = 0x20

.rel.plt        0x0000000000008000        0x0
 *(SORT_BY_ALIGNMENT(.rel.plt))
                [!provide]                        PROVIDE (__rel_iplt_start = .)
 *(SORT_BY_ALIGNMENT(.rel.iplt))
 .rel.iplt      0x0000000000008000        0x0 app/libapp.a(mqtt_connection.c.obj)
                [!provide]                        PROVIDE (__rel_iplt_end = .)

.rela.plt       0x0000000000000000        0x0
 *(SORT_BY_ALIGNMENT(.rela.plt))
                [!provide]                        PROVIDE (__rela_iplt_start = .)
 *(SORT_BY_ALIGNMENT(.rela.iplt))
                [!provide]                        PROVIDE (__rela_iplt_end = .)

.rel.dyn
 *(SORT_BY_ALIGNMENT(.rel.*))

.rela.dyn
 *(SORT_BY_ALIGNMENT(.rela.*))

/DISCARD/
 *(SORT_BY_ALIGNMENT(.plt))

/DISCARD/
 *(SORT_BY_ALIGNMENT(.iplt))
                0x0000000000008000                __rom_region_start = 0x8000

rom_start       0x0000000000008000      0x144
                0x0000000000008000                __rom_start_address = .
 FILL mask 0x00
                0x0000000000008000                . = (. + (0x0 - (. - __rom_start_address)))
                0x0000000000008000                . = ALIGN (0x4)
                0x0000000000008000                . = ALIGN (0x80)
                0x0000000000008000                . = ALIGN (0x200)
                0x0000000000008000                _vector_start = .
 *(SORT_BY_ALIGNMENT(.exc_vector_table))
 *(SORT_BY_ALIGNMENT(.exc_vector_table.*))
 .exc_vector_table._vector_table_section
                0x0000000000008000       0x40 zephyr/arch/arch/arm/core/cortex_m/libarch__arm__core__cortex_m.a(vector_table.S.obj)
                0x0000000000008000                _vector_table
 *(SORT_BY_ALIGNMENT(.vectors))
                0x0000000000008144                _vector_end = .
                0x0000000000008040                . = ALIGN (0x4)
 *(SORT_BY_ALIGNMENT(.gnu.linkonce.irq_vector_table*))
 .gnu.linkonce.irq_vector_table
                0x0000000000008040      0x104 zephyr/arch/common/libisr_tables.a(isr_tables.c.obj)
                0x0000000000008040                _irq_vector_table
                0x0000000000008144                _vector_end = .

text            0x0000000000008148    0x12c84
                0x0000000000008148                __text_region_start = .
 *(SORT_BY_ALIGNMENT(.text))
 .text          0x0000000000008148      0x168 c:/ncs/toolchains/cf2149caf2/opt/zephyr-sdk/arm-zephyr-eabi/bin/../lib/gcc/arm-zephyr-eabi/12.2.0/thumb/v8-m.main/nofp\libgcc.a(_arm_mulsf3.o)
                0x0000000000008148                __aeabi_fmul
                0x0000000000008148                __mulsf3
 .text          0x00000000000082b0      0x378 c:/ncs/toolchains/cf2149caf2/opt/zephyr-sdk/arm-zephyr-eabi/bin/../lib/gcc/arm-zephyr-eabi/12.2.0/thumb/v8-m.main/nofp\libgcc.a(_arm_addsubdf3.o)
                0x00000000000082b0                __aeabi_drsub
                0x00000000000082b8                __aeabi_dsub
                0x00000000000082b8                __subdf3
                0x00000000000082bc                __aeabi_dadd
                0x00000000000082bc                __adddf3
                0x0000000000008534                __floatunsidf
                0x0000000000008534                __aeabi_ui2d
                0x0000000000008554                __floatsidf
                0x0000000000008554                __aeabi_i2d
                0x0000000000008578                __aeabi_f2d
                0x0000000000008578                __extendsfdf2
                0x00000000000085bc                __floatundidf
                0x00000000000085bc                __aeabi_ul2d
                0x00000000000085cc                __floatdidf
                0x00000000000085cc                __aeabi_l2d
 .text          0x0000000000008628      0x424 c:/ncs/toolchains/cf2149caf2/opt/zephyr-sdk/arm-zephyr-eabi/bin/../lib/gcc/arm-zephyr-eabi/12.2.0/thumb/v8-m.main/nofp\libgcc.a(_arm_muldivdf3.o)
                0x0000000000008628                __aeabi_dmul
                0x0000000000008628                __muldf3
                0x000000000000887c                __divdf3
                0x000000000000887c                __aeabi_ddiv
 .text          0x0000000000008a4c       0xa0 c:/ncs/toolchains/cf2149caf2/opt/zephyr-sdk/arm-zephyr-eabi/bin/../lib/gcc/arm-zephyr-eabi/12.2.0/thumb/v8-m.main/nofp\libgcc.a(_arm_truncdfsf2.o)
                0x0000000000008a4c                __truncdfsf2
                0x0000000000008a4c                __aeabi_d2f
 .text          0x0000000000008aec      0x21c c:/ncs/toolchains/cf2149caf2/opt/zephyr-sdk/arm-zephyr-eabi/bin/../lib/gcc/arm-zephyr-eabi/12.2.0/thumb/v8-m.main/nofp\libgcc.a(_arm_addsubsf3.o)
                0x0000000000008aec                __aeabi_frsub
                0x0000000000008af4                __subsf3
                0x0000000000008af4                __aeabi_fsub
                0x0000000000008af8                __aeabi_fadd
                0x0000000000008af8                __addsf3
                0x0000000000008c58                __aeabi_ui2f
                0x0000000000008c58                __floatunsisf
                0x0000000000008c60                __aeabi_i2f
                0x0000000000008c60                __floatsisf
                0x0000000000008c7c                __aeabi_ul2f
                0x0000000000008c7c                __floatundisf
                0x0000000000008c8c                __aeabi_l2f
                0x0000000000008c8c                __floatdisf
 .text          0x0000000000008d08       0x30 c:/ncs/toolchains/cf2149caf2/opt/zephyr-sdk/arm-zephyr-eabi/bin/../lib/gcc/arm-zephyr-eabi/12.2.0/thumb/v8-m.main/nofp\libgcc.a(_aeabi_uldivmod.o)
                0x0000000000008d08                __aeabi_uldivmod
 .text          0x0000000000008d38        0x4 c:/ncs/toolchains/cf2149caf2/opt/zephyr-sdk/arm-zephyr-eabi/bin/../lib/gcc/arm-zephyr-eabi/12.2.0/thumb/v8-m.main/nofp\libgcc.a(_dvmd_tls.o)
                0x0000000000008d38                __aeabi_idiv0
                0x0000000000008d38                __aeabi_ldiv0
 .text          0x0000000000008d3c      0x29c c:/ncs/toolchains/cf2149caf2/opt/zephyr-sdk/arm-zephyr-eabi/bin/../lib/gcc/arm-zephyr-eabi/12.2.0/thumb/v8-m.main/nofp\libgcc.a(_udivmoddi4.o)
                0x0000000000008d3c                __udivmoddi4
 .text          0x0000000000008fd8       0x14 C:/ncs/toolchains/cf2149caf2/opt/zephyr-sdk/arm-zephyr-eabi/arm-zephyr-eabi/lib/thumb/v8-m.main/nofp\libc_nano.a(lib_a-strcmp.o)
                0x0000000000008fd8                strcmp
 .text          0x0000000000008fec       0x10 C:/ncs/toolchains/cf2149caf2/opt/zephyr-sdk/arm-zephyr-eabi/arm-zephyr-eabi/lib/thumb/v8-m.main/nofp\libc_nano.a(lib_a-strlen.o)
                0x0000000000008fec                strlen
 *(SORT_BY_ALIGNMENT(.text.*))
 *fill*         0x0000000000008ffc        0x4 
 .text.parse_edrx
                0x0000000000009000      0x1b4 modules/nrf/lib/lte_link_control/lib..__nrf__lib__lte_link_control.a(lte_lc_helpers.c.obj)
                0x0000000000009000                parse_edrx
 .text.data_print
                0x00000000000091b4       0x58 app/libapp.a(mqtt_connection.c.obj)
 .text.mqtt_evt_handler
                0x000000000000920c      0x228 app/libapp.a(mqtt_connection.c.obj)
                0x000000000000920c                mqtt_evt_handler
 .text.data_publish
                0x0000000000009434       0x8c app/libapp.a(mqtt_connection.c.obj)
                0x0000000000009434                data_publish
 .text.client_init
                0x00000000000094c0      0x18c app/libapp.a(mqtt_connection.c.obj)
                0x00000000000094c0                client_init
 .text.button_handler.part.0
                0x000000000000964c       0x34 app/libapp.a(main.c.obj)
 .text.lte_handler
                0x0000000000009680       0xa8 app/libapp.a(main.c.obj)
 .text.main     0x0000000000009728      0x1c8 app/libapp.a(main.c.obj)
                0x0000000000009728                main
 .text.cbvprintf_package
                0x00000000000098f0      0x3a4 zephyr/libzephyr.a(cbprintf_packaged.c.obj)
                0x00000000000098f0                cbvprintf_package
 .text.cbprintf_package_convert
                0x0000000000009c94      0x3b4 zephyr/libzephyr.a(cbprintf_packaged.c.obj)
                0x0000000000009c94                cbprintf_package_convert
 .text.__printk_hook_install
                0x000000000000a048        0xc zephyr/libzephyr.a(printk.c.obj)
                0x000000000000a048                __printk_hook_install
 .text.vsnprintk
                0x000000000000a054       0x2c zephyr/libzephyr.a(printk.c.obj)
                0x000000000000a054                vsnprintk
 .text._check_fd
                0x000000000000a080       0x2c zephyr/libzephyr.a(fdtable.c.obj)
 .text.z_fd_unref.isra.0
                0x000000000000a0ac       0x40 zephyr/libzephyr.a(fdtable.c.obj)
 .text.z_get_fd_obj_and_vtable
                0x000000000000a0ec       0x34 zephyr/libzephyr.a(fdtable.c.obj)
                0x000000000000a0ec                z_get_fd_obj_and_vtable
 .text.z_reserve_fd
                0x000000000000a120       0x78 zephyr/libzephyr.a(fdtable.c.obj)
                0x000000000000a120                z_reserve_fd
 .text.z_finalize_fd
                0x000000000000a198       0x30 zephyr/libzephyr.a(fdtable.c.obj)
                0x000000000000a198                z_finalize_fd
 .text.write    0x000000000000a1c8       0x54 zephyr/libzephyr.a(fdtable.c.obj)
                0x000000000000a1c8                _write
                0x000000000000a1c8                write
 .text.process_event
                0x000000000000a21c      0x21c zephyr/libzephyr.a(onoff.c.obj)
 .text.extract_decimal
                0x000000000000a438       0x2c zephyr/libzephyr.a(cbprintf_complete.c.obj)
 .text.encode_uint
                0x000000000000a464       0x98 zephyr/libzephyr.a(cbprintf_complete.c.obj)
 .text.z_cbvprintf_impl
                0x000000000000a4fc      0x754 zephyr/libzephyr.a(cbprintf_complete.c.obj)
                0x000000000000a4fc                z_cbvprintf_impl
 .text.activate_foreach_backend
                0x000000000000ac50       0x64 zephyr/libzephyr.a(log_core.c.obj)
 .text.enable_logger
                0x000000000000acb4       0x5c zephyr/libzephyr.a(log_core.c.obj)
 .text.log_process_thread_timer_expiry_fn
                0x000000000000ad10        0xc zephyr/libzephyr.a(log_core.c.obj)
 .text.z_log_init
                0x000000000000ad1c       0x90 zephyr/libzephyr.a(log_core.c.obj)
 .text.log_format_func_t_get
                0x000000000000adac        0xc zephyr/libzephyr.a(log_core.c.obj)
                0x000000000000adac                log_format_func_t_get
 .text.log_set_timestamp_func
                0x000000000000adb8       0x20 zephyr/libzephyr.a(log_core.c.obj)
                0x000000000000adb8                log_set_timestamp_func
 .text.z_log_notify_backend_enabled
                0x000000000000add8       0x1c zephyr/libzephyr.a(log_core.c.obj)
                0x000000000000add8                z_log_notify_backend_enabled
 .text.z_log_dropped
                0x000000000000adf4       0x28 zephyr/libzephyr.a(log_core.c.obj)
                0x000000000000adf4                z_log_dropped
 .text.z_log_dropped_read_and_clear
                0x000000000000ae1c       0x18 zephyr/libzephyr.a(log_core.c.obj)
                0x000000000000ae1c                z_log_dropped_read_and_clear
 .text.dropped_notify
                0x000000000000ae34       0x30 zephyr/libzephyr.a(log_core.c.obj)
                0x000000000000ae34                dropped_notify
 .text.z_log_msg_init
                0x000000000000ae64       0x20 zephyr/libzephyr.a(log_core.c.obj)
                0x000000000000ae64                z_log_msg_init
 .text.log_core_init
                0x000000000000ae84       0x34 zephyr/libzephyr.a(log_core.c.obj)
                0x000000000000ae84                log_core_init
 .text.z_log_msg_alloc
                0x000000000000aeb8       0x10 zephyr/libzephyr.a(log_core.c.obj)
                0x000000000000aeb8                z_log_msg_alloc
 .text.z_log_msg_local_claim
                0x000000000000aec8        0xc zephyr/libzephyr.a(log_core.c.obj)
                0x000000000000aec8                z_log_msg_local_claim
 .text.z_log_msg_free
                0x000000000000aed4       0x10 zephyr/libzephyr.a(log_core.c.obj)
                0x000000000000aed4                z_log_msg_free
 .text.z_log_msg_pending
                0x000000000000aee4        0xc zephyr/libzephyr.a(log_core.c.obj)
                0x000000000000aee4                z_log_msg_pending
 .text.z_impl_log_process
                0x000000000000aef0       0xb4 zephyr/libzephyr.a(log_core.c.obj)
                0x000000000000aef0                z_impl_log_process
 .text.z_impl_log_panic
                0x000000000000afa4       0x44 zephyr/libzephyr.a(log_core.c.obj)
                0x000000000000afa4                z_impl_log_panic
 .text.log_process_thread_func
                0x000000000000afe8       0x9c zephyr/libzephyr.a(log_core.c.obj)
 .text.z_log_msg_post_finalize
                0x000000000000b084       0x78 zephyr/libzephyr.a(log_core.c.obj)
 .text.z_log_msg_commit
                0x000000000000b0fc       0x24 zephyr/libzephyr.a(log_core.c.obj)
                0x000000000000b0fc                z_log_msg_commit
 .text.log_source_name_get
                0x000000000000b120       0x1c zephyr/libzephyr.a(log_mgmt.c.obj)
                0x000000000000b120                log_source_name_get
 .text.log_backend_enable
                0x000000000000b13c       0x28 zephyr/libzephyr.a(log_mgmt.c.obj)
                0x000000000000b13c                log_backend_enable
 .text.z_impl_z_log_msg_static_create
                0x000000000000b164      0x108 zephyr/libzephyr.a(log_msg.c.obj)
                0x000000000000b164                z_impl_z_log_msg_static_create
 .text.z_log_msg_runtime_vcreate
                0x000000000000b26c       0x8c zephyr/libzephyr.a(log_msg.c.obj)
                0x000000000000b26c                z_log_msg_runtime_vcreate
 .text.print_formatted
                0x000000000000b2f8       0x24 zephyr/libzephyr.a(log_output.c.obj)
 .text.newline_print
                0x000000000000b31c       0x1c zephyr/libzephyr.a(log_output.c.obj)
 .text.log_output_process
                0x000000000000b338      0x2a8 zephyr/libzephyr.a(log_output.c.obj)
                0x000000000000b338                log_output_process
 .text.log_output_msg_process
                0x000000000000b5e0       0x70 zephyr/libzephyr.a(log_output.c.obj)
                0x000000000000b5e0                log_output_msg_process
 .text.log_output_dropped_process
                0x000000000000b650       0x58 zephyr/libzephyr.a(log_output.c.obj)
                0x000000000000b650                log_output_dropped_process
 .text.log_output_timestamp_freq_set
                0x000000000000b6a8       0x2c zephyr/libzephyr.a(log_output.c.obj)
                0x000000000000b6a8                log_output_timestamp_freq_set
 .text.char_out
                0x000000000000b6d4       0x24 zephyr/libzephyr.a(log_backend_uart.c.obj)
 .text.mem_attr_get_regions
                0x000000000000b6f8        0xc zephyr/libzephyr.a(mem_attr.c.obj)
                0x000000000000b6f8                mem_attr_get_regions
 .text.z_arm_fatal_error
                0x000000000000b704       0xa0 zephyr/arch/arch/arm/core/libarch__arm__core.a(fatal.c.obj)
                0x000000000000b704                z_arm_fatal_error
 .text.z_SysNmiOnReset
                0x000000000000b7a4        0x8 zephyr/arch/arch/arm/core/libarch__arm__core.a(nmi_on_reset.S.obj)
                0x000000000000b7a4                z_SysNmiOnReset
 .text._HandlerModeExit
                0x000000000000b7ac       0x1c zephyr/arch/arch/arm/core/cortex_m/libarch__arm__core__cortex_m.a(exc_exit.S.obj)
                0x000000000000b7ac                z_arm_int_exit
                0x000000000000b7ac                z_arm_exc_exit
 .text.mem_manage_fault.constprop.0
                0x000000000000b7c8       0xd0 zephyr/arch/arch/arm/core/cortex_m/libarch__arm__core__cortex_m.a(fault.c.obj)
 .text.usage_fault.constprop.0
                0x000000000000b898       0xbc zephyr/arch/arch/arm/core/cortex_m/libarch__arm__core__cortex_m.a(fault.c.obj)
 .text.bus_fault.constprop.0
                0x000000000000b954       0xd0 zephyr/arch/arch/arm/core/cortex_m/libarch__arm__core__cortex_m.a(fault.c.obj)
 .text.z_arm_fault
                0x000000000000ba24      0x1e0 zephyr/arch/arch/arm/core/cortex_m/libarch__arm__core__cortex_m.a(fault.c.obj)
                0x000000000000ba24                z_arm_fault
 .text.z_arm_fault_init
                0x000000000000bc04       0x18 zephyr/arch/arch/arm/core/cortex_m/libarch__arm__core__cortex_m.a(fault.c.obj)
                0x000000000000bc04                z_arm_fault_init
 .text.__fault  0x000000000000bc1c       0x14 zephyr/arch/arch/arm/core/cortex_m/libarch__arm__core__cortex_m.a(fault_s.S.obj)
                0x000000000000bc1c                z_arm_usage_fault
                0x000000000000bc1c                z_arm_mpu_fault
                0x000000000000bc1c                z_arm_exc_spurious
                0x000000000000bc1c                z_arm_debug_monitor
                0x000000000000bc1c                z_arm_hard_fault
                0x000000000000bc1c                z_arm_bus_fault
 .text._reset_section
                0x000000000000bc30       0x60 zephyr/arch/arch/arm/core/cortex_m/libarch__arm__core__cortex_m.a(reset.S.obj)
                0x000000000000bc30                __start
                0x000000000000bc30                z_arm_reset
 .text.sys_arch_reboot
                0x000000000000bc90       0x24 zephyr/arch/arch/arm/core/cortex_m/libarch__arm__core__cortex_m.a(scb.c.obj)
                0x000000000000bc90                sys_arch_reboot
 .text.z_arm_clear_arm_mpu_config
                0x000000000000bcb4       0x24 zephyr/arch/arch/arm/core/cortex_m/libarch__arm__core__cortex_m.a(scb.c.obj)
                0x000000000000bcb4                z_arm_clear_arm_mpu_config
 .text.z_arm_init_arch_hw_at_boot
                0x000000000000bcd8       0x4c zephyr/arch/arch/arm/core/cortex_m/libarch__arm__core__cortex_m.a(scb.c.obj)
                0x000000000000bcd8                z_arm_init_arch_hw_at_boot
 .text.z_impl_k_thread_abort
                0x000000000000bd24       0x2c zephyr/arch/arch/arm/core/cortex_m/libarch__arm__core__cortex_m.a(thread_abort.c.obj)
                0x000000000000bd24                z_impl_k_thread_abort
 .text.arch_swap
                0x000000000000bd50       0x30 zephyr/arch/arch/arm/core/cortex_m/libarch__arm__core__cortex_m.a(swap.c.obj)
                0x000000000000bd50                arch_swap
 .text.z_arm_pendsv
                0x000000000000bd80       0x60 zephyr/arch/arch/arm/core/cortex_m/libarch__arm__core__cortex_m.a(swap_helper.S.obj)
                0x000000000000bd80                z_arm_pendsv
 .text.z_arm_svc
                0x000000000000bde0       0x20 zephyr/arch/arch/arm/core/cortex_m/libarch__arm__core__cortex_m.a(swap_helper.S.obj)
                0x000000000000bde0                z_arm_svc
 .text.arch_irq_enable
                0x000000000000be00       0x1c zephyr/arch/arch/arm/core/cortex_m/libarch__arm__core__cortex_m.a(irq_manage.c.obj)
                0x000000000000be00                arch_irq_enable
 .text.arch_irq_disable
                0x000000000000be1c       0x28 zephyr/arch/arch/arm/core/cortex_m/libarch__arm__core__cortex_m.a(irq_manage.c.obj)
                0x000000000000be1c                arch_irq_disable
 .text.arch_irq_is_enabled
                0x000000000000be44       0x1c zephyr/arch/arch/arm/core/cortex_m/libarch__arm__core__cortex_m.a(irq_manage.c.obj)
                0x000000000000be44                arch_irq_is_enabled
 .text.z_arm_irq_priority_set
                0x000000000000be60       0x2c zephyr/arch/arch/arm/core/cortex_m/libarch__arm__core__cortex_m.a(irq_manage.c.obj)
                0x000000000000be60                z_arm_irq_priority_set
 .text.z_arm_prep_c
                0x000000000000be8c       0x38 zephyr/arch/arch/arm/core/cortex_m/libarch__arm__core__cortex_m.a(prep_c.c.obj)
                0x000000000000be8c                z_arm_prep_c
 .text.arch_new_thread
                0x000000000000bec4       0x40 zephyr/arch/arch/arm/core/cortex_m/libarch__arm__core__cortex_m.a(thread.c.obj)
                0x000000000000bec4                arch_new_thread
 .text.arch_switch_to_main_thread
                0x000000000000bf04       0x28 zephyr/arch/arch/arm/core/cortex_m/libarch__arm__core__cortex_m.a(thread.c.obj)
                0x000000000000bf04                arch_switch_to_main_thread
 .text.z_arm_cpu_idle_init
                0x000000000000bf2c        0xc zephyr/arch/arch/arm/core/cortex_m/libarch__arm__core__cortex_m.a(cpu_idle.S.obj)
                0x000000000000bf2c                z_arm_cpu_idle_init
 .text.arch_cpu_idle
                0x000000000000bf38       0x1c zephyr/arch/arch/arm/core/cortex_m/libarch__arm__core__cortex_m.a(cpu_idle.S.obj)
                0x000000000000bf38                arch_cpu_idle
 .text.arch_cpu_atomic_idle
                0x000000000000bf54       0x18 zephyr/arch/arch/arm/core/cortex_m/libarch__arm__core__cortex_m.a(cpu_idle.S.obj)
                0x000000000000bf54                arch_cpu_atomic_idle
 .text.z_arm_interrupt_init
                0x000000000000bf6c       0x18 zephyr/arch/arch/arm/core/cortex_m/libarch__arm__core__cortex_m.a(irq_init.c.obj)
                0x000000000000bf6c                z_arm_interrupt_init
 .text._isr_wrapper
                0x000000000000bf84       0x28 zephyr/arch/arch/arm/core/cortex_m/libarch__arm__core__cortex_m.a(isr_wrapper.S.obj)
                0x000000000000bf84                _isr_wrapper
 .text.z_arm_configure_static_mpu_regions
                0x000000000000bfac       0x38 zephyr/arch/arch/arm/core/mpu/libarch__arm__core__mpu.a(arm_core_mpu.c.obj)
                0x000000000000bfac                z_arm_configure_static_mpu_regions
 .text.region_init
                0x000000000000bfe4       0x34 zephyr/arch/arch/arm/core/mpu/libarch__arm__core__mpu.a(arm_mpu.c.obj)
 .text.region_allocate_and_init
                0x000000000000c018       0x28 zephyr/arch/arch/arm/core/mpu/libarch__arm__core__mpu.a(arm_mpu.c.obj)
 .text.mpu_configure_regions_and_partition.constprop.0
                0x000000000000c040      0x164 zephyr/arch/arch/arm/core/mpu/libarch__arm__core__mpu.a(arm_mpu.c.obj)
 .text.arm_core_mpu_enable
                0x000000000000c1a4       0x18 zephyr/arch/arch/arm/core/mpu/libarch__arm__core__mpu.a(arm_mpu.c.obj)
                0x000000000000c1a4                arm_core_mpu_enable
 .text.arm_core_mpu_disable
                0x000000000000c1bc       0x14 zephyr/arch/arch/arm/core/mpu/libarch__arm__core__mpu.a(arm_mpu.c.obj)
                0x000000000000c1bc                arm_core_mpu_disable
 .text.arm_core_mpu_configure_static_mpu_regions
                0x000000000000c1d0       0x14 zephyr/arch/arch/arm/core/mpu/libarch__arm__core__mpu.a(arm_mpu.c.obj)
                0x000000000000c1d0                arm_core_mpu_configure_static_mpu_regions
 .text.arm_core_mpu_mark_areas_for_dynamic_regions
                0x000000000000c1e4       0xb8 zephyr/arch/arch/arm/core/mpu/libarch__arm__core__mpu.a(arm_mpu.c.obj)
                0x000000000000c1e4                arm_core_mpu_mark_areas_for_dynamic_regions
 .text.z_arm_mpu_init
                0x000000000000c29c      0x108 zephyr/arch/arch/arm/core/mpu/libarch__arm__core__mpu.a(arm_mpu.c.obj)
                0x000000000000c29c                z_arm_mpu_init
 .text.__stdout_hook_install
                0x000000000000c3a4        0xc zephyr/lib/libc/newlib/liblib__libc__newlib.a(libc-hooks.c.obj)
                0x000000000000c3a4                __stdout_hook_install
 .text.z_impl_zephyr_write_stdout
                0x000000000000c3b0       0x30 zephyr/lib/libc/newlib/liblib__libc__newlib.a(libc-hooks.c.obj)
                0x000000000000c3b0                z_impl_zephyr_write_stdout
 .text._sbrk    0x000000000000c3e0       0x28 zephyr/lib/libc/newlib/liblib__libc__newlib.a(libc-hooks.c.obj)
                0x000000000000c3e0                sbrk
                0x000000000000c3e0                _sbrk
 .text.__chk_fail
                0x000000000000c408       0x1c zephyr/lib/libc/newlib/liblib__libc__newlib.a(libc-hooks.c.obj)
                0x000000000000c408                __chk_fail
 .text.pthread_barrier_pool_init
                0x000000000000c424       0x28 zephyr/lib/posix/liblib__posix.a(barrier.c.obj)
 .text.pthread_cond_pool_init
                0x000000000000c44c       0x20 zephyr/lib/posix/liblib__posix.a(cond.c.obj)
 .text.pthread_mutex_pool_init
                0x000000000000c46c       0x20 zephyr/lib/posix/liblib__posix.a(mutex.c.obj)
 .text.posix_thread_pool_init
                0x000000000000c48c       0x28 zephyr/lib/posix/liblib__posix.a(pthread.c.obj)
 .text.nordicsemi_nrf91_init
                0x000000000000c4b4       0x10 zephyr/soc/soc/arm/nordic_nrf/libsoc__arm__nordic_nrf.a(soc.c.obj)
 .text.arch_busy_wait
                0x000000000000c4c4       0x14 zephyr/soc/soc/arm/nordic_nrf/libsoc__arm__nordic_nrf.a(soc.c.obj)
                0x000000000000c4c4                arch_busy_wait
 .text.z_arm_platform_init
                0x000000000000c4d8        0x4 zephyr/soc/soc/arm/nordic_nrf/libsoc__arm__nordic_nrf.a(soc_nrf_common.S.obj)
                0x000000000000c4d8                z_arm_platform_init
 .text.z_impl_sys_rand32_get
                0x000000000000c4dc       0x28 zephyr/subsys/random/libsubsys__random.a(rand32_entropy_device.c.obj)
                0x000000000000c4dc                z_impl_sys_rand32_get
 .text.z_impl_zsock_socket
                0x000000000000c504       0x54 zephyr/subsys/net/libsubsys__net.a(sockets.c.obj)
                0x000000000000c504                z_impl_zsock_socket
 .text.zsock_poll_internal
                0x000000000000c558      0x1fc zephyr/subsys/net/libsubsys__net.a(sockets.c.obj)
                0x000000000000c558                zsock_poll_internal
 .text.socket_offload_dns_register
                0x000000000000c754        0xc zephyr/subsys/net/libsubsys__net.a(socket_offload.c.obj)
                0x000000000000c754                socket_offload_dns_register
 .text.socket_offload_getaddrinfo
                0x000000000000c760       0x14 zephyr/subsys/net/libsubsys__net.a(socket_offload.c.obj)
                0x000000000000c760                socket_offload_getaddrinfo
 .text.socket_offload_freeaddrinfo
                0x000000000000c774        0xc zephyr/subsys/net/libsubsys__net.a(socket_offload.c.obj)
                0x000000000000c774                socket_offload_freeaddrinfo
 .text.net_if_init
                0x000000000000c780       0xb8 zephyr/subsys/net/ip/libsubsys__net__ip.a(net_if.c.obj)
                0x000000000000c780                net_if_init
 .text.net_if_post_init
                0x000000000000c838       0x28 zephyr/subsys/net/ip/libsubsys__net__ip.a(net_if.c.obj)
                0x000000000000c838                net_if_post_init
 .text.z_impl_net_addr_ntop
                0x000000000000c860      0x210 zephyr/subsys/net/ip/libsubsys__net__ip.a(utils.c.obj)
                0x000000000000c860                z_impl_net_addr_ntop
 .text.connect_request_encode
                0x000000000000ca70      0x104 zephyr/subsys/net/lib/mqtt/libsubsys__net__lib__mqtt.a(mqtt_encoder.c.obj)
                0x000000000000ca70                connect_request_encode
 .text.disconnect_encode
                0x000000000000cb74       0x24 zephyr/subsys/net/lib/mqtt/libsubsys__net__lib__mqtt.a(mqtt_encoder.c.obj)
                0x000000000000cb74                disconnect_encode
 .text.ping_request_encode
                0x000000000000cb98       0x24 zephyr/subsys/net/lib/mqtt/libsubsys__net__lib__mqtt.a(mqtt_encoder.c.obj)
                0x000000000000cb98                ping_request_encode
 .text.mqtt_transport_connect
                0x000000000000cbbc       0x14 zephyr/subsys/net/lib/mqtt/libsubsys__net__lib__mqtt.a(mqtt_transport.c.obj)
                0x000000000000cbbc                mqtt_transport_connect
 .text.mqtt_transport_write
                0x000000000000cbd0       0x18 zephyr/subsys/net/lib/mqtt/libsubsys__net__lib__mqtt.a(mqtt_transport.c.obj)
                0x000000000000cbd0                mqtt_transport_write
 .text.mqtt_transport_write_msg
                0x000000000000cbe8       0x18 zephyr/subsys/net/lib/mqtt/libsubsys__net__lib__mqtt.a(mqtt_transport.c.obj)
                0x000000000000cbe8                mqtt_transport_write_msg
 .text.mqtt_transport_read
                0x000000000000cc00       0x1c zephyr/subsys/net/lib/mqtt/libsubsys__net__lib__mqtt.a(mqtt_transport.c.obj)
                0x000000000000cc00                mqtt_transport_read
 .text.onoff_stop
                0x000000000000cc1c       0x30 zephyr/drivers/clock_control/libdrivers__clock_control.a(clock_control_nrf.c.obj)
 .text.onoff_start
                0x000000000000cc4c       0x44 zephyr/drivers/clock_control/libdrivers__clock_control.a(clock_control_nrf.c.obj)
 .text.clk_init
                0x000000000000cc90       0x58 zephyr/drivers/clock_control/libdrivers__clock_control.a(clock_control_nrf.c.obj)
 .text.clkstarted_handle.constprop.0
                0x000000000000cce8       0x34 zephyr/drivers/clock_control/libdrivers__clock_control.a(clock_control_nrf.c.obj)
 .text.clock_event_handler
                0x000000000000cd1c       0x1c zephyr/drivers/clock_control/libdrivers__clock_control.a(clock_control_nrf.c.obj)
 .text.generic_hfclk_start
                0x000000000000cd38       0x64 zephyr/drivers/clock_control/libdrivers__clock_control.a(clock_control_nrf.c.obj)
 .text.api_blocking_start
                0x000000000000cd9c       0x3c zephyr/drivers/clock_control/libdrivers__clock_control.a(clock_control_nrf.c.obj)
 .text.generic_hfclk_stop
                0x000000000000cdd8       0x34 zephyr/drivers/clock_control/libdrivers__clock_control.a(clock_control_nrf.c.obj)
 .text.z_nrf_clock_control_lf_on
                0x000000000000ce0c       0xf8 zephyr/drivers/clock_control/libdrivers__clock_control.a(clock_control_nrf.c.obj)
                0x000000000000ce0c                z_nrf_clock_control_lf_on
 .text.uart_console_init
                0x000000000000cf04       0x28 zephyr/drivers/console/libdrivers__console.a(uart_console.c.obj)
 .text.console_out
                0x000000000000cf2c       0x28 zephyr/drivers/console/libdrivers__console.a(uart_console.c.obj)
 .text.gpio_nrfx_init
                0x000000000000cf54       0x48 zephyr/drivers/gpio/libdrivers__gpio.a(gpio_nrfx.c.obj)
 .text.nrfx_gpio_handler
                0x000000000000cf9c       0x3c zephyr/drivers/gpio/libdrivers__gpio.a(gpio_nrfx.c.obj)
 .text.gpio_nrfx_pin_configure
                0x000000000000cfd8      0x180 zephyr/drivers/gpio/libdrivers__gpio.a(gpio_nrfx.c.obj)
 .text.gpio_nrfx_pin_interrupt_configure
                0x000000000000d158       0xf4 zephyr/drivers/gpio/libdrivers__gpio.a(gpio_nrfx.c.obj)
 .text.pinctrl_configure_pins
                0x000000000000d24c      0x178 zephyr/drivers/pinctrl/libdrivers__pinctrl.a(pinctrl_nrf.c.obj)
                0x000000000000d24c                pinctrl_configure_pins
 .text.uarte_0_init
                0x000000000000d3c4      0x258 zephyr/drivers/serial/libdrivers__serial.a(uart_nrfx_uarte.c.obj)
 .text.uarte_nrfx_poll_out
                0x000000000000d61c       0xcc zephyr/drivers/serial/libdrivers__serial.a(uart_nrfx_uarte.c.obj)
 .text.compare_int_lock
                0x000000000000d6e8       0x40 zephyr/drivers/timer/libdrivers__timer.a(nrf_rtc_timer.c.obj)
 .text.sys_clock_timeout_handler
                0x000000000000d728       0x48 zephyr/drivers/timer/libdrivers__timer.a(nrf_rtc_timer.c.obj)
 .text.compare_int_unlock
                0x000000000000d770       0x4c zephyr/drivers/timer/libdrivers__timer.a(nrf_rtc_timer.c.obj)
 .text.z_nrf_rtc_timer_read
                0x000000000000d7bc       0x44 zephyr/drivers/timer/libdrivers__timer.a(nrf_rtc_timer.c.obj)
                0x000000000000d7bc                z_nrf_rtc_timer_read
 .text.compare_set
                0x000000000000d800      0x124 zephyr/drivers/timer/libdrivers__timer.a(nrf_rtc_timer.c.obj)
 .text.sys_clock_driver_init
                0x000000000000d924       0x90 zephyr/drivers/timer/libdrivers__timer.a(nrf_rtc_timer.c.obj)
 .text.rtc_nrf_isr
                0x000000000000d9b4       0xd0 zephyr/drivers/timer/libdrivers__timer.a(nrf_rtc_timer.c.obj)
                0x000000000000d9b4                rtc_nrf_isr
 .text.sys_clock_set_timeout
                0x000000000000da84       0x5c zephyr/drivers/timer/libdrivers__timer.a(nrf_rtc_timer.c.obj)
                0x000000000000da84                sys_clock_set_timeout
 .text.sys_clock_elapsed
                0x000000000000dae0       0x14 zephyr/drivers/timer/libdrivers__timer.a(nrf_rtc_timer.c.obj)
                0x000000000000dae0                sys_clock_elapsed
 .text.nrf_modem_lib_dfu_handler
                0x000000000000daf4       0x24 modules/nrf/lib/nrf_modem_lib/lib..__nrf__lib__nrf_modem_lib.a(nrf_modem_lib.c.obj)
 .text.nrf_modem_lib_init
                0x000000000000db18       0x50 modules/nrf/lib/nrf_modem_lib/lib..__nrf__lib__nrf_modem_lib.a(nrf_modem_lib.c.obj)
                0x000000000000db18                nrf_modem_lib_init
 .text.thread_monitor_entry_get
                0x000000000000db68       0x48 modules/nrf/lib/nrf_modem_lib/lib..__nrf__lib__nrf_modem_lib.a(nrf_modem_os.c.obj)
 .text.on_init  0x000000000000dbb0       0x20 modules/nrf/lib/nrf_modem_lib/lib..__nrf__lib__nrf_modem_lib.a(nrf_modem_os.c.obj)
 .text.nrf_modem_os_timedwait
                0x000000000000dbd0      0x184 modules/nrf/lib/nrf_modem_lib/lib..__nrf__lib__nrf_modem_lib.a(nrf_modem_os.c.obj)
                0x000000000000dbd0                nrf_modem_os_timedwait
 .text.nrf_modem_os_sem_init
                0x000000000000dd54       0x44 modules/nrf/lib/nrf_modem_lib/lib..__nrf__lib__nrf_modem_lib.a(nrf_modem_os.c.obj)
                0x000000000000dd54                nrf_modem_os_sem_init
 .text.nrf_modem_os_mutex_init
                0x000000000000dd98       0x34 modules/nrf/lib/nrf_modem_lib/lib..__nrf__lib__nrf_modem_lib.a(nrf_modem_os.c.obj)
                0x000000000000dd98                nrf_modem_os_mutex_init
 .text.nrf_modem_os_event_notify
                0x000000000000ddcc       0x38 modules/nrf/lib/nrf_modem_lib/lib..__nrf__lib__nrf_modem_lib.a(nrf_modem_os.c.obj)
                0x000000000000ddcc                nrf_modem_os_event_notify
 .text.nrf_modem_os_alloc
                0x000000000000de04       0x10 modules/nrf/lib/nrf_modem_lib/lib..__nrf__lib__nrf_modem_lib.a(nrf_modem_os.c.obj)
                0x000000000000de04                nrf_modem_os_alloc
 .text.nrf_modem_os_free
                0x000000000000de14        0xc modules/nrf/lib/nrf_modem_lib/lib..__nrf__lib__nrf_modem_lib.a(nrf_modem_os.c.obj)
                0x000000000000de14                nrf_modem_os_free
 .text.nrf_modem_os_shm_tx_alloc
                0x000000000000de20       0x10 modules/nrf/lib/nrf_modem_lib/lib..__nrf__lib__nrf_modem_lib.a(nrf_modem_os.c.obj)
                0x000000000000de20                nrf_modem_os_shm_tx_alloc
 .text.nrf_modem_os_shm_tx_free
                0x000000000000de30        0xc modules/nrf/lib/nrf_modem_lib/lib..__nrf__lib__nrf_modem_lib.a(nrf_modem_os.c.obj)
                0x000000000000de30                nrf_modem_os_shm_tx_free
 .text.nrf_modem_os_init
                0x000000000000de3c       0x30 modules/nrf/lib/nrf_modem_lib/lib..__nrf__lib__nrf_modem_lib.a(nrf_modem_os.c.obj)
                0x000000000000de3c                nrf_modem_os_init
 .text.nrf_modem_os_shutdown
                0x000000000000de6c       0x18 modules/nrf/lib/nrf_modem_lib/lib..__nrf__lib__nrf_modem_lib.a(nrf_modem_os.c.obj)
                0x000000000000de6c                nrf_modem_os_shutdown
 .text.cfun_callback
                0x000000000000de84       0x24 modules/nrf/lib/nrf_modem_lib/lib..__nrf__lib__nrf_modem_lib.a(cfun_hooks.c.obj)
 .text.nrf_modem_lib_cfun_hooks_init
                0x000000000000dea8       0x10 modules/nrf/lib/nrf_modem_lib/lib..__nrf__lib__nrf_modem_lib.a(cfun_hooks.c.obj)
 .text.z_to_nrf_optname
                0x000000000000deb8      0x140 modules/nrf/lib/nrf_modem_lib/lib..__nrf__lib__nrf_modem_lib.a(nrf91_sockets.c.obj)
 .text.nrf91_socket_offload_init
                0x000000000000dff8       0x24 modules/nrf/lib/nrf_modem_lib/lib..__nrf__lib__nrf_modem_lib.a(nrf91_sockets.c.obj)
 .text.nrf91_socket_is_supported
                0x000000000000e01c       0x38 modules/nrf/lib/nrf_modem_lib/lib..__nrf__lib__nrf_modem_lib.a(nrf91_sockets.c.obj)
 .text.pollcb   0x000000000000e054       0x30 modules/nrf/lib/nrf_modem_lib/lib..__nrf__lib__nrf_modem_lib.a(nrf91_sockets.c.obj)
 .text.nrf91_socket_offload_getaddrinfo
                0x000000000000e084      0x114 modules/nrf/lib/nrf_modem_lib/lib..__nrf__lib__nrf_modem_lib.a(nrf91_sockets.c.obj)
 .text.nrf91_socket_offload_sendmsg
                0x000000000000e198      0x110 modules/nrf/lib/nrf_modem_lib/lib..__nrf__lib__nrf_modem_lib.a(nrf91_sockets.c.obj)
 .text.allocate_ctx
                0x000000000000e2a8       0x44 modules/nrf/lib/nrf_modem_lib/lib..__nrf__lib__nrf_modem_lib.a(nrf91_sockets.c.obj)
 .text.release_ctx
                0x000000000000e2ec       0x2c modules/nrf/lib/nrf_modem_lib/lib..__nrf__lib__nrf_modem_lib.a(nrf91_sockets.c.obj)
 .text.nrf91_socket_offload_accept
                0x000000000000e318       0xc0 modules/nrf/lib/nrf_modem_lib/lib..__nrf__lib__nrf_modem_lib.a(nrf91_sockets.c.obj)
 .text.nrf91_iface_api_init
                0x000000000000e3d8       0x38 modules/nrf/lib/nrf_modem_lib/lib..__nrf__lib__nrf_modem_lib.a(nrf91_sockets.c.obj)
 .text.nrf91_socket_offload_ioctl
                0x000000000000e410      0x10c modules/nrf/lib/nrf_modem_lib/lib..__nrf__lib__nrf_modem_lib.a(nrf91_sockets.c.obj)
 .text.nrf91_socket_create
                0x000000000000e51c       0x90 modules/nrf/lib/nrf_modem_lib/lib..__nrf__lib__nrf_modem_lib.a(nrf91_sockets.c.obj)
 .text.nrf_modem_fault_handler
                0x000000000000e5ac       0x20 modules/nrf/lib/nrf_modem_lib/lib..__nrf__lib__nrf_modem_lib.a(fault.c.obj)
                0x000000000000e5ac                nrf_modem_fault_handler
 .text.dk_set_led.part.0
                0x000000000000e5cc       0x18 modules/nrf/lib/dk_buttons_and_leds/lib..__nrf__lib__dk_buttons_and_leds.a(dk_buttons_and_leds.c.obj)
 .text.get_buttons.part.0
                0x000000000000e5e4       0x18 modules/nrf/lib/dk_buttons_and_leds/lib..__nrf__lib__dk_buttons_and_leds.a(dk_buttons_and_leds.c.obj)
 .text.get_buttons
                0x000000000000e5fc       0x5c modules/nrf/lib/dk_buttons_and_leds/lib..__nrf__lib__dk_buttons_and_leds.a(dk_buttons_and_leds.c.obj)
 .text.dk_set_leds_state.part.0
                0x000000000000e658       0x58 modules/nrf/lib/dk_buttons_and_leds/lib..__nrf__lib__dk_buttons_and_leds.a(dk_buttons_and_leds.c.obj)
 .text.callback_ctrl
                0x000000000000e6b0       0x98 modules/nrf/lib/dk_buttons_and_leds/lib..__nrf__lib__dk_buttons_and_leds.a(dk_buttons_and_leds.c.obj)
 .text.button_pressed
                0x000000000000e748       0x68 modules/nrf/lib/dk_buttons_and_leds/lib..__nrf__lib__dk_buttons_and_leds.a(dk_buttons_and_leds.c.obj)
 .text.buttons_scan_fn
                0x000000000000e7b0      0x104 modules/nrf/lib/dk_buttons_and_leds/lib..__nrf__lib__dk_buttons_and_leds.a(dk_buttons_and_leds.c.obj)
 .text.dk_leds_init
                0x000000000000e8b4       0x40 modules/nrf/lib/dk_buttons_and_leds/lib..__nrf__lib__dk_buttons_and_leds.a(dk_buttons_and_leds.c.obj)
                0x000000000000e8b4                dk_leds_init
 .text.dk_read_buttons
                0x000000000000e8f4       0x20 modules/nrf/lib/dk_buttons_and_leds/lib..__nrf__lib__dk_buttons_and_leds.a(dk_buttons_and_leds.c.obj)
                0x000000000000e8f4                dk_read_buttons
 .text.dk_buttons_init
                0x000000000000e914      0x11c modules/nrf/lib/dk_buttons_and_leds/lib..__nrf__lib__dk_buttons_and_leds.a(dk_buttons_and_leds.c.obj)
                0x000000000000e914                dk_buttons_init
 .text.dk_set_led
                0x000000000000ea30       0x3c modules/nrf/lib/dk_buttons_and_leds/lib..__nrf__lib__dk_buttons_and_leds.a(dk_buttons_and_leds.c.obj)
                0x000000000000ea30                dk_set_led
 .text.at_monitor_sys_init
                0x000000000000ea6c       0x28 modules/nrf/lib/at_monitor/lib..__nrf__lib__at_monitor.a(at_monitor.c.obj)
 .text.at_monitor_dispatch
                0x000000000000ea94       0xbc modules/nrf/lib/at_monitor/lib..__nrf__lib__at_monitor.a(at_monitor.c.obj)
                0x000000000000ea94                at_monitor_dispatch
 .text.at_monitor_task
                0x000000000000eb50       0x64 modules/nrf/lib/at_monitor/lib..__nrf__lib__at_monitor.a(at_monitor.c.obj)
 .text.is_valid_notification_char
                0x000000000000ebb4       0x2c modules/nrf/lib/at_cmd_parser/lib..__nrf__lib__at_cmd_parser.a(at_cmd_parser.c.obj)
 .text.is_separator
                0x000000000000ebe0       0x1c modules/nrf/lib/at_cmd_parser/lib..__nrf__lib__at_cmd_parser.a(at_cmd_parser.c.obj)
 .text.is_result
                0x000000000000ebfc       0x30 modules/nrf/lib/at_cmd_parser/lib..__nrf__lib__at_cmd_parser.a(at_cmd_parser.c.obj)
 .text.at_parse_process_element
                0x000000000000ec2c      0x1c4 modules/nrf/lib/at_cmd_parser/lib..__nrf__lib__at_cmd_parser.a(at_cmd_parser.c.obj)
 .text.is_command
                0x000000000000edf0       0x5c modules/nrf/lib/at_cmd_parser/lib..__nrf__lib__at_cmd_parser.a(at_cmd_parser.c.obj)
 .text.at_parse_detect_type
                0x000000000000ee4c      0x1c0 modules/nrf/lib/at_cmd_parser/lib..__nrf__lib__at_cmd_parser.a(at_cmd_parser.c.obj)
 .text.at_parser_max_params_from_str
                0x000000000000f00c      0x158 modules/nrf/lib/at_cmd_parser/lib..__nrf__lib__at_cmd_parser.a(at_cmd_parser.c.obj)
                0x000000000000f00c                at_parser_max_params_from_str
 .text.at_handler_cscon
                0x000000000000f164       0x44 modules/nrf/lib/lte_link_control/lib..__nrf__lib__lte_link_control.a(lte_lc.c.obj)
 .text.at_handler_cedrxp
                0x000000000000f1a8       0x40 modules/nrf/lib/lte_link_control/lib..__nrf__lib__lte_link_control.a(lte_lc.c.obj)
 .text.at_handler_xt3412
                0x000000000000f1e8       0x50 modules/nrf/lib/lte_link_control/lib..__nrf__lib__lte_link_control.a(lte_lc.c.obj)
 .text.at_handler_ncellmeas
                0x000000000000f238      0x11c modules/nrf/lib/lte_link_control/lib..__nrf__lib__lte_link_control.a(lte_lc.c.obj)
 .text.at_handler_xmodemsleep
                0x000000000000f354       0x68 modules/nrf/lib/lte_link_control/lib..__nrf__lib__lte_link_control.a(lte_lc.c.obj)
 .text.at_handler_mdmev
                0x000000000000f3bc       0x40 modules/nrf/lib/lte_link_control/lib..__nrf__lib__lte_link_control.a(lte_lc.c.obj)
 .text.enable_notifications
                0x000000000000f3fc       0x44 modules/nrf/lib/lte_link_control/lib..__nrf__lib__lte_link_control.a(lte_lc.c.obj)
 .text.lte_lc_connect_async.part.0
                0x000000000000f440       0x1c modules/nrf/lib/lte_link_control/lib..__nrf__lib__lte_link_control.a(lte_lc.c.obj)
 .text.lte_lc_psm_param_set
                0x000000000000f45c       0x6c modules/nrf/lib/lte_link_control/lib..__nrf__lib__lte_link_control.a(lte_lc.c.obj)
                0x000000000000f45c                lte_lc_psm_param_set
 .text.lte_lc_psm_req
                0x000000000000f4c8       0x7c modules/nrf/lib/lte_link_control/lib..__nrf__lib__lte_link_control.a(lte_lc.c.obj)
                0x000000000000f4c8                lte_lc_psm_req
 .text.lte_lc_psm_get
                0x000000000000f544      0x104 modules/nrf/lib/lte_link_control/lib..__nrf__lib__lte_link_control.a(lte_lc.c.obj)
                0x000000000000f544                lte_lc_psm_get
 .text.at_handler_cereg
                0x000000000000f648      0x1a0 modules/nrf/lib/lte_link_control/lib..__nrf__lib__lte_link_control.a(lte_lc.c.obj)
 .text.lte_lc_proprietary_psm_req
                0x000000000000f7e8       0x1c modules/nrf/lib/lte_link_control/lib..__nrf__lib__lte_link_control.a(lte_lc.c.obj)
                0x000000000000f7e8                lte_lc_proprietary_psm_req
 .text.lte_lc_edrx_req
                0x000000000000f804       0xd0 modules/nrf/lib/lte_link_control/lib..__nrf__lib__lte_link_control.a(lte_lc.c.obj)
                0x000000000000f804                lte_lc_edrx_req
 .text.lte_lc_nw_reg_status_get
                0x000000000000f8d4       0x58 modules/nrf/lib/lte_link_control/lib..__nrf__lib__lte_link_control.a(lte_lc.c.obj)
                0x000000000000f8d4                lte_lc_nw_reg_status_get
 .text.lte_lc_system_mode_set
                0x000000000000f92c       0x7c modules/nrf/lib/lte_link_control/lib..__nrf__lib__lte_link_control.a(lte_lc.c.obj)
                0x000000000000f92c                lte_lc_system_mode_set
 .text.lte_lc_func_mode_get
                0x000000000000f9a8       0x4c modules/nrf/lib/lte_link_control/lib..__nrf__lib__lte_link_control.a(lte_lc.c.obj)
                0x000000000000f9a8                lte_lc_func_mode_get
 .text.lte_lc_func_mode_set
                0x000000000000f9f4       0x88 modules/nrf/lib/lte_link_control/lib..__nrf__lib__lte_link_control.a(lte_lc.c.obj)
                0x000000000000f9f4                lte_lc_func_mode_set
 .text.connect_lte
                0x000000000000fa7c       0xc0 modules/nrf/lib/lte_link_control/lib..__nrf__lib__lte_link_control.a(lte_lc.c.obj)
 .text.k_mutex_unlock.constprop.0.isra.0
                0x000000000000fb3c        0xc modules/nrf/lib/lte_link_control/lib..__nrf__lib__lte_link_control.a(lte_lc_helpers.c.obj)
 .text.event_handler_list_is_empty
                0x000000000000fb48       0x10 modules/nrf/lib/lte_link_control/lib..__nrf__lib__lte_link_control.a(lte_lc_helpers.c.obj)
                0x000000000000fb48                event_handler_list_is_empty
 .text.event_handler_list_append_handler
                0x000000000000fb58       0x58 modules/nrf/lib/lte_link_control/lib..__nrf__lib__lte_link_control.a(lte_lc_helpers.c.obj)
                0x000000000000fb58                event_handler_list_append_handler
 .text.event_handler_list_dispatch
                0x000000000000fbb0       0x48 modules/nrf/lib/lte_link_control/lib..__nrf__lib__lte_link_control.a(lte_lc_helpers.c.obj)
                0x000000000000fbb0                event_handler_list_dispatch
 .text.response_is_valid
                0x000000000000fbf8       0x40 modules/nrf/lib/lte_link_control/lib..__nrf__lib__lte_link_control.a(lte_lc_helpers.c.obj)
                0x000000000000fbf8                response_is_valid
 .text.parse_psm
                0x000000000000fc38      0x11c modules/nrf/lib/lte_link_control/lib..__nrf__lib__lte_link_control.a(lte_lc_helpers.c.obj)
                0x000000000000fc38                parse_psm
 .text.parse_rrc_mode
                0x000000000000fd54       0x98 modules/nrf/lib/lte_link_control/lib..__nrf__lib__lte_link_control.a(lte_lc_helpers.c.obj)
                0x000000000000fd54                parse_rrc_mode
 .text.parse_cereg
                0x000000000000fdec      0x1a4 modules/nrf/lib/lte_link_control/lib..__nrf__lib__lte_link_control.a(lte_lc_helpers.c.obj)
                0x000000000000fdec                parse_cereg
 .text.parse_xt3412
                0x000000000000ff90       0xa8 modules/nrf/lib/lte_link_control/lib..__nrf__lib__lte_link_control.a(lte_lc_helpers.c.obj)
                0x000000000000ff90                parse_xt3412
 .text.neighborcell_count_get
                0x0000000000010038       0x40 modules/nrf/lib/lte_link_control/lib..__nrf__lib__lte_link_control.a(lte_lc_helpers.c.obj)
                0x0000000000010038                neighborcell_count_get
 .text.parse_ncellmeas
                0x0000000000010078      0x2b8 modules/nrf/lib/lte_link_control/lib..__nrf__lib__lte_link_control.a(lte_lc_helpers.c.obj)
                0x0000000000010078                parse_ncellmeas
 .text.parse_ncellmeas_gci
                0x0000000000010330      0x4fc modules/nrf/lib/lte_link_control/lib..__nrf__lib__lte_link_control.a(lte_lc_helpers.c.obj)
                0x0000000000010330                parse_ncellmeas_gci
 .text.parse_xmodemsleep
                0x000000000001082c       0xbc modules/nrf/lib/lte_link_control/lib..__nrf__lib__lte_link_control.a(lte_lc_helpers.c.obj)
                0x000000000001082c                parse_xmodemsleep
 .text.parse_mdmev
                0x00000000000108e8       0x5c modules/nrf/lib/lte_link_control/lib..__nrf__lib__lte_link_control.a(lte_lc_helpers.c.obj)
                0x00000000000108e8                parse_mdmev
 .text.lte_lc_on_modem_cfun
                0x0000000000010944       0x24 modules/nrf/lib/lte_link_control/lib..__nrf__lib__lte_link_control.a(lte_lc_modem_hooks.c.obj)
 .text.on_modem_init.part.0
                0x0000000000010968       0x70 modules/nrf/lib/lte_link_control/lib..__nrf__lib__lte_link_control.a(lte_lc_modem_hooks.c.obj)
 .text.on_modem_init
                0x00000000000109d8       0x44 modules/nrf/lib/lte_link_control/lib..__nrf__lib__lte_link_control.a(lte_lc_modem_hooks.c.obj)
 .text.k_sys_fatal_error_handler
                0x0000000000010a1c       0x20 modules/nrf/lib/fatal_error/lib..__nrf__lib__fatal_error.a(fatal_error.c.obj)
                0x0000000000010a1c                k_sys_fatal_error_handler
 .text.set_antenna_configuration.part.0
                0x0000000000010a3c       0x2c modules/nrf/lib/modem_antenna/lib..__nrf__lib__modem_antenna.a(modem_antenna.c.obj)
 .text.on_modem_lib_init
                0x0000000000010a68       0x3c modules/nrf/lib/modem_antenna/lib..__nrf__lib__modem_antenna.a(modem_antenna.c.obj)
 .text.ns_fault_init
                0x0000000000010aa4       0x30 modules/nrf/modules/trusted-firmware-m/lib..__nrf__modules__trusted-firmware-m.a(fault.c.obj)
 .text.arm_fault
                0x0000000000010ad4      0x24c modules/nrf/modules/trusted-firmware-m/lib..__nrf__modules__trusted-firmware-m.a(fault.c.obj)
                0x0000000000010ad4                arm_fault
 .text.tfm_ns_fault_handler_callback
                0x0000000000010d20       0x48 modules/nrf/modules/trusted-firmware-m/lib..__nrf__modules__trusted-firmware-m.a(fault.c.obj)
                0x0000000000010d20                tfm_ns_fault_handler_callback
 .text.tfm_ns_interface_dispatch
                0x0000000000010d68       0x68 modules/trusted-firmware-m/libtfm_api.a(interface.c.obj)
                0x0000000000010d68                tfm_ns_interface_dispatch
 .text.tfm_platform_ioctl
                0x0000000000010dd0       0x4c modules/trusted-firmware-m/libtfm_api.a(tfm_platform_api.c.obj)
                0x0000000000010dd0                tfm_platform_ioctl
 .text.psa_generate_random
                0x0000000000010e1c       0x40 modules/trusted-firmware-m/libtfm_api.a(tfm_crypto_api.c.obj)
                0x0000000000010e1c                psa_generate_random
 .text.psa_call
                0x0000000000010e5c       0x34 modules/trusted-firmware-m/libtfm_api.a(tfm_tz_psa_ns_api.c.obj)
                0x0000000000010e5c                psa_call
 .text.nrfx_flag32_alloc
                0x0000000000010e90       0x40 modules/hal_nordic/nrfx/libmodules__hal_nordic__nrfx.a(nrfx_flag32_allocator.c.obj)
                0x0000000000010e90                nrfx_flag32_alloc
 .text.nrfx_flag32_free
                0x0000000000010ed0       0x38 modules/hal_nordic/nrfx/libmodules__hal_nordic__nrfx.a(nrfx_flag32_allocator.c.obj)
                0x0000000000010ed0                nrfx_flag32_free
 .text.nrfx_gppi_channels_enable
                0x0000000000010f08        0xc modules/hal_nordic/nrfx/libmodules__hal_nordic__nrfx.a(nrfx_gppi_dppi.c.obj)
                0x0000000000010f08                nrfx_gppi_channels_enable
 .text.clock_stop
                0x0000000000010f14       0xb0 modules/hal_nordic/nrfx/libmodules__hal_nordic__nrfx.a(nrfx_clock.c.obj)
 .text.nrfx_clock_init
                0x0000000000010fc4       0x20 modules/hal_nordic/nrfx/libmodules__hal_nordic__nrfx.a(nrfx_clock.c.obj)
                0x0000000000010fc4                nrfx_clock_init
 .text.nrfx_clock_enable
                0x0000000000010fe4       0x28 modules/hal_nordic/nrfx/libmodules__hal_nordic__nrfx.a(nrfx_clock.c.obj)
                0x0000000000010fe4                nrfx_clock_enable
 .text.nrfx_clock_start
                0x000000000001100c       0xb8 modules/hal_nordic/nrfx/libmodules__hal_nordic__nrfx.a(nrfx_clock.c.obj)
                0x000000000001100c                nrfx_clock_start
 .text.nrfx_power_clock_irq_handler
                0x00000000000110c4       0x64 modules/hal_nordic/nrfx/libmodules__hal_nordic__nrfx.a(nrfx_clock.c.obj)
                0x00000000000110c4                nrfx_power_clock_irq_handler
 .text.nrfx_dppi_channel_alloc
                0x0000000000011128        0xc modules/hal_nordic/nrfx/libmodules__hal_nordic__nrfx.a(nrfx_dppi.c.obj)
                0x0000000000011128                nrfx_dppi_channel_alloc
 .text.nrf_gpio_pin_port_decode
                0x0000000000011134       0x18 modules/hal_nordic/nrfx/libmodules__hal_nordic__nrfx.a(nrfx_gpiote.c.obj)
 .text.release_handler
                0x000000000001114c       0x6c modules/hal_nordic/nrfx/libmodules__hal_nordic__nrfx.a(nrfx_gpiote.c.obj)
 .text.pin_te_get.isra.0
                0x00000000000111b8       0x18 modules/hal_nordic/nrfx/libmodules__hal_nordic__nrfx.a(nrfx_gpiote.c.obj)
 .text.pin_is_input.isra.0
                0x00000000000111d0       0x20 modules/hal_nordic/nrfx/libmodules__hal_nordic__nrfx.a(nrfx_gpiote.c.obj)
 .text.pin_in_use_by_te.isra.0
                0x00000000000111f0       0x1c modules/hal_nordic/nrfx/libmodules__hal_nordic__nrfx.a(nrfx_gpiote.c.obj)
 .text.latch_pending_read_and_check
                0x000000000001120c       0x1c modules/hal_nordic/nrfx/libmodules__hal_nordic__nrfx.a(nrfx_gpiote.c.obj)
 .text.__nrfy_internal_gpiote_events_process.constprop.0
                0x0000000000011228       0x5c modules/hal_nordic/nrfx/libmodules__hal_nordic__nrfx.a(nrfx_gpiote.c.obj)
 .text.irq_handler.constprop.0
                0x0000000000011284      0x15c modules/hal_nordic/nrfx/libmodules__hal_nordic__nrfx.a(nrfx_gpiote.c.obj)
 .text.pin_uninit
                0x00000000000113e0       0xa0 modules/hal_nordic/nrfx/libmodules__hal_nordic__nrfx.a(nrfx_gpiote.c.obj)
 .text.nrfx_gpiote_input_configure
                0x0000000000011480      0x1f8 modules/hal_nordic/nrfx/libmodules__hal_nordic__nrfx.a(nrfx_gpiote.c.obj)
                0x0000000000011480                nrfx_gpiote_input_configure
 .text.nrfx_gpiote_output_configure
                0x0000000000011678      0x130 modules/hal_nordic/nrfx/libmodules__hal_nordic__nrfx.a(nrfx_gpiote.c.obj)
                0x0000000000011678                nrfx_gpiote_output_configure
 .text.nrfx_gpiote_global_callback_set
                0x00000000000117a8       0x1c modules/hal_nordic/nrfx/libmodules__hal_nordic__nrfx.a(nrfx_gpiote.c.obj)
                0x00000000000117a8                nrfx_gpiote_global_callback_set
 .text.nrfx_gpiote_channel_get
                0x00000000000117c4       0x38 modules/hal_nordic/nrfx/libmodules__hal_nordic__nrfx.a(nrfx_gpiote.c.obj)
                0x00000000000117c4                nrfx_gpiote_channel_get
 .text.nrfx_gpiote_init
                0x00000000000117fc       0x80 modules/hal_nordic/nrfx/libmodules__hal_nordic__nrfx.a(nrfx_gpiote.c.obj)
                0x00000000000117fc                nrfx_gpiote_init
 .text.nrfx_gpiote_init_check
                0x000000000001187c       0x1c modules/hal_nordic/nrfx/libmodules__hal_nordic__nrfx.a(nrfx_gpiote.c.obj)
                0x000000000001187c                nrfx_gpiote_init_check
 .text.nrfx_gpiote_channel_free
                0x0000000000011898       0x18 modules/hal_nordic/nrfx/libmodules__hal_nordic__nrfx.a(nrfx_gpiote.c.obj)
                0x0000000000011898                nrfx_gpiote_channel_free
 .text.nrfx_gpiote_channel_alloc
                0x00000000000118b0       0x18 modules/hal_nordic/nrfx/libmodules__hal_nordic__nrfx.a(nrfx_gpiote.c.obj)
                0x00000000000118b0                nrfx_gpiote_channel_alloc
 .text.nrfx_gpiote_trigger_enable
                0x00000000000118c8       0x9c modules/hal_nordic/nrfx/libmodules__hal_nordic__nrfx.a(nrfx_gpiote.c.obj)
                0x00000000000118c8                nrfx_gpiote_trigger_enable
 .text.nrfx_gpiote_1_irq_handler
                0x0000000000011964        0xc modules/hal_nordic/nrfx/libmodules__hal_nordic__nrfx.a(nrfx_gpiote.c.obj)
                0x0000000000011964                nrfx_gpiote_1_irq_handler
 .text.nrfx_ipc_init
                0x0000000000011970       0x30 modules/hal_nordic/nrfx/libmodules__hal_nordic__nrfx.a(nrfx_ipc.c.obj)
                0x0000000000011970                nrfx_ipc_init
 .text.nrfx_ipc_config_load
                0x00000000000119a0       0x40 modules/hal_nordic/nrfx/libmodules__hal_nordic__nrfx.a(nrfx_ipc.c.obj)
                0x00000000000119a0                nrfx_ipc_config_load
 .text.nrfx_ipc_uninit
                0x00000000000119e0       0x64 modules/hal_nordic/nrfx/libmodules__hal_nordic__nrfx.a(nrfx_ipc.c.obj)
                0x00000000000119e0                nrfx_ipc_uninit
 .text.nrfx_ipc_receive_event_enable
                0x0000000000011a44       0x10 modules/hal_nordic/nrfx/libmodules__hal_nordic__nrfx.a(nrfx_ipc.c.obj)
                0x0000000000011a44                nrfx_ipc_receive_event_enable
 .text.nrfx_ipc_receive_event_disable
                0x0000000000011a54       0x10 modules/hal_nordic/nrfx/libmodules__hal_nordic__nrfx.a(nrfx_ipc.c.obj)
                0x0000000000011a54                nrfx_ipc_receive_event_disable
 .text.nrfx_ipc_irq_handler
                0x0000000000011a64       0x40 modules/hal_nordic/nrfx/libmodules__hal_nordic__nrfx.a(nrfx_ipc.c.obj)
                0x0000000000011a64                nrfx_ipc_irq_handler
 .text.rpc_handle_data_message
                0x0000000000011aa4       0x38 C:/ncs/v2.6.0/nrfxlib/nrf_modem/lib/nRF9120/soft-float/libmodem.a(rpc_framework.c.obj)
                0x0000000000011aa4                rpc_handle_data_message
 .text.rpc_transport_init
                0x0000000000011adc        0xc C:/ncs/v2.6.0/nrfxlib/nrf_modem/lib/nRF9120/soft-float/libmodem.a(rpc_transport.c.obj)
                0x0000000000011adc                rpc_transport_init
 .text.rpc_transport_msg_alloc
                0x0000000000011ae8        0xc C:/ncs/v2.6.0/nrfxlib/nrf_modem/lib/nRF9120/soft-float/libmodem.a(rpc_transport.c.obj)
                0x0000000000011ae8                rpc_transport_msg_alloc
 .text.rpc_transport_msg_data_tx_size
                0x0000000000011af4        0xc C:/ncs/v2.6.0/nrfxlib/nrf_modem/lib/nRF9120/soft-float/libmodem.a(rpc_transport.c.obj)
                0x0000000000011af4                rpc_transport_msg_data_tx_size
 .text.rpc_transport_msg_data_rx_free
                0x0000000000011b00        0xc C:/ncs/v2.6.0/nrfxlib/nrf_modem/lib/nRF9120/soft-float/libmodem.a(rpc_transport.c.obj)
                0x0000000000011b00                rpc_transport_msg_data_rx_free
 .text.rpc_transport_msg_send
                0x0000000000011b0c        0xc C:/ncs/v2.6.0/nrfxlib/nrf_modem/lib/nRF9120/soft-float/libmodem.a(rpc_transport.c.obj)
                0x0000000000011b0c                rpc_transport_msg_send
 .text.rpc_transport_data_rx_suspend
                0x0000000000011b18        0xc C:/ncs/v2.6.0/nrfxlib/nrf_modem/lib/nRF9120/soft-float/libmodem.a(rpc_transport.c.obj)
                0x0000000000011b18                rpc_transport_data_rx_suspend
 .text.rpc_transport_data_rx_resume
                0x0000000000011b24        0xc C:/ncs/v2.6.0/nrfxlib/nrf_modem/lib/nRF9120/soft-float/libmodem.a(rpc_transport.c.obj)
                0x0000000000011b24                rpc_transport_data_rx_resume
 .text.rpc_transport_ipc_msg_data_tx_size
                0x0000000000011b30        0xc C:/ncs/v2.6.0/nrfxlib/nrf_modem/lib/nRF9120/soft-float/libmodem.a(rpc_transport_ipc.c.obj)
 .text.rpc_transport_ipc_msg_tx_free
                0x0000000000011b3c       0x38 C:/ncs/v2.6.0/nrfxlib/nrf_modem/lib/nRF9120/soft-float/libmodem.a(rpc_transport_ipc.c.obj)
 .text.handle_modem_rpc_msg
                0x0000000000011b74       0x68 C:/ncs/v2.6.0/nrfxlib/nrf_modem/lib/nRF9120/soft-float/libmodem.a(rpc_transport_ipc.c.obj)
 .text.rpc_message_handler
                0x0000000000011bdc       0x24 C:/ncs/v2.6.0/nrfxlib/nrf_modem/lib/nRF9120/soft-float/libmodem.a(rpc_transport_ipc.c.obj)
 .text.ipc_irq_handler
                0x0000000000011c00       0xec C:/ncs/v2.6.0/nrfxlib/nrf_modem/lib/nRF9120/soft-float/libmodem.a(rpc_transport_ipc.c.obj)
                0x0000000000011c00                ipc_irq_handler
 .text.rpc_transport_ipc_data_msg_send
                0x0000000000011cec       0x6c C:/ncs/v2.6.0/nrfxlib/nrf_modem/lib/nRF9120/soft-float/libmodem.a(rpc_transport_ipc.c.obj)
 .text.rpc_transport_ipc_ctrl_msg_alloc
                0x0000000000011d58       0x44 C:/ncs/v2.6.0/nrfxlib/nrf_modem/lib/nRF9120/soft-float/libmodem.a(rpc_transport_ipc.c.obj)
 .text.rpc_transport_ipc_data_msg_alloc
                0x0000000000011d9c       0x24 C:/ncs/v2.6.0/nrfxlib/nrf_modem/lib/nRF9120/soft-float/libmodem.a(rpc_transport_ipc.c.obj)
 .text.rpc_transport_ipc_init
                0x0000000000011dc0      0x1d4 C:/ncs/v2.6.0/nrfxlib/nrf_modem/lib/nRF9120/soft-float/libmodem.a(rpc_transport_ipc.c.obj)
 .text.rpc_transport_ipc_ctrl_msg_send
                0x0000000000011f94       0x6c C:/ncs/v2.6.0/nrfxlib/nrf_modem/lib/nRF9120/soft-float/libmodem.a(rpc_transport_ipc.c.obj)
 .text.rpc_transport_ipc_request_shutdown
                0x0000000000012000       0x38 C:/ncs/v2.6.0/nrfxlib/nrf_modem/lib/nRF9120/soft-float/libmodem.a(rpc_transport_ipc.c.obj)
 .text.rpc_transport_ipc_msg_data_rx_free
                0x0000000000012038       0x30 C:/ncs/v2.6.0/nrfxlib/nrf_modem/lib/nRF9120/soft-float/libmodem.a(rpc_transport_ipc.c.obj)
 .text.cfun_post_modem
                0x0000000000012068       0x14 C:/ncs/v2.6.0/nrfxlib/nrf_modem/lib/nRF9120/soft-float/libmodem.a(nrf_modem_at.c.obj)
 .text.cfun_pre_modem
                0x000000000001207c       0x44 C:/ncs/v2.6.0/nrfxlib/nrf_modem/lib/nRF9120/soft-float/libmodem.a(nrf_modem_at.c.obj)
 .text.at_cmd_send
                0x00000000000120c0       0x74 C:/ncs/v2.6.0/nrfxlib/nrf_modem/lib/nRF9120/soft-float/libmodem.a(nrf_modem_at.c.obj)
 .text.at_response_match
                0x0000000000012134       0x48 C:/ncs/v2.6.0/nrfxlib/nrf_modem/lib/nRF9120/soft-float/libmodem.a(nrf_modem_at.c.obj)
 .text.at_cmd_vsprintf
                0x000000000001217c       0x50 C:/ncs/v2.6.0/nrfxlib/nrf_modem/lib/nRF9120/soft-float/libmodem.a(nrf_modem_at.c.obj)
 .text.nrf_modem_at_notif_handler_set
                0x00000000000121cc        0xc C:/ncs/v2.6.0/nrfxlib/nrf_modem/lib/nRF9120/soft-float/libmodem.a(nrf_modem_at.c.obj)
                0x00000000000121cc                nrf_modem_at_notif_handler_set
 .text.nrf_modem_at_cfun_handler_set
                0x00000000000121d8        0xc C:/ncs/v2.6.0/nrfxlib/nrf_modem/lib/nRF9120/soft-float/libmodem.a(nrf_modem_at.c.obj)
                0x00000000000121d8                nrf_modem_at_cfun_handler_set
 .text.nrf_modem_at_printf
                0x00000000000121e4       0xc8 C:/ncs/v2.6.0/nrfxlib/nrf_modem/lib/nRF9120/soft-float/libmodem.a(nrf_modem_at.c.obj)
                0x00000000000121e4                nrf_modem_at_printf
 .text.nrf_modem_at_cmd
                0x00000000000122ac      0x180 C:/ncs/v2.6.0/nrfxlib/nrf_modem/lib/nRF9120/soft-float/libmodem.a(nrf_modem_at.c.obj)
                0x00000000000122ac                nrf_modem_at_cmd
 .text.nrf_modem_at_scanf
                0x000000000001242c       0xf4 C:/ncs/v2.6.0/nrfxlib/nrf_modem/lib/nRF9120/soft-float/libmodem.a(nrf_modem_at.c.obj)
                0x000000000001242c                nrf_modem_at_scanf
 .text.rpc_at_event_handler
                0x0000000000012520       0x88 C:/ncs/v2.6.0/nrfxlib/nrf_modem/lib/nRF9120/soft-float/libmodem.a(nrf_modem_at.c.obj)
                0x0000000000012520                rpc_at_event_handler
 .text.rpc_at_init
                0x00000000000125a8       0x40 C:/ncs/v2.6.0/nrfxlib/nrf_modem/lib/nRF9120/soft-float/libmodem.a(nrf_modem_at.c.obj)
                0x00000000000125a8                rpc_at_init
 .text.sock_unref.isra.0
                0x00000000000125e8       0x3c C:/ncs/v2.6.0/nrfxlib/nrf_modem/lib/nRF9120/soft-float/libmodem.a(sock.c.obj)
 .text.sock_init
                0x0000000000012624       0x3c C:/ncs/v2.6.0/nrfxlib/nrf_modem/lib/nRF9120/soft-float/libmodem.a(sock.c.obj)
                0x0000000000012624                sock_init
 .text.sock_open
                0x0000000000012660       0x68 C:/ncs/v2.6.0/nrfxlib/nrf_modem/lib/nRF9120/soft-float/libmodem.a(sock.c.obj)
                0x0000000000012660                sock_open
 .text.sock_find
                0x00000000000126c8       0x24 C:/ncs/v2.6.0/nrfxlib/nrf_modem/lib/nRF9120/soft-float/libmodem.a(sock.c.obj)
                0x00000000000126c8                sock_find
 .text._sock_close
                0x00000000000126ec       0x30 C:/ncs/v2.6.0/nrfxlib/nrf_modem/lib/nRF9120/soft-float/libmodem.a(sock.c.obj)
                0x00000000000126ec                _sock_close
 .text.sock_shutdown
                0x000000000001271c       0x28 C:/ncs/v2.6.0/nrfxlib/nrf_modem/lib/nRF9120/soft-float/libmodem.a(sock.c.obj)
                0x000000000001271c                sock_shutdown
 .text.sock_rpc_flow_control_set
                0x0000000000012744       0x50 C:/ncs/v2.6.0/nrfxlib/nrf_modem/lib/nRF9120/soft-float/libmodem.a(sock.c.obj)
                0x0000000000012744                sock_rpc_flow_control_set
 .text.sock_proto_is_valid
                0x0000000000012794       0x30 C:/ncs/v2.6.0/nrfxlib/nrf_modem/lib/nRF9120/soft-float/libmodem.a(sock.c.obj)
                0x0000000000012794                sock_proto_is_valid
 .text.on_getaddrinfo_res
                0x00000000000127c4       0x14 C:/ncs/v2.6.0/nrfxlib/nrf_modem/lib/nRF9120/soft-float/libmodem.a(dns.c.obj)
                0x00000000000127c4                on_getaddrinfo_res
 .text.addrinfo_init
                0x00000000000127d8       0x1c C:/ncs/v2.6.0/nrfxlib/nrf_modem/lib/nRF9120/soft-float/libmodem.a(dns.c.obj)
                0x00000000000127d8                addrinfo_init
 .text.nrf_getaddrinfo
                0x00000000000127f4      0x300 C:/ncs/v2.6.0/nrfxlib/nrf_modem/lib/nRF9120/soft-float/libmodem.a(dns.c.obj)
                0x00000000000127f4                nrf_getaddrinfo
 .text.rpc_ip_event_handler
                0x0000000000012af4      0x2d8 C:/ncs/v2.6.0/nrfxlib/nrf_modem/lib/nRF9120/soft-float/libmodem.a(ip.c.obj)
                0x0000000000012af4                rpc_ip_event_handler
 .text.nrf_close
                0x0000000000012dcc       0x64 C:/ncs/v2.6.0/nrfxlib/nrf_modem/lib/nRF9120/soft-float/libmodem.a(ip.c.obj)
                0x0000000000012dcc                nrf_close
 .text.nrf_setsockopt
                0x0000000000012e30      0x258 C:/ncs/v2.6.0/nrfxlib/nrf_modem/lib/nRF9120/soft-float/libmodem.a(ip.c.obj)
                0x0000000000012e30                nrf_setsockopt
 .text.nrf_getsockopt
                0x0000000000013088      0x1b4 C:/ncs/v2.6.0/nrfxlib/nrf_modem/lib/nRF9120/soft-float/libmodem.a(ip.c.obj)
                0x0000000000013088                nrf_getsockopt
 .text.rpc_ip_init
                0x000000000001323c       0x24 C:/ncs/v2.6.0/nrfxlib/nrf_modem/lib/nRF9120/soft-float/libmodem.a(ip.c.obj)
                0x000000000001323c                rpc_ip_init
 .text.on_tls_attach_res
                0x0000000000013260       0x30 C:/ncs/v2.6.0/nrfxlib/nrf_modem/lib/nRF9120/soft-float/libmodem.a(tls.c.obj)
                0x0000000000013260                on_tls_attach_res
 .text.on_tls_handshake_ntf
                0x0000000000013290       0x3c C:/ncs/v2.6.0/nrfxlib/nrf_modem/lib/nRF9120/soft-float/libmodem.a(tls.c.obj)
                0x0000000000013290                on_tls_handshake_ntf
 .text.tls_attach
                0x00000000000132cc       0xf4 C:/ncs/v2.6.0/nrfxlib/nrf_modem/lib/nRF9120/soft-float/libmodem.a(tls.c.obj)
                0x00000000000132cc                tls_attach
 .text.nrf_af_to_rpc_af
                0x00000000000133c0       0x10 C:/ncs/v2.6.0/nrfxlib/nrf_modem/lib/nRF9120/soft-float/libmodem.a(tables.c.obj)
                0x00000000000133c0                nrf_af_to_rpc_af
 .text.nrf_so_to_rpc_so
                0x00000000000133d0       0x18 C:/ncs/v2.6.0/nrfxlib/nrf_modem/lib/nRF9120/soft-float/libmodem.a(tables.c.obj)
                0x00000000000133d0                nrf_so_to_rpc_so
 .text.rpc_error_to_nrf_errno
                0x00000000000133e8       0x18 C:/ncs/v2.6.0/nrfxlib/nrf_modem/lib/nRF9120/soft-float/libmodem.a(tables.c.obj)
                0x00000000000133e8                rpc_error_to_nrf_errno
 .text.nrf_rai_to_rpc_rai
                0x0000000000013400       0x18 C:/ncs/v2.6.0/nrfxlib/nrf_modem/lib/nRF9120/soft-float/libmodem.a(tables.c.obj)
                0x0000000000013400                nrf_rai_to_rpc_rai
 .text._req_forward
                0x0000000000013418       0x40 C:/ncs/v2.6.0/nrfxlib/nrf_modem/lib/nRF9120/soft-float/libmodem.a(reqres.c.obj)
                0x0000000000013418                _req_forward
 .text.rpc_gnss_event_handler
                0x0000000000013458      0x138 C:/ncs/v2.6.0/nrfxlib/nrf_modem/lib/nRF9120/soft-float/libmodem.a(nrf_modem_gnss.c.obj)
                0x0000000000013458                rpc_gnss_event_handler
 .text.rpc_gnss_init
                0x0000000000013590       0x44 C:/ncs/v2.6.0/nrfxlib/nrf_modem/lib/nRF9120/soft-float/libmodem.a(nrf_modem_gnss.c.obj)
                0x0000000000013590                rpc_gnss_init
 .text.rpc_gnss_deinit
                0x00000000000135d4       0x3c C:/ncs/v2.6.0/nrfxlib/nrf_modem/lib/nRF9120/soft-float/libmodem.a(nrf_modem_gnss.c.obj)
                0x00000000000135d4                rpc_gnss_deinit
 .text.rpc_softsim_event_handler
                0x0000000000013610       0x24 C:/ncs/v2.6.0/nrfxlib/nrf_modem/lib/nRF9120/soft-float/libmodem.a(nrf_modem_softsim.c.obj)
                0x0000000000013610                rpc_softsim_event_handler
 .text.modem_off
                0x0000000000013634       0x28 C:/ncs/v2.6.0/nrfxlib/nrf_modem/lib/nRF9120/soft-float/libmodem.a(nrf_modem.c.obj)
 .text.nrf_modem_platform_init
                0x000000000001365c       0x3c C:/ncs/v2.6.0/nrfxlib/nrf_modem/lib/nRF9120/soft-float/libmodem.a(nrf_modem.c.obj)
 .text.atomic_set.constprop.0.isra.0
                0x0000000000013698       0x14 C:/ncs/v2.6.0/nrfxlib/nrf_modem/lib/nRF9120/soft-float/libmodem.a(nrf_modem.c.obj)
 .text.nrf_modem_init
                0x00000000000136ac       0xcc C:/ncs/v2.6.0/nrfxlib/nrf_modem/lib/nRF9120/soft-float/libmodem.a(nrf_modem.c.obj)
                0x00000000000136ac                nrf_modem_init
 .text.nrf_modem_fault_handler_set
                0x0000000000013778        0xc C:/ncs/v2.6.0/nrfxlib/nrf_modem/lib/nRF9120/soft-float/libmodem.a(nrf_modem_fault.c.obj)
                0x0000000000013778                nrf_modem_fault_handler_set
 .text.nrf_modem_fault_handler_internal
                0x0000000000013784       0x18 C:/ncs/v2.6.0/nrfxlib/nrf_modem/lib/nRF9120/soft-float/libmodem.a(nrf_modem_fault.c.obj)
                0x0000000000013784                nrf_modem_fault_handler_internal
 .text.nrf_modem_state_set
                0x000000000001379c        0xc C:/ncs/v2.6.0/nrfxlib/nrf_modem/lib/nRF9120/soft-float/libmodem.a(nrf_modem_state.c.obj)
                0x000000000001379c                nrf_modem_state_set
 .text.nrf_modem_state_is_initialized
                0x00000000000137a8       0x10 C:/ncs/v2.6.0/nrfxlib/nrf_modem/lib/nRF9120/soft-float/libmodem.a(nrf_modem_state.c.obj)
                0x00000000000137a8                nrf_modem_state_is_initialized
 .text.ipc_trace_init
                0x00000000000137b8       0x38 C:/ncs/v2.6.0/nrfxlib/nrf_modem/lib/nRF9120/soft-float/libmodem.a(ipc_trace.c.obj)
                0x00000000000137b8                ipc_trace_init
 .text.ipc_trace_handler
                0x00000000000137f0       0xc8 C:/ncs/v2.6.0/nrfxlib/nrf_modem/lib/nRF9120/soft-float/libmodem.a(ipc_trace.c.obj)
                0x00000000000137f0                ipc_trace_handler
 .text.z_impl_z_errno
                0x00000000000138b8        0xc zephyr/kernel/libkernel.a(errno.c.obj)
                0x00000000000138b8                z_impl_z_errno
 .text.z_fatal_error
                0x00000000000138c4       0xec zephyr/kernel/libkernel.a(fatal.c.obj)
                0x00000000000138c4                z_fatal_error
 .text.z_sys_init_run_level
                0x00000000000139b0       0x48 zephyr/kernel/libkernel.a(init.c.obj)
 .text.bg_thread_main
                0x00000000000139f8       0x34 zephyr/kernel/libkernel.a(init.c.obj)
 .text.z_bss_zero
                0x0000000000013a2c       0x18 zephyr/kernel/libkernel.a(init.c.obj)
                0x0000000000013a2c                z_bss_zero
 .text.z_init_cpu
                0x0000000000013a44       0x7c zephyr/kernel/libkernel.a(init.c.obj)
                0x0000000000013a44                z_init_cpu
 .text.z_cstart
                0x0000000000013ac0       0xe4 zephyr/kernel/libkernel.a(init.c.obj)
                0x0000000000013ac0                z_cstart
 .text.statics_init
                0x0000000000013ba4       0x24 zephyr/kernel/libkernel.a(kheap.c.obj)
 .text.init_mem_slab_obj_core_list
                0x0000000000013bc8       0x24 zephyr/kernel/libkernel.a(mem_slab.c.obj)
 .text.z_setup_new_thread
                0x0000000000013bec       0x60 zephyr/kernel/libkernel.a(thread.c.obj)
                0x0000000000013bec                z_setup_new_thread
 .text.z_impl_k_thread_create
                0x0000000000013c4c       0x58 zephyr/kernel/libkernel.a(thread.c.obj)
                0x0000000000013c4c                z_impl_k_thread_create
 .text.z_init_static_threads
                0x0000000000013ca4       0x98 zephyr/kernel/libkernel.a(thread.c.obj)
                0x0000000000013ca4                z_init_static_threads
 .text.z_impl_k_mutex_unlock
                0x0000000000013d3c       0x78 zephyr/kernel/libkernel.a(mutex.c.obj)
                0x0000000000013d3c                z_impl_k_mutex_unlock
 .text.z_impl_k_mutex_lock
                0x0000000000013db4       0xf4 zephyr/kernel/libkernel.a(mutex.c.obj)
                0x0000000000013db4                z_impl_k_mutex_lock
 .text.z_impl_k_queue_get
                0x0000000000013ea8       0x68 zephyr/kernel/libkernel.a(queue.c.obj)
                0x0000000000013ea8                z_impl_k_queue_get
 .text.z_impl_k_sem_give
                0x0000000000013f10       0x4c zephyr/kernel/libkernel.a(sem.c.obj)
                0x0000000000013f10                z_impl_k_sem_give
 .text.z_impl_k_sem_take
                0x0000000000013f5c       0x50 zephyr/kernel/libkernel.a(sem.c.obj)
                0x0000000000013f5c                z_impl_k_sem_take
 .text.z_impl_k_sem_reset
                0x0000000000013fac       0x44 zephyr/kernel/libkernel.a(sem.c.obj)
                0x0000000000013fac                z_impl_k_sem_reset
 .text.work_queue_main
                0x0000000000013ff0      0x138 zephyr/kernel/libkernel.a(work.c.obj)
 .text.submit_to_queue_locked
                0x0000000000014128       0xb4 zephyr/kernel/libkernel.a(work.c.obj)
 .text.k_work_submit
                0x00000000000141dc        0xc zephyr/kernel/libkernel.a(work.c.obj)
                0x00000000000141dc                k_work_submit
 .text.k_work_queue_start
                0x00000000000141e8       0x70 zephyr/kernel/libkernel.a(work.c.obj)
                0x00000000000141e8                k_work_queue_start
 .text.k_work_schedule_for_queue
                0x0000000000014258       0x54 zephyr/kernel/libkernel.a(work.c.obj)
                0x0000000000014258                k_work_schedule_for_queue
 .text.k_work_schedule
                0x00000000000142ac        0xc zephyr/kernel/libkernel.a(work.c.obj)
                0x00000000000142ac                k_work_schedule
 .text.k_work_reschedule_for_queue
                0x00000000000142b8       0x5c zephyr/kernel/libkernel.a(work.c.obj)
                0x00000000000142b8                k_work_reschedule_for_queue
 .text.k_work_reschedule
                0x0000000000014314        0xc zephyr/kernel/libkernel.a(work.c.obj)
                0x0000000000014314                k_work_reschedule
 .text.sliceable
                0x0000000000014320       0x3c zephyr/kernel/libkernel.a(sched.c.obj)
 .text.slice_timeout
                0x000000000001435c       0x20 zephyr/kernel/libkernel.a(sched.c.obj)
 .text.z_reset_time_slice
                0x000000000001437c       0x50 zephyr/kernel/libkernel.a(sched.c.obj)
                0x000000000001437c                z_reset_time_slice
 .text.update_cache
                0x00000000000143cc       0x3c zephyr/kernel/libkernel.a(sched.c.obj)
 .text.move_thread_to_end_of_prio_q
                0x0000000000014408       0x74 zephyr/kernel/libkernel.a(sched.c.obj)
 .text.ready_thread
                0x000000000001447c       0x68 zephyr/kernel/libkernel.a(sched.c.obj)
 .text.unready_thread
                0x00000000000144e4       0x30 zephyr/kernel/libkernel.a(sched.c.obj)
 .text.pend_locked
                0x0000000000014514       0x30 zephyr/kernel/libkernel.a(sched.c.obj)
 .text.z_thread_halt
                0x0000000000014544       0xa0 zephyr/kernel/libkernel.a(sched.c.obj)
 .text.z_time_slice
                0x00000000000145e4       0x60 zephyr/kernel/libkernel.a(sched.c.obj)
                0x00000000000145e4                z_time_slice
 .text.z_pend_curr
                0x0000000000014644       0x3c zephyr/kernel/libkernel.a(sched.c.obj)
                0x0000000000014644                z_pend_curr
 .text.z_set_prio
                0x0000000000014680       0x8c zephyr/kernel/libkernel.a(sched.c.obj)
                0x0000000000014680                z_set_prio
 .text.z_reschedule
                0x000000000001470c       0x24 zephyr/kernel/libkernel.a(sched.c.obj)
                0x000000000001470c                z_reschedule
 .text.z_sched_start
                0x0000000000014730       0x3c zephyr/kernel/libkernel.a(sched.c.obj)
                0x0000000000014730                z_sched_start
 .text.k_sched_lock
                0x000000000001476c       0x28 zephyr/kernel/libkernel.a(sched.c.obj)
                0x000000000001476c                k_sched_lock
 .text.k_sched_unlock
                0x0000000000014794       0x38 zephyr/kernel/libkernel.a(sched.c.obj)
                0x0000000000014794                k_sched_unlock
 .text.z_sched_init
                0x00000000000147cc       0x10 zephyr/kernel/libkernel.a(sched.c.obj)
                0x00000000000147cc                z_sched_init
 .text.z_impl_k_yield
                0x00000000000147dc       0x7c zephyr/kernel/libkernel.a(sched.c.obj)
                0x00000000000147dc                z_impl_k_yield
 .text.z_tick_sleep
                0x0000000000014858       0x88 zephyr/kernel/libkernel.a(sched.c.obj)
 .text.z_impl_k_sleep
                0x00000000000148e0       0x34 zephyr/kernel/libkernel.a(sched.c.obj)
                0x00000000000148e0                z_impl_k_sleep
 .text.z_impl_k_sched_current_thread_query
                0x0000000000014914        0xc zephyr/kernel/libkernel.a(sched.c.obj)
                0x0000000000014914                z_impl_k_sched_current_thread_query
 .text.z_sched_wait
                0x0000000000014920       0x24 zephyr/kernel/libkernel.a(sched.c.obj)
                0x0000000000014920                z_sched_wait
 .text.z_data_copy
                0x0000000000014944       0x34 zephyr/kernel/libkernel.a(xip.c.obj)
                0x0000000000014944                z_data_copy
 .text.elapsed  0x0000000000014978       0x14 zephyr/kernel/libkernel.a(timeout.c.obj)
 .text.next_timeout
                0x000000000001498c       0x40 zephyr/kernel/libkernel.a(timeout.c.obj)
 .text.remove_timeout
                0x00000000000149cc       0x38 zephyr/kernel/libkernel.a(timeout.c.obj)
 .text.z_add_timeout
                0x0000000000014a04       0xec zephyr/kernel/libkernel.a(timeout.c.obj)
                0x0000000000014a04                z_add_timeout
 .text.sys_clock_announce
                0x0000000000014af0       0xd4 zephyr/kernel/libkernel.a(timeout.c.obj)
                0x0000000000014af0                sys_clock_announce
 .text.sys_clock_tick_get
                0x0000000000014bc4       0x34 zephyr/kernel/libkernel.a(timeout.c.obj)
                0x0000000000014bc4                sys_clock_tick_get
 .text.z_timer_expiration_handler
                0x0000000000014bf8       0xe4 zephyr/kernel/libkernel.a(timer.c.obj)
                0x0000000000014bf8                z_timer_expiration_handler
 .text.z_impl_k_timer_start
                0x0000000000014cdc       0x74 zephyr/kernel/libkernel.a(timer.c.obj)
                0x0000000000014cdc                z_impl_k_timer_start
 .text.z_impl_k_poll
                0x0000000000014d50       0xb8 zephyr/kernel/libkernel.a(poll.c.obj)
                0x0000000000014d50                z_impl_k_poll
 .text.z_impl_k_poll_signal_raise
                0x0000000000014e08       0x50 zephyr/kernel/libkernel.a(poll.c.obj)
                0x0000000000014e08                z_impl_k_poll_signal_raise
 .text.k_aligned_alloc
                0x0000000000014e58       0x10 zephyr/kernel/libkernel.a(mempool.c.obj)
                0x0000000000014e58                k_aligned_alloc
 .text.k_thread_system_pool_assign
                0x0000000000014e68        0xc zephyr/kernel/libkernel.a(mempool.c.obj)
                0x0000000000014e68                k_thread_system_pool_assign
 .text.z_thread_aligned_alloc
                0x0000000000014e74       0x30 zephyr/kernel/libkernel.a(mempool.c.obj)
                0x0000000000014e74                z_thread_aligned_alloc
 .text.boot_banner
                0x0000000000014ea4        0xc zephyr/kernel/libkernel.a(banner.c.obj)
                0x0000000000014ea4                boot_banner
 .text.k_sys_work_q_init
                0x0000000000014eb0       0x34 zephyr/kernel/libkernel.a(system_work_q.c.obj)
 .text._free_r  0x0000000000014ee4       0x94 C:/ncs/toolchains/cf2149caf2/opt/zephyr-sdk/arm-zephyr-eabi/arm-zephyr-eabi/lib/thumb/v8-m.main/nofp\libc_nano.a(lib_a-nano-freer.o)
                0x0000000000014ee4                _free_r
 .text._malloc_r
                0x0000000000014f78       0xb4 C:/ncs/toolchains/cf2149caf2/opt/zephyr-sdk/arm-zephyr-eabi/arm-zephyr-eabi/lib/thumb/v8-m.main/nofp\libc_nano.a(lib_a-nano-mallocr.o)
                0x0000000000014f78                _malloc_r
 .text._printf_i
                0x000000000001502c      0x25c C:/ncs/toolchains/cf2149caf2/opt/zephyr-sdk/arm-zephyr-eabi/arm-zephyr-eabi/lib/thumb/v8-m.main/nofp\libc_nano.a(lib_a-nano-vfprintf_i.o)
                0x000000000001502c                _printf_i
 .text._sbrk_r  0x0000000000015288       0x20 C:/ncs/toolchains/cf2149caf2/opt/zephyr-sdk/arm-zephyr-eabi/arm-zephyr-eabi/lib/thumb/v8-m.main/nofp\libc_nano.a(lib_a-sbrkr.o)
                0x0000000000015288                _sbrk_r
 .text.snprintf
                0x00000000000152a8       0x68 C:/ncs/toolchains/cf2149caf2/opt/zephyr-sdk/arm-zephyr-eabi/arm-zephyr-eabi/lib/thumb/v8-m.main/nofp\libc_nano.a(lib_a-snprintf.o)
                0x00000000000152a8                sniprintf
                0x00000000000152a8                snprintf
 .text.strncasecmp
                0x0000000000015310       0x44 C:/ncs/toolchains/cf2149caf2/opt/zephyr-sdk/arm-zephyr-eabi/arm-zephyr-eabi/lib/thumb/v8-m.main/nofp\libc_nano.a(lib_a-strncasecmp.o)
                0x0000000000015310                strncasecmp
 .text._strtol_l.constprop.0
                0x0000000000015354       0xfc C:/ncs/toolchains/cf2149caf2/opt/zephyr-sdk/arm-zephyr-eabi/arm-zephyr-eabi/lib/thumb/v8-m.main/nofp\libc_nano.a(lib_a-strtol.o)
 .text.strtol   0x0000000000015450       0x14 C:/ncs/toolchains/cf2149caf2/opt/zephyr-sdk/arm-zephyr-eabi/arm-zephyr-eabi/lib/thumb/v8-m.main/nofp\libc_nano.a(lib_a-strtol.o)
                0x0000000000015450                strtol
 .text._strtoll_l.constprop.0
                0x0000000000015464      0x128 C:/ncs/toolchains/cf2149caf2/opt/zephyr-sdk/arm-zephyr-eabi/arm-zephyr-eabi/lib/thumb/v8-m.main/nofp\libc_nano.a(lib_a-strtoll.o)
 .text.strtoll  0x000000000001558c       0x14 C:/ncs/toolchains/cf2149caf2/opt/zephyr-sdk/arm-zephyr-eabi/arm-zephyr-eabi/lib/thumb/v8-m.main/nofp\libc_nano.a(lib_a-strtoll.o)
                0x000000000001558c                strtoll
 .text._strtoul_l.constprop.0
                0x00000000000155a0       0xe4 C:/ncs/toolchains/cf2149caf2/opt/zephyr-sdk/arm-zephyr-eabi/arm-zephyr-eabi/lib/thumb/v8-m.main/nofp\libc_nano.a(lib_a-strtoul.o)
 .text.strtoul  0x0000000000015684       0x14 C:/ncs/toolchains/cf2149caf2/opt/zephyr-sdk/arm-zephyr-eabi/arm-zephyr-eabi/lib/thumb/v8-m.main/nofp\libc_nano.a(lib_a-strtoul.o)
                0x0000000000015684                strtoul
 .text.vsnprintf
                0x0000000000015698       0x1c C:/ncs/toolchains/cf2149caf2/opt/zephyr-sdk/arm-zephyr-eabi/arm-zephyr-eabi/lib/thumb/v8-m.main/nofp\libc_nano.a(lib_a-vsnprintf.o)
                0x0000000000015698                vsniprintf
                0x0000000000015698                vsnprintf
 .text._vsscanf_r
                0x00000000000156b4       0x48 C:/ncs/toolchains/cf2149caf2/opt/zephyr-sdk/arm-zephyr-eabi/arm-zephyr-eabi/lib/thumb/v8-m.main/nofp\libc_nano.a(lib_a-vsscanf.o)
                0x00000000000156b4                _vsscanf_r
                0x00000000000156b4                _vsiscanf_r
 .text.vsscanf  0x00000000000156fc       0x14 C:/ncs/toolchains/cf2149caf2/opt/zephyr-sdk/arm-zephyr-eabi/arm-zephyr-eabi/lib/thumb/v8-m.main/nofp\libc_nano.a(lib_a-vsscanf.o)
                0x00000000000156fc                vsiscanf
                0x00000000000156fc                vsscanf
 .text.__malloc_lock
                0x0000000000015710        0xc C:/ncs/toolchains/cf2149caf2/opt/zephyr-sdk/arm-zephyr-eabi/arm-zephyr-eabi/lib/thumb/v8-m.main/nofp\libc_nano.a(lib_a-mlock.o)
                0x0000000000015710                __malloc_lock
 .text.__malloc_unlock
                0x000000000001571c        0xc C:/ncs/toolchains/cf2149caf2/opt/zephyr-sdk/arm-zephyr-eabi/arm-zephyr-eabi/lib/thumb/v8-m.main/nofp\libc_nano.a(lib_a-mlock.o)
                0x000000000001571c                __malloc_unlock
 .text._svfprintf_r
                0x0000000000015728      0x1f8 C:/ncs/toolchains/cf2149caf2/opt/zephyr-sdk/arm-zephyr-eabi/arm-zephyr-eabi/lib/thumb/v8-m.main/nofp\libc_nano.a(lib_a-nano-svfprintf.o)
                0x0000000000015728                _svfiprintf_r
                0x0000000000015728                _svfprintf_r
 .text.__ssvfscanf_r
                0x0000000000015920      0x2f0 C:/ncs/toolchains/cf2149caf2/opt/zephyr-sdk/arm-zephyr-eabi/arm-zephyr-eabi/lib/thumb/v8-m.main/nofp\libc_nano.a(lib_a-nano-svfscanf.o)
                0x0000000000015920                __ssvfiscanf_r
                0x0000000000015920                __ssvfscanf_r
 .text._scanf_chars
                0x0000000000015c10       0xb4 C:/ncs/toolchains/cf2149caf2/opt/zephyr-sdk/arm-zephyr-eabi/arm-zephyr-eabi/lib/thumb/v8-m.main/nofp\libc_nano.a(lib_a-nano-vfscanf_i.o)
                0x0000000000015c10                _scanf_chars
 .text._scanf_i
                0x0000000000015cc4      0x1fc C:/ncs/toolchains/cf2149caf2/opt/zephyr-sdk/arm-zephyr-eabi/arm-zephyr-eabi/lib/thumb/v8-m.main/nofp\libc_nano.a(lib_a-nano-vfscanf_i.o)
                0x0000000000015cc4                _scanf_i
 .text._OffsetAbsSyms
                0x0000000000015ec0        0x2 zephyr/CMakeFiles/offsets.dir/./arch/arm/core/offsets/offsets.c.obj
                0x0000000000015ec0                _OffsetAbsSyms
 .text.z_log_msg_simple_create_1
                0x0000000000015ec2        0x4 app/libapp.a(mqtt_connection.c.obj)
 .text.fds_init
                0x0000000000015ec6       0x18 app/libapp.a(mqtt_connection.c.obj)
                0x0000000000015ec6                fds_init
 .text.z_log_msg_simple_create_0
                0x0000000000015ede        0x4 app/libapp.a(main.c.obj)
 .text.z_log_msg_simple_create_1
                0x0000000000015ee2        0x4 app/libapp.a(main.c.obj)
 .text.button_handler
                0x0000000000015ee6        0xe app/libapp.a(main.c.obj)
 .text.cbpprintf_external
                0x0000000000015ef4       0x62 zephyr/libzephyr.a(cbprintf_packaged.c.obj)
                0x0000000000015ef4                cbpprintf_external
 .text.is_ptr   0x0000000000015f56       0x4a zephyr/libzephyr.a(cbprintf_packaged.c.obj)
                0x0000000000015f56                is_ptr
 .text.arch_printk_char_out
                0x0000000000015fa0        0x4 zephyr/libzephyr.a(printk.c.obj)
                0x0000000000015fa0                arch_printk_char_out
 .text.str_out  0x0000000000015fa4       0x26 zephyr/libzephyr.a(printk.c.obj)
 .text.printk   0x0000000000015fca       0x1a zephyr/libzephyr.a(printk.c.obj)
                0x0000000000015fca                printk
 .text.snprintk
                0x0000000000015fe4       0x1a zephyr/libzephyr.a(printk.c.obj)
                0x0000000000015fe4                snprintk
 .text.z_thread_entry
                0x0000000000015ffe       0x14 zephyr/libzephyr.a(thread_entry.c.obj)
                0x0000000000015ffe                z_thread_entry
 .text.chunk_field
                0x0000000000016012       0x16 zephyr/libzephyr.a(heap.c.obj)
 .text.chunk_set
                0x0000000000016028       0x16 zephyr/libzephyr.a(heap.c.obj)
 .text.chunk_size
                0x000000000001603e        0xc zephyr/libzephyr.a(heap.c.obj)
 .text.set_chunk_used
                0x000000000001604a       0x30 zephyr/libzephyr.a(heap.c.obj)
 .text.set_chunk_size
                0x000000000001607a        0x8 zephyr/libzephyr.a(heap.c.obj)
 .text.mem_to_chunkid