Archive member included to satisfy reference by file (symbol)

app/libapp.a(main.c.obj)      (--whole-archive)
app/libapp.a(flash_map_extended.c.obj)
                              (--whole-archive)
app/libapp.a(os.c.obj)        (--whole-archive)
app/libapp.a(keys.c.obj)      (--whole-archive)
app/libapp.a(image_validate.c.obj)
                              (--whole-archive)
app/libapp.a(tlv.c.obj)       (--whole-archive)
app/libapp.a(encrypted.c.obj)
                              (--whole-archive)
app/libapp.a(image_rsa.c.obj)
                              (--whole-archive)
app/libapp.a(image_ecdsa.c.obj)
                              (--whole-archive)
app/libapp.a(image_ed25519.c.obj)
                              (--whole-archive)
app/libapp.a(bootutil_misc.c.obj)
                              (--whole-archive)
app/libapp.a(fault_injection_hardening.c.obj)
                              (--whole-archive)
app/libapp.a(loader.c.obj)    (--whole-archive)
app/libapp.a(swap_misc.c.obj)
                              (--whole-archive)
app/libapp.a(swap_scratch.c.obj)
                              (--whole-archive)
app/libapp.a(swap_move.c.obj)
                              (--whole-archive)
app/libapp.a(caps.c.obj)      (--whole-archive)
app/libapp.a(asn1parse.c.obj)
                              (--whole-archive)
app/libapp.a(platform_util.c.obj)
                              (--whole-archive)
app/libapp.a(cc310_glue.c.obj)
                              (--whole-archive)
app/libapp.a(autogen-pubkey.c.obj)
                              (--whole-archive)
app/libapp.a(arm_cleanup.c.obj)
                              (--whole-archive)
app/libapp.a(nrf_cleanup.c.obj)
                              (--whole-archive)
zephyr/libzephyr.a(cbprintf_packaged.c.obj)
                              (--whole-archive)
zephyr/libzephyr.a(dec.c.obj)
                              (--whole-archive)
zephyr/libzephyr.a(hex.c.obj)
                              (--whole-archive)
zephyr/libzephyr.a(printk.c.obj)
                              (--whole-archive)
zephyr/libzephyr.a(rb.c.obj)  (--whole-archive)
zephyr/libzephyr.a(sem.c.obj)
                              (--whole-archive)
zephyr/libzephyr.a(thread_entry.c.obj)
                              (--whole-archive)
zephyr/libzephyr.a(timeutil.c.obj)
                              (--whole-archive)
zephyr/libzephyr.a(heap.c.obj)
                              (--whole-archive)
zephyr/libzephyr.a(heap-validate.c.obj)
                              (--whole-archive)
zephyr/libzephyr.a(bitarray.c.obj)
                              (--whole-archive)
zephyr/libzephyr.a(multi_heap.c.obj)
                              (--whole-archive)
zephyr/libzephyr.a(onoff.c.obj)
                              (--whole-archive)
zephyr/libzephyr.a(notify.c.obj)
                              (--whole-archive)
zephyr/libzephyr.a(cbprintf_nano.c.obj)
                              (--whole-archive)
zephyr/libzephyr.a(cbprintf.c.obj)
                              (--whole-archive)
zephyr/libzephyr.a(assert.c.obj)
                              (--whole-archive)
zephyr/libzephyr.a(reboot.c.obj)
                              (--whole-archive)
zephyr/libzephyr.a(configs.c.obj)
                              (--whole-archive)
zephyr/libzephyr.a(log_minimal.c.obj)
                              (--whole-archive)
zephyr/libzephyr.a(flash_map.c.obj)
                              (--whole-archive)
zephyr/libzephyr.a(flash_map_layout.c.obj)
                              (--whole-archive)
zephyr/libzephyr.a(tracing_none.c.obj)
                              (--whole-archive)
zephyr/libzephyr.a(flash_map_partition_manager.c.obj)
                              (--whole-archive)
zephyr/libzephyr.a(nrf_cc3xx_platform_abort_zephyr.c.obj)
                              (--whole-archive)
zephyr/libzephyr.a(nrf_cc3xx_platform_no_mutex_zephyr.c.obj)
                              (--whole-archive)
zephyr/arch/common/libarch__common.a(sw_isr_common.c.obj)
                              (--whole-archive)
zephyr/arch/arch/arm/core/libarch__arm__core.a(fatal.c.obj)
                              (--whole-archive)
zephyr/arch/arch/arm/core/libarch__arm__core.a(nmi.c.obj)
                              (--whole-archive)
zephyr/arch/arch/arm/core/libarch__arm__core.a(nmi_on_reset.S.obj)
                              (--whole-archive)
zephyr/arch/arch/arm/core/cortex_m/libarch__arm__core__cortex_m.a(exc_exit.S.obj)
                              (--whole-archive)
zephyr/arch/arch/arm/core/cortex_m/libarch__arm__core__cortex_m.a(fault.c.obj)
                              (--whole-archive)
zephyr/arch/arch/arm/core/cortex_m/libarch__arm__core__cortex_m.a(fault_s.S.obj)
                              (--whole-archive)
zephyr/arch/arch/arm/core/cortex_m/libarch__arm__core__cortex_m.a(fpu.c.obj)
                              (--whole-archive)
zephyr/arch/arch/arm/core/cortex_m/libarch__arm__core__cortex_m.a(reset.S.obj)
[...]
Memory Configuration

Name             Origin             Length             Attributes
FLASH            0x0000000000008200 0x000000000000c000 xr
RAM              0x0000000020000000 0x0000000000008000 xw
IDT_LIST         0x00000000ffff7fff 0x0000000000008000 xw
*default*        0x0000000000000000 0xffffffffffffffff

Linker script and memory map

LOAD zephyr/CMakeFiles/zephyr_final.dir/misc/empty_file.c.obj
LOAD zephyr/CMakeFiles/zephyr_final.dir/isr_tables.c.obj
LOAD zephyr/CMakeFiles/offsets.dir/./arch/arm/core/offsets/offsets.c.obj
LOAD app/libapp.a
LOAD zephyr/libzephyr.a
LOAD zephyr/arch/common/libarch__common.a
LOAD zephyr/arch/arch/arm/core/libarch__arm__core.a
LOAD zephyr/arch/arch/arm/core/cortex_m/libarch__arm__core__cortex_m.a
LOAD zephyr/arch/arch/arm/core/cortex_m/cmse/libarch__arm__core__cortex_m__cmse.a
LOAD zephyr/lib/libc/minimal/liblib__libc__minimal.a
LOAD zephyr/lib/libc/common/liblib__libc__common.a
LOAD zephyr/soc/soc/arm/nordic_nrf/libsoc__arm__nordic_nrf.a
LOAD zephyr/drivers/clock_control/libdrivers__clock_control.a
LOAD zephyr/drivers/console/libdrivers__console.a
LOAD zephyr/drivers/flash/libdrivers__flash.a
LOAD zephyr/drivers/gpio/libdrivers__gpio.a
LOAD zephyr/drivers/pinctrl/libdrivers__pinctrl.a
LOAD zephyr/drivers/serial/libdrivers__serial.a
LOAD zephyr/drivers/timer/libdrivers__timer.a
LOAD modules/nrf/lib/fprotect/lib..__nrf__lib__fprotect.a
LOAD modules/nrf/lib/fatal_error/lib..__nrf__lib__fatal_error.a
LOAD modules/nrf/subsys/fw_info/lib..__nrf__subsys__fw_info.a
LOAD modules/nrf/drivers/hw_cc3xx/lib..__nrf__drivers__hw_cc3xx.a
LOAD modules/mcuboot/boot/bootutil/zephyr/libmcuboot_util.a
LOAD modules/hal_nordic/nrfx/libmodules__hal_nordic__nrfx.a
LOAD zephyr/kernel/libkernel.a
LOAD c:/ncs/toolchains/cf2149caf2/opt/zephyr-sdk/arm-zephyr-eabi/bin/../lib/gcc/arm-zephyr-eabi/12.2.0/thumb/v8-m.main+fp/hard\libgcc.a
LOAD zephyr/arch/common/libisr_tables.a
LOAD C:/ncs/v2.6.0/nrfxlib/crypto/nrf_cc310_platform/lib/cortex-m33/hard-float/no-interrupts/libnrf_cc310_platform_0.9.19.a
LOAD C:/ncs/v2.6.0/nrfxlib/crypto/nrf_cc310_bl/lib/cortex-m33/hard-float/no-interrupts/libnrf_cc310_bl_0.9.12.a
                0x0000000000000008                _image_1_primary_slot_id = 0x8
                0x0000000000000004                _region_min_align = 0x4

.rel.plt        0x0000000000008200        0x0
 *(SORT_BY_ALIGNMENT(.rel.plt))
                [!provide]                        PROVIDE (__rel_iplt_start = .)
 *(SORT_BY_ALIGNMENT(.rel.iplt))
 .rel.iplt      0x0000000000008200        0x0 zephyr/CMakeFiles/zephyr_final.dir/isr_tables.c.obj
                [!provide]                        PROVIDE (__rel_iplt_end = .)

.rela.plt       0x0000000000000000        0x0
 *(SORT_BY_ALIGNMENT(.rela.plt))
                [!provide]                        PROVIDE (__rela_iplt_start = .)
 *(SORT_BY_ALIGNMENT(.rela.iplt))
                [!provide]                        PROVIDE (__rela_iplt_end = .)

.rel.dyn
 *(SORT_BY_ALIGNMENT(.rel.*))

.rela.dyn
 *(SORT_BY_ALIGNMENT(.rela.*))

/DISCARD/
 *(SORT_BY_ALIGNMENT(.plt))

/DISCARD/
 *(SORT_BY_ALIGNMENT(.iplt))
                0x0000000000008200                __rom_region_start = 0x8200

rom_start       0x0000000000008200      0x23c
                0x0000000000008200                __rom_start_address = .
 FILL mask 0x00
                0x0000000000008200                . = (. + (0x0 - (. - __rom_start_address)))
                0x0000000000008200                . = ALIGN (0x4)
                0x0000000000008200                . = ALIGN (0x80)
                0x0000000000008200                . = ALIGN (0x200)
                0x0000000000008200                _vector_start = .
 *(SORT_BY_ALIGNMENT(.exc_vector_table))
 *(SORT_BY_ALIGNMENT(.exc_vector_table.*))
 .exc_vector_table._vector_table_section
                0x0000000000008200       0x40 zephyr/arch/arch/arm/core/cortex_m/libarch__arm__core__cortex_m.a(vector_table.S.obj)
                0x0000000000008200                _vector_table
 *(SORT_BY_ALIGNMENT(.vectors))
                0x0000000000008344                _vector_end = .
                0x0000000000008240                . = ALIGN (0x4)
 *(SORT_BY_ALIGNMENT(.gnu.linkonce.irq_vector_table*))
 .gnu.linkonce.irq_vector_table
                0x0000000000008240      0x104 zephyr/CMakeFiles/zephyr_final.dir/isr_tables.c.obj
                0x0000000000008240                _irq_vector_table
                0x0000000000008344                _vector_end = .
                0x0000000000000200                . = 0x200
 *fill*         0x0000000000008344       0xbc 00
                0x0000000000008400                _fw_info_start = .
 *(SORT_BY_NAME(SORT_BY_ALIGNMENT(.firmware_info*)))
 .firmware_info
                0x0000000000008400       0x3c modules/nrf/subsys/fw_info/lib..__nrf__subsys__fw_info.a(fw_info.c.obj)
                0x0000000000008400                m_firmware_info
                0x000000000000003c                _fw_info_size = ABSOLUTE ((. - _fw_info_start))

text            0x000000000000843c     0x7080
                0x000000000000843c                __text_region_start = .
 *(SORT_BY_ALIGNMENT(.text))
 .text          0x000000000000843c       0x30 c:/ncs/toolchains/cf2149caf2/opt/zephyr-sdk/arm-zephyr-eabi/bin/../lib/gcc/arm-zephyr-eabi/12.2.0/thumb/v8-m.main+fp/hard\libgcc.a(_aeabi_uldivmod.o)
                0x000000000000843c                __aeabi_uldivmod
 .text          0x000000000000846c        0x4 c:/ncs/toolchains/cf2149caf2/opt/zephyr-sdk/arm-zephyr-eabi/bin/../lib/gcc/arm-zephyr-eabi/12.2.0/thumb/v8-m.main+fp/hard\libgcc.a(_dvmd_tls.o)
                0x000000000000846c                __aeabi_idiv0
                0x000000000000846c                __aeabi_ldiv0
 .text          0x0000000000008470      0x29c c:/ncs/toolchains/cf2149caf2/opt/zephyr-sdk/arm-zephyr-eabi/bin/../lib/gcc/arm-zephyr-eabi/12.2.0/thumb/v8-m.main+fp/hard\libgcc.a(_udivmoddi4.o)
                0x0000000000008470                __udivmoddi4
 *(SORT_BY_ALIGNMENT(.text.*))
 .text.main     0x000000000000870c       0xfc app/libapp.a(main.c.obj)
                0x000000000000870c                main
 .text.flash_device_base
                0x0000000000008808       0x20 app/libapp.a(flash_map_extended.c.obj)
                0x0000000000008808                flash_device_base
 .text.flash_area_id_from_multi_image_slot
                0x0000000000008828       0x2c app/libapp.a(flash_map_extended.c.obj)
                0x0000000000008828                flash_area_id_from_multi_image_slot
 .text.bootutil_img_validate
                0x0000000000008854      0x234 app/libapp.a(image_validate.c.obj)
                0x0000000000008854                bootutil_img_validate
 .text.bootutil_verify_sig
                0x0000000000008a88      0x104 app/libapp.a(image_ecdsa.c.obj)
                0x0000000000008a88                bootutil_verify_sig
 .text.boot_fih_memequal
                0x0000000000008b8c       0x30 app/libapp.a(bootutil_misc.c.obj)
                0x0000000000008b8c                boot_fih_memequal
 .text.boot_status_entries
                0x0000000000008bbc       0x30 app/libapp.a(bootutil_misc.c.obj)
                0x0000000000008bbc                boot_status_entries
 .text.boot_find_status
                0x0000000000008bec       0x54 app/libapp.a(bootutil_misc.c.obj)
                0x0000000000008bec                boot_find_status
 .text.bootutil_max_image_size
                0x0000000000008c40       0x2c app/libapp.a(bootutil_misc.c.obj)
                0x0000000000008c40                bootutil_max_image_size
 .text.fih_cfi_get_and_increment
                0x0000000000008c6c       0x10 app/libapp.a(fault_injection_hardening.c.obj)
                0x0000000000008c6c                fih_cfi_get_and_increment
 .text.fih_cfi_decrement
                0x0000000000008c7c       0x10 app/libapp.a(fault_injection_hardening.c.obj)
                0x0000000000008c7c                fih_cfi_decrement
 .text.fih_cfi_validate
                0x0000000000008c8c       0x14 app/libapp.a(fault_injection_hardening.c.obj)
                0x0000000000008c8c                fih_cfi_validate
 .text.boot_initialize_area
                0x0000000000008ca0       0x60 app/libapp.a(loader.c.obj)
 .text.boot_read_sectors
                0x0000000000008d00       0x58 app/libapp.a(loader.c.obj)
 .text.boot_validate_slot.isra.0
                0x0000000000008d58      0x150 app/libapp.a(loader.c.obj)
 .text.boot_swap_image.isra.0
                0x0000000000008ea8       0x9c app/libapp.a(loader.c.obj)
 .text.boot_write_status
                0x0000000000008f44       0x7c app/libapp.a(loader.c.obj)
                0x0000000000008f44                boot_write_status
 .text.boot_copy_region
                0x0000000000008fc0       0x84 app/libapp.a(loader.c.obj)
                0x0000000000008fc0                boot_copy_region
 .text.context_boot_go
                0x0000000000009044      0x5f8 app/libapp.a(loader.c.obj)
                0x0000000000009044                context_boot_go
 .text.boot_go  0x000000000000963c       0x34 app/libapp.a(loader.c.obj)
                0x000000000000963c                boot_go
 .text.swap_read_status
                0x0000000000009670       0x90 app/libapp.a(swap_misc.c.obj)
                0x0000000000009670                swap_read_status
 .text.swap_set_copy_done
                0x0000000000009700       0x38 app/libapp.a(swap_misc.c.obj)
                0x0000000000009700                swap_set_copy_done
 .text.swap_set_image_ok
                0x0000000000009738       0x50 app/libapp.a(swap_misc.c.obj)
                0x0000000000009738                swap_set_image_ok
 .text.boot_read_image_header
                0x0000000000009788       0xdc app/libapp.a(swap_move.c.obj)
                0x0000000000009788                boot_read_image_header
 .text.swap_read_status_bytes
                0x0000000000009864       0xcc app/libapp.a(swap_move.c.obj)
                0x0000000000009864                swap_read_status_bytes
 .text.swap_status_source
                0x0000000000009930       0xe8 app/libapp.a(swap_move.c.obj)
                0x0000000000009930                swap_status_source
 .text.fixup_revert
                0x0000000000009a18       0x98 app/libapp.a(swap_move.c.obj)
                0x0000000000009a18                fixup_revert
 .text.swap_run
                0x0000000000009ab0      0x238 app/libapp.a(swap_move.c.obj)
                0x0000000000009ab0                swap_run
 .text.mbedtls_platform_zeroize
                0x0000000000009ce8       0x14 app/libapp.a(platform_util.c.obj)
                0x0000000000009ce8                mbedtls_platform_zeroize
 .text.cc310_init
                0x0000000000009cfc       0x30 app/libapp.a(cc310_glue.c.obj)
                0x0000000000009cfc                cc310_init
 .text.cc310_ecdsa_verify_secp256r1
                0x0000000000009d2c       0x3c app/libapp.a(cc310_glue.c.obj)
                0x0000000000009d2c                cc310_ecdsa_verify_secp256r1
 .text.cleanup_arm_nvic
                0x0000000000009d68       0x38 app/libapp.a(arm_cleanup.c.obj)
                0x0000000000009d68                cleanup_arm_nvic
 .text.z_arm_clear_arm_mpu_config
                0x0000000000009da0       0x24 app/libapp.a(arm_cleanup.c.obj)
                0x0000000000009da0                z_arm_clear_arm_mpu_config
 .text.nrf_cleanup_peripheral
                0x0000000000009dc4       0x90 app/libapp.a(nrf_cleanup.c.obj)
                0x0000000000009dc4                nrf_cleanup_peripheral
 .text.char_out
                0x0000000000009e54        0xc zephyr/libzephyr.a(printk.c.obj)
 .text.__printk_hook_install
                0x0000000000009e60        0xc zephyr/libzephyr.a(printk.c.obj)
                0x0000000000009e60                __printk_hook_install
 .text.vprintk  0x0000000000009e6c       0x1c zephyr/libzephyr.a(printk.c.obj)
                0x0000000000009e6c                vprintk
 .text.process_event
                0x0000000000009e88      0x21c zephyr/libzephyr.a(onoff.c.obj)
 .text.z_cbvprintf_impl
                0x000000000000a0a4      0x444 zephyr/libzephyr.a(cbprintf_nano.c.obj)
                0x000000000000a0a4                z_cbvprintf_impl
 .text.sys_reboot
                0x000000000000a4e8       0x30 zephyr/libzephyr.a(reboot.c.obj)
                0x000000000000a4e8                sys_reboot
 .text.flash_area_open
                0x000000000000a518       0x50 zephyr/libzephyr.a(flash_map.c.obj)
                0x000000000000a518                flash_area_open
 .text.flash_area_get_sectors
                0x000000000000a568       0x60 zephyr/libzephyr.a(flash_map_layout.c.obj)
                0x000000000000a568                flash_area_get_sectors
 .text.nrf_cc3xx_platform_abort_init
                0x000000000000a5c8        0xc zephyr/libzephyr.a(nrf_cc3xx_platform_abort_zephyr.c.obj)
                0x000000000000a5c8                nrf_cc3xx_platform_abort_init
 .text.z_SysNmiOnReset
                0x000000000000a5d4        0x8 zephyr/arch/arch/arm/core/libarch__arm__core.a(nmi_on_reset.S.obj)
                0x000000000000a5d4                z_SysNmiOnReset
 .text._HandlerModeExit
                0x000000000000a5dc        0x4 zephyr/arch/arch/arm/core/cortex_m/libarch__arm__core__cortex_m.a(exc_exit.S.obj)
                0x000000000000a5dc                z_arm_int_exit
                0x000000000000a5dc                z_arm_exc_exit
 .text.usage_fault.constprop.0
                0x000000000000a5e0       0x5c zephyr/arch/arch/arm/core/cortex_m/libarch__arm__core__cortex_m.a(fault.c.obj)
 .text.bus_fault.constprop.0
                0x000000000000a63c       0x6c zephyr/arch/arch/arm/core/cortex_m/libarch__arm__core__cortex_m.a(fault.c.obj)
 .text.mem_manage_fault.constprop.0
                0x000000000000a6a8       0x78 zephyr/arch/arch/arm/core/cortex_m/libarch__arm__core__cortex_m.a(fault.c.obj)
 .text.z_arm_fault
                0x000000000000a720      0x118 zephyr/arch/arch/arm/core/cortex_m/libarch__arm__core__cortex_m.a(fault.c.obj)
                0x000000000000a720                z_arm_fault
 .text.z_arm_fault_init
                0x000000000000a838       0x18 zephyr/arch/arch/arm/core/cortex_m/libarch__arm__core__cortex_m.a(fault.c.obj)
                0x000000000000a838                z_arm_fault_init
 .text.__fault  0x000000000000a850       0x14 zephyr/arch/arch/arm/core/cortex_m/libarch__arm__core__cortex_m.a(fault_s.S.obj)
                0x000000000000a850                z_arm_usage_fault
                0x000000000000a850                z_arm_mpu_fault
                0x000000000000a850                z_arm_exc_spurious
                0x000000000000a850                z_arm_debug_monitor
                0x000000000000a850                z_arm_hard_fault
                0x000000000000a850                z_arm_bus_fault
 .text._reset_section
                0x000000000000a864       0x60 zephyr/arch/arch/arm/core/cortex_m/libarch__arm__core__cortex_m.a(reset.S.obj)
                0x000000000000a864                __start
                0x000000000000a864                z_arm_reset
 .text.sys_arch_reboot
                0x000000000000a8c4       0x24 zephyr/arch/arch/arm/core/cortex_m/libarch__arm__core__cortex_m.a(scb.c.obj)
                0x000000000000a8c4                sys_arch_reboot
 .text.z_arm_init_arch_hw_at_boot
                0x000000000000a8e8       0x44 zephyr/arch/arch/arm/core/cortex_m/libarch__arm__core__cortex_m.a(scb.c.obj)
                0x000000000000a8e8                z_arm_init_arch_hw_at_boot
 .text.z_arm_svc
                0x000000000000a92c       0x20 zephyr/arch/arch/arm/core/cortex_m/libarch__arm__core__cortex_m.a(swap_helper.S.obj)
                0x000000000000a92c                z_arm_svc
 .text.arch_irq_enable
                0x000000000000a94c       0x1c zephyr/arch/arch/arm/core/cortex_m/libarch__arm__core__cortex_m.a(irq_manage.c.obj)
                0x000000000000a94c                arch_irq_enable
 .text.arch_irq_disable
                0x000000000000a968       0x28 zephyr/arch/arch/arm/core/cortex_m/libarch__arm__core__cortex_m.a(irq_manage.c.obj)
                0x000000000000a968                arch_irq_disable
 .text.arch_irq_is_enabled
                0x000000000000a990       0x1c zephyr/arch/arch/arm/core/cortex_m/libarch__arm__core__cortex_m.a(irq_manage.c.obj)
                0x000000000000a990                arch_irq_is_enabled
 .text.z_arm_irq_priority_set
                0x000000000000a9ac       0x2c zephyr/arch/arch/arm/core/cortex_m/libarch__arm__core__cortex_m.a(irq_manage.c.obj)
                0x000000000000a9ac                z_arm_irq_priority_set
 .text.z_arm_prep_c
                0x000000000000a9d8       0x5c zephyr/arch/arch/arm/core/cortex_m/libarch__arm__core__cortex_m.a(prep_c.c.obj)
                0x000000000000a9d8                z_arm_prep_c
 .text.z_arm_switch_to_main_no_multithreading
                0x000000000000aa34       0x40 zephyr/arch/arch/arm/core/cortex_m/libarch__arm__core__cortex_m.a(thread.c.obj)
                0x000000000000aa34                z_arm_switch_to_main_no_multithreading
 .text.z_arm_cpu_idle_init
                0x000000000000aa74        0xc zephyr/arch/arch/arm/core/cortex_m/libarch__arm__core__cortex_m.a(cpu_idle.S.obj)
                0x000000000000aa74                z_arm_cpu_idle_init
 .text.arch_cpu_idle
                0x000000000000aa80       0x1c zephyr/arch/arch/arm/core/cortex_m/libarch__arm__core__cortex_m.a(cpu_idle.S.obj)
                0x000000000000aa80                arch_cpu_idle
 .text.arch_cpu_atomic_idle
                0x000000000000aa9c       0x18 zephyr/arch/arch/arm/core/cortex_m/libarch__arm__core__cortex_m.a(cpu_idle.S.obj)
                0x000000000000aa9c                arch_cpu_atomic_idle
 .text.z_arm_interrupt_init
                0x000000000000aab4       0x18 zephyr/arch/arch/arm/core/cortex_m/libarch__arm__core__cortex_m.a(irq_init.c.obj)
                0x000000000000aab4                z_arm_interrupt_init
 .text._isr_wrapper
                0x000000000000aacc       0x28 zephyr/arch/arch/arm/core/cortex_m/libarch__arm__core__cortex_m.a(isr_wrapper.S.obj)
                0x000000000000aacc                _isr_wrapper
 .text.__stdout_hook_install
                0x000000000000aaf4        0xc zephyr/lib/libc/minimal/liblib__libc__minimal.a(stdout_console.c.obj)
                0x000000000000aaf4                __stdout_hook_install
 .text.nordicsemi_nrf91_init
                0x000000000000ab00       0x10 zephyr/soc/soc/arm/nordic_nrf/libsoc__arm__nordic_nrf.a(soc.c.obj)
 .text.arch_busy_wait
                0x000000000000ab10       0x14 zephyr/soc/soc/arm/nordic_nrf/libsoc__arm__nordic_nrf.a(soc.c.obj)
                0x000000000000ab10                arch_busy_wait
 .text.z_arm_platform_init
                0x000000000000ab24        0x4 zephyr/soc/soc/arm/nordic_nrf/libsoc__arm__nordic_nrf.a(soc_nrf_common.S.obj)
                0x000000000000ab24                z_arm_platform_init
 .text.onoff_stop
                0x000000000000ab28       0x30 zephyr/drivers/clock_control/libdrivers__clock_control.a(clock_control_nrf.c.obj)
 .text.onoff_start
                0x000000000000ab58       0x44 zephyr/drivers/clock_control/libdrivers__clock_control.a(clock_control_nrf.c.obj)
 .text.generic_hfclk_stop
                0x000000000000ab9c       0x34 zephyr/drivers/clock_control/libdrivers__clock_control.a(clock_control_nrf.c.obj)
 .text.clk_init
                0x000000000000abd0       0x58 zephyr/drivers/clock_control/libdrivers__clock_control.a(clock_control_nrf.c.obj)
 .text.clkstarted_handle.constprop.0
                0x000000000000ac28       0x34 zephyr/drivers/clock_control/libdrivers__clock_control.a(clock_control_nrf.c.obj)
 .text.clock_event_handler
                0x000000000000ac5c       0x1c zephyr/drivers/clock_control/libdrivers__clock_control.a(clock_control_nrf.c.obj)
 .text.generic_hfclk_start
                0x000000000000ac78       0x64 zephyr/drivers/clock_control/libdrivers__clock_control.a(clock_control_nrf.c.obj)
 .text.z_nrf_clock_control_lf_on
                0x000000000000acdc       0xf0 zephyr/drivers/clock_control/libdrivers__clock_control.a(clock_control_nrf.c.obj)
                0x000000000000acdc                z_nrf_clock_control_lf_on
 .text.uart_console_init
                0x000000000000adcc       0x28 zephyr/drivers/console/libdrivers__console.a(uart_console.c.obj)
 .text.console_out
                0x000000000000adf4       0x28 zephyr/drivers/console/libdrivers__console.a(uart_console.c.obj)
 .text.flash_nrf_pages_layout
                0x000000000000ae1c       0x10 zephyr/drivers/flash/libdrivers__flash.a(soc_flash_nrf.c.obj)
 .text.flash_nrf_get_parameters
                0x000000000000ae2c        0x8 zephyr/drivers/flash/libdrivers__flash.a(soc_flash_nrf.c.obj)
 .text.nrf_flash_init
                0x000000000000ae34       0x18 zephyr/drivers/flash/libdrivers__flash.a(soc_flash_nrf.c.obj)
 .text.flash_nrf_write
                0x000000000000ae4c       0x4c zephyr/drivers/flash/libdrivers__flash.a(soc_flash_nrf.c.obj)
 .text.gpio_nrfx_init
                0x000000000000ae98       0x48 zephyr/drivers/gpio/libdrivers__gpio.a(gpio_nrfx.c.obj)
 .text.nrfx_gpio_handler
                0x000000000000aee0       0x3c zephyr/drivers/gpio/libdrivers__gpio.a(gpio_nrfx.c.obj)
 .text.gpio_nrfx_pin_configure
                0x000000000000af1c      0x180 zephyr/drivers/gpio/libdrivers__gpio.a(gpio_nrfx.c.obj)
 .text.gpio_nrfx_pin_interrupt_configure
                0x000000000000b09c       0xf4 zephyr/drivers/gpio/libdrivers__gpio.a(gpio_nrfx.c.obj)
 .text.pinctrl_configure_pins
                0x000000000000b190      0x178 zephyr/drivers/pinctrl/libdrivers__pinctrl.a(pinctrl_nrf.c.obj)
                0x000000000000b190                pinctrl_configure_pins
 .text.uarte_nrfx_poll_out
                0x000000000000b308       0xc4 zephyr/drivers/serial/libdrivers__serial.a(uart_nrfx_uarte.c.obj)
 .text.uarte_instance_init.constprop.0
                0x000000000000b3cc      0x24c zephyr/drivers/serial/libdrivers__serial.a(uart_nrfx_uarte.c.obj)
 .text.compare_int_lock
                0x000000000000b618       0x40 zephyr/drivers/timer/libdrivers__timer.a(nrf_rtc_timer.c.obj)
 .text.sys_clock_timeout_handler
                0x000000000000b658       0x48 zephyr/drivers/timer/libdrivers__timer.a(nrf_rtc_timer.c.obj)
 .text.compare_int_unlock
                0x000000000000b6a0       0x4c zephyr/drivers/timer/libdrivers__timer.a(nrf_rtc_timer.c.obj)
 .text.z_nrf_rtc_timer_read
                0x000000000000b6ec       0x44 zephyr/drivers/timer/libdrivers__timer.a(nrf_rtc_timer.c.obj)
                0x000000000000b6ec                z_nrf_rtc_timer_read
 .text.compare_set
                0x000000000000b730      0x124 zephyr/drivers/timer/libdrivers__timer.a(nrf_rtc_timer.c.obj)
 .text.sys_clock_driver_init
                0x000000000000b854       0x90 zephyr/drivers/timer/libdrivers__timer.a(nrf_rtc_timer.c.obj)
 .text.rtc_nrf_isr
                0x000000000000b8e4       0xd0 zephyr/drivers/timer/libdrivers__timer.a(nrf_rtc_timer.c.obj)
                0x000000000000b8e4                rtc_nrf_isr
 .text.sys_clock_set_timeout
                0x000000000000b9b4       0x5c zephyr/drivers/timer/libdrivers__timer.a(nrf_rtc_timer.c.obj)
                0x000000000000b9b4                sys_clock_set_timeout
 .text.sys_clock_elapsed
                0x000000000000ba10       0x14 zephyr/drivers/timer/libdrivers__timer.a(nrf_rtc_timer.c.obj)
                0x000000000000ba10                sys_clock_elapsed
 .text.sys_clock_disable
                0x000000000000ba24       0x30 zephyr/drivers/timer/libdrivers__timer.a(nrf_rtc_timer.c.obj)
                0x000000000000ba24                sys_clock_disable
 .text.fprotect_area
                0x000000000000ba54       0x3c modules/nrf/lib/fprotect/lib..__nrf__lib__fprotect.a(fprotect_spu.c.obj)
                0x000000000000ba54                fprotect_area
 .text.check_ext_api_requests
                0x000000000000ba90       0xa0 modules/nrf/subsys/fw_info/lib..__nrf__subsys__fw_info.a(fw_info.c.obj)
 .text.boot_write_magic
                0x000000000000bb30       0x40 modules/mcuboot/boot/bootutil/zephyr/libmcuboot_util.a(bootutil_public.c.obj)
                0x000000000000bb30                boot_write_magic
 .text.boot_read_swap_state
                0x000000000000bb70       0xac modules/mcuboot/boot/bootutil/zephyr/libmcuboot_util.a(bootutil_public.c.obj)
                0x000000000000bb70                boot_read_swap_state
 .text.boot_swap_type_multi
                0x000000000000bc1c      0x114 modules/mcuboot/boot/bootutil/zephyr/libmcuboot_util.a(bootutil_public.c.obj)
                0x000000000000bc1c                boot_swap_type_multi
 .text.uicr_HFXOCNT_erased
                0x000000000000bd30       0x40 modules/hal_nordic/nrfx/libmodules__hal_nordic__nrfx.a(system_nrf91.c.obj)
 .text.uicr_HFXOSRC_erased
                0x000000000000bd70       0x3c modules/hal_nordic/nrfx/libmodules__hal_nordic__nrfx.a(system_nrf91.c.obj)
 .text.SystemInit
                0x000000000000bdac      0x1d0 modules/hal_nordic/nrfx/libmodules__hal_nordic__nrfx.a(system_nrf91.c.obj)
                0x000000000000bdac                SystemInit
 .text.nrfx_flag32_alloc
                0x000000000000bf7c       0x40 modules/hal_nordic/nrfx/libmodules__hal_nordic__nrfx.a(nrfx_flag32_allocator.c.obj)
                0x000000000000bf7c                nrfx_flag32_alloc
 .text.nrfx_flag32_free
                0x000000000000bfbc       0x38 modules/hal_nordic/nrfx/libmodules__hal_nordic__nrfx.a(nrfx_flag32_allocator.c.obj)
                0x000000000000bfbc                nrfx_flag32_free
 .text.nrfx_gppi_channels_enable
                0x000000000000bff4        0xc modules/hal_nordic/nrfx/libmodules__hal_nordic__nrfx.a(nrfx_gppi_dppi.c.obj)
                0x000000000000bff4                nrfx_gppi_channels_enable
 .text.nrfx_clock_init
                0x000000000000c000       0x20 modules/hal_nordic/nrfx/libmodules__hal_nordic__nrfx.a(nrfx_clock.c.obj)
                0x000000000000c000                nrfx_clock_init
 .text.nrfx_clock_enable
                0x000000000000c020       0x28 modules/hal_nordic/nrfx/libmodules__hal_nordic__nrfx.a(nrfx_clock.c.obj)
                0x000000000000c020                nrfx_clock_enable
 .text.nrfx_clock_start
                0x000000000000c048       0xb0 modules/hal_nordic/nrfx/libmodules__hal_nordic__nrfx.a(nrfx_clock.c.obj)
                0x000000000000c048                nrfx_clock_start
 .text.nrfx_power_clock_irq_handler
                0x000000000000c0f8       0x64 modules/hal_nordic/nrfx/libmodules__hal_nordic__nrfx.a(nrfx_clock.c.obj)
                0x000000000000c0f8                nrfx_power_clock_irq_handler
 .text.nrfx_dppi_channel_alloc
                0x000000000000c15c        0xc modules/hal_nordic/nrfx/libmodules__hal_nordic__nrfx.a(nrfx_dppi.c.obj)
                0x000000000000c15c                nrfx_dppi_channel_alloc
 .text.nrf_gpio_pin_port_decode
                0x000000000000c168       0x18 modules/hal_nordic/nrfx/libmodules__hal_nordic__nrfx.a(nrfx_gpiote.c.obj)
 .text.call_handler.constprop.0
                0x000000000000c180       0x3c modules/hal_nordic/nrfx/libmodules__hal_nordic__nrfx.a(nrfx_gpiote.c.obj)
 .text.latch_pending_read_and_check
                0x000000000000c1bc       0x1c modules/hal_nordic/nrfx/libmodules__hal_nordic__nrfx.a(nrfx_gpiote.c.obj)
 .text.release_handler.isra.0
                0x000000000000c1d8       0x58 modules/hal_nordic/nrfx/libmodules__hal_nordic__nrfx.a(nrfx_gpiote.c.obj)
 .text.__nrfy_internal_gpiote_events_process.constprop.0
                0x000000000000c230       0x5c modules/hal_nordic/nrfx/libmodules__hal_nordic__nrfx.a(nrfx_gpiote.c.obj)
 .text.pin_trigger_disable
                0x000000000000c28c       0x40 modules/hal_nordic/nrfx/libmodules__hal_nordic__nrfx.a(nrfx_gpiote.c.obj)
 .text.pin_uninit
                0x000000000000c2cc       0x78 modules/hal_nordic/nrfx/libmodules__hal_nordic__nrfx.a(nrfx_gpiote.c.obj)
 .text.nrfx_gpiote_input_configure
                0x000000000000c344      0x15c modules/hal_nordic/nrfx/libmodules__hal_nordic__nrfx.a(nrfx_gpiote.c.obj)
                0x000000000000c344                nrfx_gpiote_input_configure
 .text.nrfx_gpiote_output_configure
                0x000000000000c4a0       0xf0 modules/hal_nordic/nrfx/libmodules__hal_nordic__nrfx.a(nrfx_gpiote.c.obj)
                0x000000000000c4a0                nrfx_gpiote_output_configure
 .text.nrfx_gpiote_global_callback_set
                0x000000000000c590        0xc modules/hal_nordic/nrfx/libmodules__hal_nordic__nrfx.a(nrfx_gpiote.c.obj)
                0x000000000000c590                nrfx_gpiote_global_callback_set
 .text.nrfx_gpiote_channel_get
                0x000000000000c59c       0x24 modules/hal_nordic/nrfx/libmodules__hal_nordic__nrfx.a(nrfx_gpiote.c.obj)
                0x000000000000c59c                nrfx_gpiote_channel_get
 .text.nrfx_gpiote_init
                0x000000000000c5c0       0x6c modules/hal_nordic/nrfx/libmodules__hal_nordic__nrfx.a(nrfx_gpiote.c.obj)
                0x000000000000c5c0                nrfx_gpiote_init
 .text.nrfx_gpiote_init_check
                0x000000000000c62c       0x14 modules/hal_nordic/nrfx/libmodules__hal_nordic__nrfx.a(nrfx_gpiote.c.obj)
                0x000000000000c62c                nrfx_gpiote_init_check
 .text.nrfx_gpiote_channel_free
                0x000000000000c640        0xc modules/hal_nordic/nrfx/libmodules__hal_nordic__nrfx.a(nrfx_gpiote.c.obj)
                0x000000000000c640                nrfx_gpiote_channel_free
 .text.nrfx_gpiote_channel_alloc
                0x000000000000c64c        0xc modules/hal_nordic/nrfx/libmodules__hal_nordic__nrfx.a(nrfx_gpiote.c.obj)
                0x000000000000c64c                nrfx_gpiote_channel_alloc
 .text.nrfx_gpiote_trigger_enable
                0x000000000000c658       0x80 modules/hal_nordic/nrfx/libmodules__hal_nordic__nrfx.a(nrfx_gpiote.c.obj)
                0x000000000000c658                nrfx_gpiote_trigger_enable
 .text.nrfx_gpiote_0_irq_handler
                0x000000000000c6d8      0x15c modules/hal_nordic/nrfx/libmodules__hal_nordic__nrfx.a(nrfx_gpiote.c.obj)
                0x000000000000c6d8                nrfx_gpiote_0_irq_handler
 .text.nvmc_readonly_mode_set
                0x000000000000c834       0x14 modules/hal_nordic/nrfx/libmodules__hal_nordic__nrfx.a(nrfx_nvmc.c.obj)
 .text.nvmc_word_write
                0x000000000000c848       0x18 modules/hal_nordic/nrfx/libmodules__hal_nordic__nrfx.a(nrfx_nvmc.c.obj)
 .text.nrfx_nvmc_page_erase
                0x000000000000c860       0x3c modules/hal_nordic/nrfx/libmodules__hal_nordic__nrfx.a(nrfx_nvmc.c.obj)
                0x000000000000c860                nrfx_nvmc_page_erase
 .text.nrfx_nvmc_word_write
                0x000000000000c89c       0x20 modules/hal_nordic/nrfx/libmodules__hal_nordic__nrfx.a(nrfx_nvmc.c.obj)
                0x000000000000c89c                nrfx_nvmc_word_write
 .text.z_sys_init_run_level
                0x000000000000c8bc       0x48 zephyr/kernel/libkernel.a(init.c.obj)
 .text.bg_thread_main
                0x000000000000c904       0x30 zephyr/kernel/libkernel.a(init.c.obj)
 .text.z_bss_zero
                0x000000000000c934       0x18 zephyr/kernel/libkernel.a(init.c.obj)
                0x000000000000c934                z_bss_zero
 .text.z_cstart
                0x000000000000c94c       0x70 zephyr/kernel/libkernel.a(init.c.obj)
                0x000000000000c94c                z_cstart
 .text.z_data_copy
                0x000000000000c9bc       0x34 zephyr/kernel/libkernel.a(xip.c.obj)
                0x000000000000c9bc                z_data_copy
 .text.elapsed  0x000000000000c9f0       0x14 zephyr/kernel/libkernel.a(timeout.c.obj)
 .text.next_timeout
                0x000000000000ca04       0x40 zephyr/kernel/libkernel.a(timeout.c.obj)
 .text.remove_timeout
                0x000000000000ca44       0x38 zephyr/kernel/libkernel.a(timeout.c.obj)
 .text.sys_clock_announce
                0x000000000000ca7c       0xd0 zephyr/kernel/libkernel.a(timeout.c.obj)
                0x000000000000ca7c                sys_clock_announce
 .text.boot_banner
                0x000000000000cb4c        0xc zephyr/kernel/libkernel.a(banner.c.obj)
                0x000000000000cb4c                boot_banner
 .text.nrf_cc3xx_platform_init_no_rng
                0x000000000000cb58       0x38 C:/ncs/v2.6.0/nrfxlib/crypto/nrf_cc310_platform/lib/cortex-m33/hard-float/no-interrupts/libnrf_cc310_platform_0.9.19.a(nrf_cc3xx_platform.c.obj)
                0x000000000000cb58                nrf_cc3xx_platform_init_no_rng
 .text.nrf_cc3xx_platform_abort
                0x000000000000cb90       0x24 C:/ncs/v2.6.0/nrfxlib/crypto/nrf_cc310_platform/lib/cortex-m33/hard-float/no-interrupts/libnrf_cc310_platform_0.9.19.a(nrf_cc3xx_platform_abort.c.obj)
 .text.CC_PalAbort
                0x000000000000cbb4       0x34 C:/ncs/v2.6.0/nrfxlib/crypto/nrf_cc310_platform/lib/cortex-m33/hard-float/no-interrupts/libnrf_cc310_platform_0.9.19.a(nrf_cc3xx_platform_abort.c.obj)
                0x000000000000cbb4                CC_PalAbort
 .text.nrf_cc3xx_platform_set_abort
                0x000000000000cbe8       0x10 C:/ncs/v2.6.0/nrfxlib/crypto/nrf_cc310_platform/lib/cortex-m33/hard-float/no-interrupts/libnrf_cc310_platform_0.9.19.a(nrf_cc3xx_platform_abort.c.obj)
                0x000000000000cbe8                nrf_cc3xx_platform_set_abort
 .text.CC_LibInitNoRng
                0x000000000000cbf8       0x64 C:/ncs/v2.6.0/nrfxlib/crypto/nrf_cc310_platform/lib/cortex-m33/hard-float/no-interrupts/libnrf_cc310_platform_0.9.19.a(cc_lib.c.obj)
                0x000000000000cbf8                CC_LibInitNoRng
 .text.CC_HalInit
                0x000000000000cc5c        0x4 C:/ncs/v2.6.0/nrfxlib/crypto/nrf_cc310_platform/lib/cortex-m33/hard-float/no-interrupts/libnrf_cc310_platform_0.9.19.a(cc_hal.c.obj)
                0x000000000000cc5c                CC_HalInit
 .text.CC_HalTerminate
                0x000000000000cc60        0x4 C:/ncs/v2.6.0/nrfxlib/crypto/nrf_cc310_platform/lib/cortex-m33/hard-float/no-interrupts/libnrf_cc310_platform_0.9.19.a(cc_hal.c.obj)
                0x000000000000cc60                CC_HalTerminate
 .text.CC_HalMaskInterrupt
                0x000000000000cc64        0xc C:/ncs/v2.6.0/nrfxlib/crypto/nrf_cc310_platform/lib/cortex-m33/hard-float/no-interrupts/libnrf_cc310_platform_0.9.19.a(cc_hal.c.obj)
                0x000000000000cc64                CC_HalMaskInterrupt
 .text.CC_PalInit
                0x000000000000cc70       0x5c C:/ncs/v2.6.0/nrfxlib/crypto/nrf_cc310_platform/lib/cortex-m33/hard-float/no-interrupts/libnrf_cc310_platform_0.9.19.a(cc_pal.c.obj)
                0x000000000000cc70                CC_PalInit
 .text.CC_PalTerminate
                0x000000000000cccc       0x34 C:/ncs/v2.6.0/nrfxlib/crypto/nrf_cc310_platform/lib/cortex-m33/hard-float/no-interrupts/libnrf_cc310_platform_0.9.19.a(cc_pal.c.obj)
                0x000000000000cccc                CC_PalTerminate
 .text.CC_PalDmaInit
                0x000000000000cd00        0x4 C:/ncs/v2.6.0/nrfxlib/crypto/nrf_cc310_platform/lib/cortex-m33/hard-float/no-interrupts/libnrf_cc310_platform_0.9.19.a(cc_pal_dma.c.obj)
                0x000000000000cd00                CC_PalDmaInit
 .text.CC_PalDmaTerminate
                0x000000000000cd04        0x4 C:/ncs/v2.6.0/nrfxlib/crypto/nrf_cc310_platform/lib/cortex-m33/hard-float/no-interrupts/libnrf_cc310_platform_0.9.19.a(cc_pal_dma.c.obj)
                0x000000000000cd04                CC_PalDmaTerminate
 .text.CC_PalMutexCreate
                0x000000000000cd08       0x14 C:/ncs/v2.6.0/nrfxlib/crypto/nrf_cc310_platform/lib/cortex-m33/hard-float/no-interrupts/libnrf_cc310_platform_0.9.19.a(cc_pal_mutex.c.obj)
                0x000000000000cd08                CC_PalMutexCreate
 .text.CC_PalMutexDestroy
                0x000000000000cd1c       0x14 C:/ncs/v2.6.0/nrfxlib/crypto/nrf_cc310_platform/lib/cortex-m33/hard-float/no-interrupts/libnrf_cc310_platform_0.9.19.a(cc_pal_mutex.c.obj)
                0x000000000000cd1c                CC_PalMutexDestroy
 .text.CC_PalPowerSaveModeInit
                0x000000000000cd30       0x3c C:/ncs/v2.6.0/nrfxlib/crypto/nrf_cc310_platform/lib/cortex-m33/hard-float/no-interrupts/libnrf_cc310_platform_0.9.19.a(cc_pal_pm.c.obj)
                0x000000000000cd30                CC_PalPowerSaveModeInit
 .text.CC_PalPowerSaveModeSelect
                0x000000000000cd6c       0x84 C:/ncs/v2.6.0/nrfxlib/crypto/nrf_cc310_platform/lib/cortex-m33/hard-float/no-interrupts/libnrf_cc310_platform_0.9.19.a(cc_pal_pm.c.obj)
                0x000000000000cd6c                CC_PalPowerSaveModeSelect
 .text.mutex_free
                0x000000000000cdf0       0x34 C:/ncs/v2.6.0/nrfxlib/crypto/nrf_cc310_platform/lib/cortex-m33/hard-float/no-interrupts/libnrf_cc310_platform_0.9.19.a(nrf_cc3xx_platform_mutex.c.obj)
 .text.mutex_lock
                0x000000000000ce24       0x48 C:/ncs/v2.6.0/nrfxlib/crypto/nrf_cc310_platform/lib/cortex-m33/hard-float/no-interrupts/libnrf_cc310_platform_0.9.19.a(nrf_cc3xx_platform_mutex.c.obj)
 .text.mutex_unlock
                0x000000000000ce6c       0x38 C:/ncs/v2.6.0/nrfxlib/crypto/nrf_cc310_platform/lib/cortex-m33/hard-float/no-interrupts/libnrf_cc310_platform_0.9.19.a(nrf_cc3xx_platform_mutex.c.obj)
 .text.mutex_init
                0x000000000000cea4       0x20 C:/ncs/v2.6.0/nrfxlib/crypto/nrf_cc310_platform/lib/cortex-m33/hard-float/no-interrupts/libnrf_cc310_platform_0.9.19.a(nrf_cc3xx_platform_mutex.c.obj)
 .text.verify_context_ecdsa_verify_secp256r1
                0x000000000000cec4       0x20 C:/ncs/v2.6.0/nrfxlib/crypto/nrf_cc310_bl/lib/cortex-m33/hard-float/no-interrupts/libnrf_cc310_bl_0.9.12.a(nrf_cc310_bl_ecdsa_verify_secp256r1.c.obj)
 .text.nrf_cc310_bl_ecdsa_verify_init_secp256r1
                0x000000000000cee4       0x4c C:/ncs/v2.6.0/nrfxlib/crypto/nrf_cc310_bl/lib/cortex-m33/hard-float/no-interrupts/libnrf_cc310_bl_0.9.12.a(nrf_cc310_bl_ecdsa_verify_secp256r1.c.obj)
                0x000000000000cee4                nrf_cc310_bl_ecdsa_verify_init_secp256r1
 .text.nrf_cc310_bl_ecdsa_verify_hash_secp256r1
                0x000000000000cf30      0x168 C:/ncs/v2.6.0/nrfxlib/crypto/nrf_cc310_bl/lib/cortex-m33/hard-float/no-interrupts/libnrf_cc310_bl_0.9.12.a(nrf_cc310_bl_ecdsa_verify_secp256r1.c.obj)
                0x000000000000cf30                nrf_cc310_bl_ecdsa_verify_hash_secp256r1
 .text.set_digest_in_hw_sha256
                0x000000000000d098       0x38 C:/ncs/v2.6.0/nrfxlib/crypto/nrf_cc310_bl/lib/cortex-m33/hard-float/no-interrupts/libnrf_cc310_bl_0.9.12.a(nrf_cc310_bl_hash_sha256.c.obj)
 .text.read_digest_in_hw_sha256
                0x000000000000d0d0       0x54 C:/ncs/v2.6.0/nrfxlib/crypto/nrf_cc310_bl/lib/cortex-m33/hard-float/no-interrupts/libnrf_cc310_bl_0.9.12.a(nrf_cc310_bl_hash_sha256.c.obj)
 .text.verify_context_hash_sha256
                0x000000000000d124       0x20 C:/ncs/v2.6.0/nrfxlib/crypto/nrf_cc310_bl/lib/cortex-m33/hard-float/no-interrupts/libnrf_cc310_bl_0.9.12.a(nrf_cc310_bl_hash_sha256.c.obj)
 .text.nrf_cc310_bl_hash_sha256_init
                0x000000000000d144       0x34 C:/ncs/v2.6.0/nrfxlib/crypto/nrf_cc310_bl/lib/cortex-m33/hard-float/no-interrupts/libnrf_cc310_bl_0.9.12.a(nrf_cc310_bl_hash_sha256.c.obj)
                0x000000000000d144                nrf_cc310_bl_hash_sha256_init
 .text.nrf_cc310_bl_hash_sha256_update
                0x000000000000d178       0xb0 C:/ncs/v2.6.0/nrfxlib/crypto/nrf_cc310_bl/lib/cortex-m33/hard-float/no-interrupts/libnrf_cc310_bl_0.9.12.a(nrf_cc310_bl_hash_sha256.c.obj)
                0x000000000000d178                nrf_cc310_bl_hash_sha256_update
 .text.nrf_cc310_bl_hash_sha256_finalize
                0x000000000000d228       0x60 C:/ncs/v2.6.0/nrfxlib/crypto/nrf_cc310_bl/lib/cortex-m33/hard-float/no-interrupts/libnrf_cc310_bl_0.9.12.a(nrf_cc310_bl_hash_sha256.c.obj)
                0x000000000000d228                nrf_cc310_bl_hash_sha256_finalize
 .text.nrf_cc310_bl_init
                0x000000000000d288       0x34 C:/ncs/v2.6.0/nrfxlib/crypto/nrf_cc310_bl/lib/cortex-m33/hard-float/no-interrupts/libnrf_cc310_bl_0.9.12.a(nrf_cc310_bl_init.c.obj)
                0x000000000000d288                nrf_cc310_bl_init
 .text.PkaSetRegsMapTab
                0x000000000000d2bc       0x48 C:/ncs/v2.6.0/nrfxlib/crypto/nrf_cc310_bl/lib/cortex-m33/hard-float/no-interrupts/libnrf_cc310_bl_0.9.12.a(pka.c.obj)
                0x000000000000d2bc                PkaSetRegsMapTab
 .text.PkaGetRegEffectiveSizeInBits
                0x000000000000d304       0x8c C:/ncs/v2.6.0/nrfxlib/crypto/nrf_cc310_bl/lib/cortex-m33/hard-float/no-interrupts/libnrf_cc310_bl_0.9.12.a(pka.c.obj)
                0x000000000000d304                PkaGetRegEffectiveSizeInBits
 .text.PkaGetNextMsBit
                0x000000000000d390       0x7c C:/ncs/v2.6.0/nrfxlib/crypto/nrf_cc310_bl/lib/cortex-m33/hard-float/no-interrupts/libnrf_cc310_bl_0.9.12.a(pka.c.obj)
                0x000000000000d390                PkaGetNextMsBit
 .text.PkaSetRegsSizesTab
                0x000000000000d40c       0x3c C:/ncs/v2.6.0/nrfxlib/crypto/nrf_cc310_bl/lib/cortex-m33/hard-float/no-interrupts/libnrf_cc310_bl_0.9.12.a(pka.c.obj)
                0x000000000000d40c                PkaSetRegsSizesTab
 .text.PkaInitPka
                0x000000000000d448       0x74 C:/ncs/v2.6.0/nrfxlib/crypto/nrf_cc310_bl/lib/cortex-m33/hard-float/no-interrupts/libnrf_cc310_bl_0.9.12.a(pka.c.obj)
                0x000000000000d448                PkaInitPka
 .text.PkaClearBlockOfRegs
                0x000000000000d4bc      0x134 C:/ncs/v2.6.0/nrfxlib/crypto/nrf_cc310_bl/lib/cortex-m33/hard-float/no-interrupts/libnrf_cc310_bl_0.9.12.a(pka.c.obj)
                0x000000000000d4bc                PkaClearBlockOfRegs
 .text.PkaFinishAndMutexUnlock
                0x000000000000d5f0       0x24 C:/ncs/v2.6.0/nrfxlib/crypto/nrf_cc310_bl/lib/cortex-m33/hard-float/no-interrupts/libnrf_cc310_bl_0.9.12.a(pka.c.obj)
                0x000000000000d5f0                PkaFinishAndMutexUnlock
 .text.PkaCopyDataIntoPkaReg
                0x000000000000d614       0xb8 C:/ncs/v2.6.0/nrfxlib/crypto/nrf_cc310_bl/lib/cortex-m33/hard-float/no-interrupts/libnrf_cc310_bl_0.9.12.a(pka.c.obj)
                0x000000000000d614                PkaCopyDataIntoPkaReg
 .text.PkaEcdsaVerify
                0x000000000000d6cc      0x284 C:/ncs/v2.6.0/nrfxlib/crypto/nrf_cc310_bl/lib/cortex-m33/hard-float/no-interrupts/libnrf_cc310_bl_0.9.12.a(pka_ec_wrst_dsa_verify.c.obj)
                0x000000000000d6cc                PkaEcdsaVerify
 .text.nrf_cc310_bl_hash_update_internal
                0x000000000000d950       0xf0 C:/ncs/v2.6.0/nrfxlib/crypto/nrf_cc310_bl/lib/cortex-m33/hard-float/no-interrupts/libnrf_cc310_bl_0.9.12.a(nrf_cc310_bl_hash.c.obj)
                0x000000000000d950                nrf_cc310_bl_hash_update_internal
 .text.PkaDoubleMdf2Mdf
                0x000000000000da40      0x1ac C:/ncs/v2.6.0/nrfxlib/crypto/nrf_cc310_bl/lib/cortex-m33/hard-float/no-interrupts/libnrf_cc310_bl_0.9.12.a(pka_ec_wrst.c.obj)
                0x000000000000da40                PkaDoubleMdf2Mdf
 .text.PkaDoubleMdf2Jcb
                0x000000000000dbec      0x178 C:/ncs/v2.6.0/nrfxlib/crypto/nrf_cc310_bl/lib/cortex-m33/hard-float/no-interrupts/libnrf_cc310_bl_0.9.12.a(pka_ec_wrst.c.obj)
                0x000000000000dbec                PkaDoubleMdf2Jcb
 .text.PkaAddJcbAfn2Mdf
                0x000000000000dd64      0x194 C:/ncs/v2.6.0/nrfxlib/crypto/nrf_cc310_bl/lib/cortex-m33/hard-float/no-interrupts/libnrf_cc310_bl_0.9.12.a(pka_ec_wrst.c.obj)
                0x000000000000dd64                PkaAddJcbAfn2Mdf
 .text.PkaJcb2Afn
                0x000000000000def8       0xb0 C:/ncs/v2.6.0/nrfxlib/crypto/nrf_cc310_bl/lib/cortex-m33/hard-float/no-interrupts/libnrf_cc310_bl_0.9.12.a(pka_ec_wrst.c.obj)
                0x000000000000def8                PkaJcb2Afn
 .text.PkaAddAff
                0x000000000000dfa8      0x114 C:/ncs/v2.6.0/nrfxlib/crypto/nrf_cc310_bl/lib/cortex-m33/hard-float/no-interrupts/libnrf_cc310_bl_0.9.12.a(pka_ec_wrst.c.obj)
                0x000000000000dfa8                PkaAddAff
 .text.PkaSum2ScalarMullt
                0x000000000000e0bc      0x1e4 C:/ncs/v2.6.0/nrfxlib/crypto/nrf_cc310_bl/lib/cortex-m33/hard-float/no-interrupts/libnrf_cc310_bl_0.9.12.a(pka_ec_wrst.c.obj)
                0x000000000000e0bc                PkaSum2ScalarMullt
 .text.SaSi_HalClearInterruptBit
                0x000000000000e2a0        0xc C:/ncs/v2.6.0/nrfxlib/crypto/nrf_cc310_bl/lib/cortex-m33/hard-float/no-interrupts/libnrf_cc310_bl_0.9.12.a(ssi_hal.c.obj)
                0x000000000000e2a0                SaSi_HalClearInterruptBit
 .text.SaSi_HalMaskInterrupt
                0x000000000000e2ac        0xc C:/ncs/v2.6.0/nrfxlib/crypto/nrf_cc310_bl/lib/cortex-m33/hard-float/no-interrupts/libnrf_cc310_bl_0.9.12.a(ssi_hal.c.obj)
                0x000000000000e2ac                SaSi_HalMaskInterrupt
 .text.SaSi_HalWaitInterrupt
                0x000000000000e2b8       0x18 C:/ncs/v2.6.0/nrfxlib/crypto/nrf_cc310_bl/lib/cortex-m33/hard-float/no-interrupts/libnrf_cc310_bl_0.9.12.a(ssi_hal.c.obj)
                0x000000000000e2b8                SaSi_HalWaitInterrupt
 .text._OffsetAbsSyms
                0x000000000000e2d0        0x2 zephyr/CMakeFiles/offsets.dir/./arch/arm/core/offsets/offsets.c.obj
                0x000000000000e2d0                _OffsetAbsSyms
 .text.flash_area_get_device_id
                0x000000000000e2d2        0x4 app/libapp.a(flash_map_extended.c.obj)
                0x000000000000e2d2                flash_area_get_device_id
 .text.flash_area_get_sector
                0x000000000000e2d6       0x32 app/libapp.a(flash_map_extended.c.obj)
                0x000000000000e2d6                flash_area_get_sector
 .text.os_heap_init
                0x000000000000e308        0x2 app/libapp.a(os.c.obj)
                0x000000000000e308                os_heap_init
 .text.bootutil_tlv_iter_begin
                0x000000000000e30a       0x9c app/libapp.a(tlv.c.obj)
                0x000000000000e30a                bootutil_tlv_iter_begin
 .text.bootutil_tlv_iter_next
                0x000000000000e3a6       0x98 app/libapp.a(tlv.c.obj)
                0x000000000000e3a6                bootutil_tlv_iter_next
 .text.bootutil_read_bigint
                0x000000000000e43e       0x58 app/libapp.a(image_ecdsa.c.obj)
 .text.boot_trailer_sz
                0x000000000000e496        0xa app/libapp.a(bootutil_misc.c.obj)
                0x000000000000e496                boot_trailer_sz
 .text.boot_status_off
                0x000000000000e4a0       0x16 app/libapp.a(bootutil_misc.c.obj)
                0x000000000000e4a0                boot_status_off
 .text.boot_read_swap_size
                0x000000000000e4b6       0x1c app/libapp.a(bootutil_misc.c.obj)
                0x000000000000e4b6                boot_read_swap_size
 .text.boot_write_swap_size
                0x000000000000e4d2       0x1e app/libapp.a(bootutil_misc.c.obj)
                0x000000000000e4d2                boot_write_swap_size
 .text.fih_panic_loop
                0x000000000000e4f0       0x26 app/libapp.a(fault_injection_hardening.c.obj)
                0x000000000000e4f0                fih_panic_loop
 .text.boot_read_image_headers
                0x000000000000e516       0x42 app/libapp.a(loader.c.obj)
 .text.boot_read_image_size.constprop.0.isra.0
                0x000000000000e558       0x9e app/libapp.a(loader.c.obj)
 .text.boot_status_reset
                0x000000000000e5f6       0x12 app/libapp.a(loader.c.obj)
                0x000000000000e5f6                boot_status_reset
 .text.boot_status_is_reset
                0x000000000000e608       0x1a app/libapp.a(loader.c.obj)
                0x000000000000e608                boot_status_is_reset
 .text.boot_erase_region
                0x000000000000e622        0x4 app/libapp.a(loader.c.obj)
                0x000000000000e622                boot_erase_region
 .text.swap_erase_trailer_sectors
                0x000000000000e626       0x88 app/libapp.a(swap_misc.c.obj)
                0x000000000000e626                swap_erase_trailer_sectors
 .text.swap_status_init
                0x000000000000e6ae       0x48 app/libapp.a(swap_misc.c.obj)
                0x000000000000e6ae                swap_status_init
 .text.find_last_idx
                0x000000000000e6f6       0x1e app/libapp.a(swap_move.c.obj)
                0x000000000000e6f6                find_last_idx
 .text.boot_status_internal_off
                0x000000000000e714       0x26 app/libapp.a(swap_move.c.obj)
                0x000000000000e714                boot_status_internal_off
 .text.boot_slots_compatible
                0x000000000000e73a        0x4 app/libapp.a(swap_move.c.obj)
                0x000000000000e73a                boot_slots_compatible
 .text.mbedtls_asn1_get_len
                0x000000000000e73e       0x98 app/libapp.a(asn1parse.c.obj)
                0x000000000000e73e                mbedtls_asn1_get_len
 .text.mbedtls_asn1_get_tag
                0x000000000000e7d6       0x28 app/libapp.a(asn1parse.c.obj)
                0x000000000000e7d6                mbedtls_asn1_get_tag
 .text.mbedtls_asn1_get_bitstring_null
                0x000000000000e7fe       0x28 app/libapp.a(asn1parse.c.obj)
                0x000000000000e7fe                mbedtls_asn1_get_bitstring_null
 .text.mbedtls_asn1_get_alg
                0x000000000000e826       0x94 app/libapp.a(asn1parse.c.obj)
                0x000000000000e826                mbedtls_asn1_get_alg
 .text.cc310_sha256_update
                0x000000000000e8ba       0x36 app/libapp.a(cc310_glue.c.obj)
                0x000000000000e8ba                cc310_sha256_update
 .text.arch_printk_char_out
                0x000000000000e8f0        0x4 zephyr/libzephyr.a(printk.c.obj)
                0x000000000000e8f0                arch_printk_char_out
 .text.printk   0x000000000000e8f4       0x1a zephyr/libzephyr.a(printk.c.obj)
                0x000000000000e8f4                printk
 .text.process_recheck
                0x000000000000e90e       0x38 zephyr/libzephyr.a(onoff.c.obj)
 .text.validate_args
                0x000000000000e946       0x20 zephyr/libzephyr.a(onoff.c.obj)
 .text.notify_one
                0x000000000000e966       0x2c zephyr/libzephyr.a(onoff.c.obj)
 .text.transition_complete
                0x000000000000e992       0x1e zephyr/libzephyr.a(onoff.c.obj)
 .text.onoff_manager_init
                0x000000000000e9b0       0x26 zephyr/libzephyr.a(onoff.c.obj)
                0x000000000000e9b0                onoff_manager_init
 .text.onoff_request
                0x000000000000e9d6       0xb0 zephyr/libzephyr.a(onoff.c.obj)
                0x000000000000e9d6                onoff_request
 .text.sys_notify_validate
                0x000000000000ea86       0x22 zephyr/libzephyr.a(notify.c.obj)
                0x000000000000ea86                sys_notify_validate
 .text.sys_notify_finalize
                0x000000000000eaa8       0x1a zephyr/libzephyr.a(notify.c.obj)
                0x000000000000eaa8                sys_notify_finalize
 .text._ConfigAbsSyms
                0x000000000000eac2        0x2 zephyr/libzephyr.a(configs.c.obj)
                0x000000000000eac2                _ConfigAbsSyms
 .text.z_log_minimal_printk
                0x000000000000eac4       0x1a zephyr/libzephyr.a(log_minimal.c.obj)
                0x000000000000eac4                z_log_minimal_printk
 .text.flash_area_close
                0x000000000000eade        0x2 zephyr/libzephyr.a(flash_map.c.obj)
                0x000000000000eade                flash_area_close
 .text.flash_area_read
                0x000000000000eae0       0x2a zephyr/libzephyr.a(flash_map.c.obj)
                0x000000000000eae0                flash_area_read
 .text.flash_area_write
                0x000000000000eb0a       0x2a zephyr/libzephyr.a(flash_map.c.obj)
                0x000000000000eb0a                flash_area_write
 .text.flash_area_erase
                0x000000000000eb34       0x2c zephyr/libzephyr.a(flash_map.c.obj)
                0x000000000000eb34                flash_area_erase
 .text.flash_area_align
                0x000000000000eb60        0xe zephyr/libzephyr.a(flash_map.c.obj)
                0x000000000000eb60                flash_area_align
 .text.flash_area_erased_val
                0x000000000000eb6e        0xe zephyr/libzephyr.a(flash_map.c.obj)
                0x000000000000eb6e                flash_area_erased_val
 .text.get_sectors_cb
                0x000000000000eb7c       0x44 zephyr/libzephyr.a(flash_map_layout.c.obj)
 .text.abort_function
                0x000000000000ebc0        0x8 zephyr/libzephyr.a(nrf_cc3xx_platform_abort_zephyr.c.obj)
 .text.nrf_cc3xx_platform_mutex_init
                0x000000000000ebc8        0x2 zephyr/libzephyr.a(nrf_cc3xx_platform_no_mutex_zephyr.c.obj)
                0x000000000000ebc8                nrf_cc3xx_platform_mutex_init
 .text.z_arm_fatal_error
                0x000000000000ebca        0x4 zephyr/arch/arch/arm/core/libarch__arm__core.a(fatal.c.obj)
                0x000000000000ebca                z_arm_fatal_error
 .text.z_do_kernel_oops
                0x000000000000ebce        0x8 zephyr/arch/arch/arm/core/libarch__arm__core.a(fatal.c.obj)
                0x000000000000ebce                z_do_kernel_oops
 .text.z_arm_nmi
                0x000000000000ebd6        0xe zephyr/arch/arch/arm/core/libarch__arm__core.a(nmi.c.obj)
                0x000000000000ebd6                z_arm_nmi
 .text.z_irq_spurious
                0x000000000000ebe4        0x8 zephyr/arch/arch/arm/core/cortex_m/libarch__arm__core__cortex_m.a(irq_manage.c.obj)
                0x000000000000ebe4                z_irq_spurious
 .text.strlen   0x000000000000ebec        0xe zephyr/lib/libc/minimal/liblib__libc__minimal.a(string.c.obj)
                0x000000000000ebec                strlen
 .text.memcmp   0x000000000000ebfa       0x20 zephyr/lib/libc/minimal/liblib__libc__minimal.a(string.c.obj)
                0x000000000000ebfa                memcmp
 .text.memcpy   0x000000000000ec1a       0x16 zephyr/lib/libc/minimal/liblib__libc__minimal.a(string.c.obj)
                0x000000000000ec1a                memcpy
 .text.memset   0x000000000000ec30       0x12 zephyr/lib/libc/minimal/liblib__libc__minimal.a(string.c.obj)
                0x000000000000ec30                memset
 .text._stdout_hook_default
                0x000000000000ec42        0x6 zephyr/lib/libc/minimal/liblib__libc__minimal.a(stdout_console.c.obj)
 .text.get_status
                0x000000000000ec48       0x12 zephyr/drivers/clock_control/libdrivers__clock_control.a(clock_control_nrf.c.obj)
 .text.set_on_state
                0x000000000000ec5a       0x26 zephyr/drivers/clock_control/libdrivers__clock_control.a(clock_control_nrf.c.obj)
 .text.stop     0x000000000000ec80       0x52 zephyr/drivers/clock_control/libdrivers__clock_control.a(clock_control_nrf.c.obj)
 .text.api_stop
                0x000000000000ecd2        0x6 zephyr/drivers/clock_control/libdrivers__clock_control.a(clock_control_nrf.c.obj)
 .text.async_start
                0x000000000000ecd8       0x5c zephyr/drivers/clock_control/libdrivers__clock_control.a(clock_control_nrf.c.obj)
 .text.api_start
                0x000000000000ed34        0xe zephyr/drivers/clock_control/libdrivers__clock_control.a(clock_control_nrf.c.obj)
 .text.api_blocking_start
                0x000000000000ed42        0x6 zephyr/drivers/clock_control/libdrivers__clock_control.a(clock_control_nrf.c.obj)
 .text.onoff_started_callback
                0x000000000000ed48       0x14 zephyr/drivers/clock_control/libdrivers__clock_control.a(clock_control_nrf.c.obj)
 .text.lfclk_start
                0x000000000000ed5c        0x6 zephyr/drivers/clock_control/libdrivers__clock_control.a(clock_control_nrf.c.obj)
 .text.lfclk_stop
                0x000000000000ed62        0x6 zephyr/drivers/clock_control/libdrivers__clock_control.a(clock_control_nrf.c.obj)
 .text.is_regular_addr_valid
                0x000000000000ed68       0x22 zephyr/drivers/flash/libdrivers__flash.a(soc_flash_nrf.c.obj)
 .text.flash_nrf_erase
                0x000000000000ed8a       0x4c zephyr/drivers/flash/libdrivers__flash.a(soc_flash_nrf.c.obj)
 .text.flash_nrf_read
                0x000000000000edd6       0x28 zephyr/drivers/flash/libdrivers__flash.a(soc_flash_nrf.c.obj)
 .text.flash_get_page_info
                0x000000000000edfe       0x66 zephyr/drivers/flash/libdrivers__flash.a(flash_page_layout.c.obj)
 .text.z_impl_flash_get_page_info_by_offs
                0x000000000000ee64        0x8 zephyr/drivers/flash/libdrivers__flash.a(flash_page_layout.c.obj)
                0x000000000000ee64                z_impl_flash_get_page_info_by_offs
 .text.flash_page_foreach
                0x000000000000ee6c       0x58 zephyr/drivers/flash/libdrivers__flash.a(flash_page_layout.c.obj)
                0x000000000000ee6c                flash_page_foreach
 .text.gpio_nrfx_port_get_raw
                0x000000000000eec4        0xc zephyr/drivers/gpio/libdrivers__gpio.a(gpio_nrfx.c.obj)
 .text.gpio_nrfx_port_set_masked_raw
                0x000000000000eed0       0x14 zephyr/drivers/gpio/libdrivers__gpio.a(gpio_nrfx.c.obj)
 .text.gpio_nrfx_port_set_bits_raw
                0x000000000000eee4        0xa zephyr/drivers/gpio/libdrivers__gpio.a(gpio_nrfx.c.obj)
 .text.gpio_nrfx_port_clear_bits_raw
                0x000000000000eeee        0xa zephyr/drivers/gpio/libdrivers__gpio.a(gpio_nrfx.c.obj)
 .text.gpio_nrfx_port_toggle_bits
                0x000000000000eef8       0x14 zephyr/drivers/gpio/libdrivers__gpio.a(gpio_nrfx.c.obj)
 .text.gpio_nrfx_manage_callback
                0x000000000000ef0c       0x52 zephyr/drivers/gpio/libdrivers__gpio.a(gpio_nrfx.c.obj)
 .text.pinctrl_lookup_state
                0x000000000000ef5e       0x26 zephyr/drivers/pinctrl/libdrivers__pinctrl.a(common.c.obj)
                0x000000000000ef5e                pinctrl_lookup_state
 .text.uarte_nrfx_err_check
                0x000000000000ef84        0xe zephyr/drivers/serial/libdrivers__serial.a(uart_nrfx_uarte.c.obj)
 .text.uarte_nrfx_poll_in
                0x000000000000ef92       0x28 zephyr/drivers/serial/libdrivers__serial.a(uart_nrfx_uarte.c.obj)
 .text.is_tx_ready.isra.0
                0x000000000000efba       0x20 zephyr/drivers/serial/libdrivers__serial.a(uart_nrfx_uarte.c.obj)
 .text.uarte_nrfx_isr_int
                0x000000000000efda       0x72 zephyr/drivers/serial/libdrivers__serial.a(uart_nrfx_uarte.c.obj)
 .text.uarte_1_init
                0x000000000000f04c       0x1e zephyr/drivers/serial/libdrivers__serial.a(uart_nrfx_uarte.c.obj)
 .text.uarte_0_init
                0x000000000000f06a       0x1e zephyr/drivers/serial/libdrivers__serial.a(uart_nrfx_uarte.c.obj)
 .text.event_clear
                0x000000000000f088       0x18 zephyr/drivers/timer/libdrivers__timer.a(nrf_rtc_timer.c.obj)
 .text.k_sys_fatal_error_handler
                0x000000000000f0a0        0x8 modules/nrf/lib/fatal_error/lib..__nrf__lib__fatal_error.a(fatal_error.c.obj)
                0x000000000000f0a0                k_sys_fatal_error_handler
 .text.skip_ext_apis
                0x000000000000f0a8       0x16 modules/nrf/subsys/fw_info/lib..__nrf__subsys__fw_info.a(fw_info.c.obj)
                0x000000000000f0a8                skip_ext_apis
 .text.hw_cc3xx_init_internal
                0x000000000000f0be        0x4 modules/nrf/drivers/hw_cc3xx/lib..__nrf__drivers__hw_cc3xx.a(hw_cc3xx.c.obj)
 .text.hw_cc3xx_init
                0x000000000000f0c2       0x12 modules/nrf/drivers/hw_cc3xx/lib..__nrf__drivers__hw_cc3xx.a(hw_cc3xx.c.obj)
 .text.boot_swap_info_off
                0x000000000000f0d4        0xc modules/mcuboot/boot/bootutil/zephyr/libmcuboot_util.a(bootutil_public.c.obj)
                0x000000000000f0d4                boot_swap_info_off
 .text.boot_magic_compatible_check
                0x000000000000f0e0       0x1c modules/mcuboot/boot/bootutil/zephyr/libmcuboot_util.a(bootutil_public.c.obj)
                0x000000000000f0e0                boot_magic_compatible_check
 .text.bootutil_buffer_is_erased
                0x000000000000f0fc       0x26 modules/mcuboot/boot/bootutil/zephyr/libmcuboot_util.a(bootutil_public.c.obj)
                0x000000000000f0fc                bootutil_buffer_is_erased
 .text.boot_read_flag
                0x000000000000f122       0x38 modules/mcuboot/boot/bootutil/zephyr/libmcuboot_util.a(bootutil_public.c.obj)
 .text.boot_write_trailer
                0x000000000000f15a       0x58 modules/mcuboot/boot/bootutil/zephyr/libmcuboot_util.a(bootutil_public.c.obj)
                0x000000000000f15a                boot_write_trailer
 .text.boot_write_trailer_flag
                0x000000000000f1b2       0x14 modules/mcuboot/boot/bootutil/zephyr/libmcuboot_util.a(bootutil_public.c.obj)
                0x000000000000f1b2                boot_write_trailer_flag
 .text.boot_write_image_ok
                0x000000000000f1c6        0xe modules/mcuboot/boot/bootutil/zephyr/libmcuboot_util.a(bootutil_public.c.obj)
                0x000000000000f1c6                boot_write_image_ok
 .text.boot_read_image_ok
                0x000000000000f1d4        0xc modules/mcuboot/boot/bootutil/zephyr/libmcuboot_util.a(bootutil_public.c.obj)
                0x000000000000f1d4                boot_read_image_ok
 .text.boot_read_swap_state_by_id
                0x000000000000f1e0       0x28 modules/mcuboot/boot/bootutil/zephyr/libmcuboot_util.a(bootutil_public.c.obj)
                0x000000000000f1e0                boot_read_swap_state_by_id
 .text.boot_write_swap_info
                0x000000000000f208       0x22 modules/mcuboot/boot/bootutil/zephyr/libmcuboot_util.a(bootutil_public.c.obj)
                0x000000000000f208                boot_write_swap_info
 .text.boot_write_copy_done
                0x000000000000f22a       0x10 modules/mcuboot/boot/bootutil/zephyr/libmcuboot_util.a(bootutil_public.c.obj)
                0x000000000000f22a                boot_write_copy_done
 .text.nrf91_errata_6
                0x000000000000f23a       0x1e modules/hal_nordic/nrfx/libmodules__hal_nordic__nrfx.a(system_nrf91.c.obj)
 .text.nrf91_errata_14
                0x000000000000f258       0x24 modules/hal_nordic/nrfx/libmodules__hal_nordic__nrfx.a(system_nrf91.c.obj)
 .text.nrfx_isr
                0x000000000000f27c        0x2 modules/hal_nordic/nrfx/libmodules__hal_nordic__nrfx.a(nrfx_glue.c.obj)
                0x000000000000f27c                nrfx_isr
 .text.nrfx_busy_wait
                0x000000000000f27e        0x4 modules/hal_nordic/nrfx/libmodules__hal_nordic__nrfx.a(nrfx_glue.c.obj)
                0x000000000000f27e                nrfx_busy_wait
 .text.nrfx_gppi_channel_endpoints_setup
                0x000000000000f282        0xe modules/hal_nordic/nrfx/libmodules__hal_nordic__nrfx.a(nrfx_gppi_dppi.c.obj)
                0x000000000000f282                nrfx_gppi_channel_endpoints_setup
 .text.clock_stop
                0x000000000000f290       0xb2 modules/hal_nordic/nrfx/libmodules__hal_nordic__nrfx.a(nrfx_clock.c.obj)
 .text.nrfx_clock_stop
                0x000000000000f342        0x4 modules/hal_nordic/nrfx/libmodules__hal_nordic__nrfx.a(nrfx_clock.c.obj)
                0x000000000000f342                nrfx_clock_stop
 .text.nrf_gpio_reconfigure
                0x000000000000f346       0x92 modules/hal_nordic/nrfx/libmodules__hal_nordic__nrfx.a(nrfx_gpiote.c.obj)
 .text.nrf_gpio_cfg_sense_set
                0x000000000000f3d8       0x1e modules/hal_nordic/nrfx/libmodules__hal_nordic__nrfx.a(nrfx_gpiote.c.obj)
 .text.nrfx_gpiote_pin_uninit
                0x000000000000f3f6        0x4 modules/hal_nordic/nrfx/libmodules__hal_nordic__nrfx.a(nrfx_gpiote.c.obj)
                0x000000000000f3f6                nrfx_gpiote_pin_uninit
 .text.nrfx_gpiote_trigger_disable
                0x000000000000f3fa        0x4 modules/hal_nordic/nrfx/libmodules__hal_nordic__nrfx.a(nrfx_gpiote.c.obj)
                0x000000000000f3fa                nrfx_gpiote_trigger_disable
 .text.nrfx_nvmc_flash_size_get
                0x000000000000f3fe        0x6 modules/hal_nordic/nrfx/libmodules__hal_nordic__nrfx.a(nrfx_nvmc.c.obj)
                0x000000000000f3fe                nrfx_nvmc_flash_size_get
 .text.nrfx_nvmc_flash_page_size_get
                0x000000000000f404        0x6 modules/hal_nordic/nrfx/libmodules__hal_nordic__nrfx.a(nrfx_nvmc.c.obj)
                0x000000000000f404                nrfx_nvmc_flash_page_size_get
 .text.nrfx_nvmc_flash_page_count_get
                0x000000000000f40a        0x6 modules/hal_nordic/nrfx/libmodules__hal_nordic__nrfx.a(nrfx_nvmc.c.obj)
                0x000000000000f40a                nrfx_nvmc_flash_page_count_get
 .text.z_impl_k_busy_wait
                0x000000000000f410        0x8 zephyr/kernel/libkernel.a(busy_wait.c.obj)
                0x000000000000f410                z_impl_k_busy_wait
 .text.z_device_state_init
                0x000000000000f418        0x2 zephyr/kernel/libkernel.a(device.c.obj)
                0x000000000000f418                z_device_state_init
 .text.z_device_is_ready
                0x000000000000f41a       0x16 zephyr/kernel/libkernel.a(device.c.obj)
                0x000000000000f41a                z_device_is_ready
 .text.z_fatal_error
                0x000000000000f430       0x20 zephyr/kernel/libkernel.a(fatal.c.obj)
                0x000000000000f430                z_fatal_error
 .text.z_early_memset
                0x000000000000f450        0x4 zephyr/kernel/libkernel.a(init.c.obj)
                0x000000000000f450                z_early_memset
 .text.z_early_memcpy
                0x000000000000f454        0x4 zephyr/kernel/libkernel.a(init.c.obj)
                0x000000000000f454                z_early_memcpy
 .text.k_is_in_isr
                0x000000000000f458        0xc zephyr/kernel/libkernel.a(thread.c.obj)
                0x000000000000f458                k_is_in_isr
 .text.nrf_cc310_bl_ecdsa_verify_secp256r1
                0x000000000000f464       0x26 C:/ncs/v2.6.0/nrfxlib/crypto/nrf_cc310_bl/lib/cortex-m33/hard-float/no-interrupts/libnrf_cc310_bl_0.9.12.a(nrf_cc310_bl_ecdsa_verify_secp256r1.c.obj)
                0x000000000000f464                nrf_cc310_bl_ecdsa_verify_secp256r1
 .text.PkaInitAndMutexLock
                0x000000000000f48a        0x8 C:/ncs/v2.6.0/nrfxlib/crypto/nrf_cc310_bl/lib/cortex-m33/hard-float/no-interrupts/libnrf_cc310_bl_0.9.12.a(pka.c.obj)
                0x000000000000f48a                PkaInitAndMutexLock
 .text.SaSi_PalMemCopy
                0x000000000000f492        0x4 C:/ncs/v2.6.0/nrfxlib/crypto/nrf_cc310_bl/lib/cortex-m33/hard-float/no-interrupts/libnrf_cc310_bl_0.9.12.a(ssi_pal_mem.c.obj)
                0x000000000000f492                SaSi_PalMemCopy
 .text.SaSi_PalMemSet
                0x000000000000f496        0x4 C:/ncs/v2.6.0/nrfxlib/crypto/nrf_cc310_bl/lib/cortex-m33/hard-float/no-interrupts/libnrf_cc310_bl_0.9.12.a(ssi_pal_mem.c.obj)
                0x000000000000f496                SaSi_PalMemSet
 .text.SaSi_PalMemSetZero
                0x000000000000f49a        0x8 C:/ncs/v2.6.0/nrfxlib/crypto/nrf_cc310_bl/lib/cortex-m33/hard-float/no-interrupts/libnrf_cc310_bl_0.9.12.a(ssi_pal_mem.c.obj)
                0x000000000000f49a                SaSi_PalMemSetZero
 .text.CRYS_COMMON_ReverseMemcpy32
                0x000000000000f4a2       0x1a C:/ncs/v2.6.0/nrfxlib/crypto/nrf_cc310_bl/lib/cortex-m33/hard-float/no-interrupts/libnrf_cc310_bl_0.9.12.a(crys_common_conv_endian.c.obj)
                0x000000000000f4a2                CRYS_COMMON_ReverseMemcpy32
 *(SORT_BY_ALIGNMENT(.TEXT.*))
 *(SORT_BY_ALIGNMENT(.gnu.linkonce.t.*))
 *(SORT_BY_ALIGNMENT(.glue_7t))
 .glue_7t       0x000000000000f4bc        0x0 linker stubs
 *(SORT_BY_ALIGNMENT(.glue_7))
 .glue_7        0x000000000000f4bc        0x0 linker stubs
 *(SORT_BY_ALIGNMENT(.vfp11_veneer))
 .vfp11_veneer  0x000000000000f4bc        0x0 linker stubs
 *(SORT_BY_ALIGNMENT(.v4_bx))
 .v4_bx         0x000000000000f4bc        0x0 linker stubs
                0x000000000000f4bc                . = ALIGN (0x4)
                0x000000000000f4bc                __text_region_end = .

.ARM.exidx      0x000000000000f4bc        0x8
                0x000000000000f4bc                __exidx_start = .
 *(SORT_BY_ALIGNMENT(.ARM.exidx*) SORT_BY_ALIGNMENT(gnu.linkonce.armexidx.*))
 .ARM.exidx     0x000000000000f4bc        0x8 c:/ncs/toolchains/cf2149caf2/opt/zephyr-sdk/arm-zephyr-eabi/bin/../lib/gcc/arm-zephyr-eabi/12.2.0/thumb/v8-m.main+fp/hard\libgcc.a(_udivmoddi4.o)
                0x000000000000f4c4                __exidx_end = .
                0x000000000000f4c4                __rodata_region_start = .

initlevel       0x000000000000f4c4       0x58
                0x000000000000f4c4                __init_start = .
                0x000000000000f4c4                __init_EARLY_start = .
 *(SORT_BY_NAME(SORT_BY_ALIGNMENT(.z_init_EARLY?_*)))
 *(SORT_BY_NAME(SORT_BY_ALIGNMENT(.z_init_EARLY??_*)))
                0x000000000000f4c4                __init_PRE_KERNEL_1_start = .
 *(SORT_BY_NAME(SORT_BY_ALIGNMENT(.z_init_PRE_KERNEL_1?_*)))
 .z_init_PRE_KERNEL_10_0_
                0x000000000000f4c4        0x8 zephyr/soc/soc/arm/nordic_nrf/libsoc__arm__nordic_nrf.a(soc.c.obj)
 *(SORT_BY_NAME(SORT_BY_ALIGNMENT(.z_init_PRE_KERNEL_1??_*)))
 .z_init_PRE_KERNEL_130_00066_
                0x000000000000f4cc        0x8 zephyr/drivers/clock_control/libdrivers__clock_control.a(clock_control_nrf.c.obj)
 .z_init_PRE_KERNEL_140_00010_
                0x000000000000f4d4        0x8 zephyr/drivers/gpio/libdrivers__gpio.a(gpio_nrfx.c.obj)
 .z_init_PRE_KERNEL_140_0_
                0x000000000000f4dc        0x8 modules/nrf/drivers/hw_cc3xx/lib..__nrf__drivers__hw_cc3xx.a(hw_cc3xx.c.obj)
 .z_init_PRE_KERNEL_155_00092_
                0x000000000000f4e4        0x8 zephyr/drivers/serial/libdrivers__serial.a(uart_nrfx_uarte.c.obj)
 .z_init_PRE_KERNEL_155_00093_
                0x000000000000f4ec        0x8 zephyr/drivers/serial/libdrivers__serial.a(uart_nrfx_uarte.c.obj)
 .z_init_PRE_KERNEL_160_0_
                0x000000000000f4f4        0x8 zephyr/drivers/console/libdrivers__console.a(uart_console.c.obj)
                0x000000000000f4fc                __init_PRE_KERNEL_2_start = .
 *(SORT_BY_NAME(SORT_BY_ALIGNMENT(.z_init_PRE_KERNEL_2?_*)))
 .z_init_PRE_KERNEL_20_0_
                0x000000000000f4fc        0x8 zephyr/drivers/timer/libdrivers__timer.a(nrf_rtc_timer.c.obj)
 *(SORT_BY_NAME(SORT_BY_ALIGNMENT(.z_init_PRE_KERNEL_2??_*)))
                0x000000000000f504                __init_POST_KERNEL_start = .
 *(SORT_BY_NAME(SORT_BY_ALIGNMENT(.z_init_POST_KERNEL?_*)))
 *(SORT_BY_NAME(SORT_BY_ALIGNMENT(.z_init_POST_KERNEL??_*)))
 .z_init_POST_KERNEL40_0_
                0x000000000000f504        0x8 modules/nrf/drivers/hw_cc3xx/lib..__nrf__drivers__hw_cc3xx.a(hw_cc3xx.c.obj)
 .z_init_POST_KERNEL50_00098_
                0x000000000000f50c        0x8 zephyr/drivers/flash/libdrivers__flash.a(soc_flash_nrf.c.obj)
 .z_init_POST_KERNEL90_0_
                0x000000000000f514        0x8 modules/nrf/subsys/fw_info/lib..__nrf__subsys__fw_info.a(fw_info.c.obj)
                0x000000000000f51c                __init_APPLICATION_start = .
 *(SORT_BY_NAME(SORT_BY_ALIGNMENT(.z_init_APPLICATION?_*)))
 *(SORT_BY_NAME(SORT_BY_ALIGNMENT(.z_init_APPLICATION??_*)))
                0x000000000000f51c                __init_SMP_start = .
 *(SORT_BY_NAME(SORT_BY_ALIGNMENT(.z_init_SMP?_*)))
 *(SORT_BY_NAME(SORT_BY_ALIGNMENT(.z_init_SMP??_*)))
                0x000000000000f51c                __init_end = .

device_area     0x000000000000f51c       0x64
                0x000000000000f51c                _device_list_start = .
 *(SORT_BY_NAME(SORT_BY_ALIGNMENT(._device.static.*_?_*)))
 *(SORT_BY_NAME(SORT_BY_ALIGNMENT(._device.static.*_??_*)))
 ._device.static.1_30_
                0x000000000000f51c       0x14 zephyr/drivers/clock_control/libdrivers__clock_control.a(clock_control_nrf.c.obj)
                0x000000000000f51c                __device_dts_ord_66
 ._device.static.1_40_
                0x000000000000f530       0x14 zephyr/drivers/gpio/libdrivers__gpio.a(gpio_nrfx.c.obj)
                0x000000000000f530                __device_dts_ord_10
 ._device.static.1_55_
                0x000000000000f544       0x28 zephyr/drivers/serial/libdrivers__serial.a(uart_nrfx_uarte.c.obj)
                0x000000000000f544                __device_dts_ord_93
                0x000000000000f558                __device_dts_ord_92
 ._device.static.3_50_
                0x000000000000f56c       0x14 zephyr/drivers/flash/libdrivers__flash.a(soc_flash_nrf.c.obj)
                0x000000000000f56c                __device_dts_ord_98
                0x000000000000f580                _device_list_end = .

sw_isr_table    0x000000000000f580      0x208
                0x000000000000f580                . = ALIGN (0x4)
 *(SORT_BY_ALIGNMENT(.gnu.linkonce.sw_isr_table*))
 .gnu.linkonce.sw_isr_table
                0x000000000000f580      0x208 zephyr/CMakeFiles/zephyr_final.dir/isr_tables.c.obj
                0x000000000000f580                _sw_isr_table

initlevel_error
                0x000000000000f4c4        0x0
 *(SORT_BY_NAME(SORT_BY_ALIGNMENT(.z_init_[_A-Z0-9]*)))
                0x0000000000000001                ASSERT ((SIZEOF (initlevel_error) == 0x0), Undefined initialization levels used.)

app_shmem_regions
                0x000000000000f788        0x0
                0x000000000000f788                __app_shmem_regions_start = .
 *(SORT_BY_NAME(SORT_BY_ALIGNMENT(.app_regions.*)))
                0x000000000000f788                __app_shmem_regions_end = .

k_p4wq_initparam_area
                0x000000000000f788        0x0
                0x000000000000f788                _k_p4wq_initparam_list_start = .
 *(SORT_BY_NAME(SORT_BY_ALIGNMENT(._k_p4wq_initparam.static.*)))
                0x000000000000f788                _k_p4wq_initparam_list_end = .

_static_thread_data_area
                0x000000000000f788        0x0
                0x000000000000f788                __static_thread_data_list_start = .
 *(SORT_BY_NAME(SORT_BY_ALIGNMENT(.__static_thread_data.static.*)))
                0x000000000000f788                __static_thread_data_list_end = .

device_deps     0x000000000000f788        0x0
                0x000000000000f788                __device_deps_start = .
 *(SORT_BY_NAME(SORT_BY_ALIGNMENT(.__device_deps_pass2*)))
                0x000000000000f788                __device_deps_end = .

ztest           0x000000000000f788        0x0
                0x000000000000f788                _ztest_expected_result_entry_list_start = .
 *(SORT_BY_NAME(SORT_BY_ALIGNMENT(._ztest_expected_result_entry.static.*)))
                0x000000000000f788                _ztest_expected_result_entry_list_end = .
                0x000000000000f788                _ztest_suite_node_list_start = .
 *(SORT_BY_NAME(SORT_BY_ALIGNMENT(._ztest_suite_node.static.*)))
                0x000000000000f788                _ztest_suite_node_list_end = .
                0x000000000000f788                _ztest_unit_test_list_start = .
 *(SORT_BY_NAME(SORT_BY_ALIGNMENT(._ztest_unit_test.static.*)))
                0x000000000000f788                _ztest_unit_test_list_end = .
                0x000000000000f788                _ztest_test_rule_list_start = .
 *(SORT_BY_NAME(SORT_BY_ALIGNMENT(._ztest_test_rule.static.*)))
                0x000000000000f788                _ztest_test_rule_list_end = .

bt_l2cap_fixed_chan_area
                0x000000000000f788        0x0
                0x000000000000f788                _bt_l2cap_fixed_chan_list_start = .
 *(SORT_BY_NAME(SORT_BY_ALIGNMENT(._bt_l2cap_fixed_chan.static.*)))
                0x000000000000f788                _bt_l2cap_fixed_chan_list_end = .

bt_gatt_service_static_area
                0x000000000000f788        0x0
                0x000000000000f788                _bt_gatt_service_static_list_start = .
 *(SORT_BY_NAME(SORT_BY_ALIGNMENT(._bt_gatt_service_static.static.*)))
                0x000000000000f788                _bt_gatt_service_static_list_end = .

log_strings_area
                0x000000000000f788        0x0
                0x000000000000f788                _log_strings_list_start = .
 *(SORT_BY_NAME(SORT_BY_ALIGNMENT(._log_strings.static.*)))
                0x000000000000f788                _log_strings_list_end = .

log_const_area  0x000000000000f788        0x8
                0x000000000000f788                _log_const_list_start = .
 *(SORT_BY_NAME(SORT_BY_ALIGNMENT(._log_const.static.*)))
 ._log_const.static.log_const_mcuboot_
                0x000000000000f788        0x8 app/libapp.a(main.c.obj)
                0x000000000000f788                log_const_mcuboot
                0x000000000000f790                _log_const_list_end = .

log_backend_area
                0x000000000000f790        0x0
                0x000000000000f790                _log_backend_list_start = .
 *(SORT_BY_NAME(SORT_BY_ALIGNMENT(._log_backend.static.*)))
                0x000000000000f790                _log_backend_list_end = .

log_link_area   0x000000000000f790        0x0
                0x000000000000f790                _log_link_list_start = .
 *(SORT_BY_NAME(SORT_BY_ALIGNMENT(._log_link.static.*)))
                0x000000000000f790                _log_link_list_end = .

tracing_backend_area
                0x000000000000f790        0x0
                0x000000000000f790                _tracing_backend_list_start = .
 *(SORT_BY_NAME(SORT_BY_ALIGNMENT(._tracing_backend.static.*)))
                0x000000000000f790                _tracing_backend_list_end = .

zephyr_dbg_info
 *(SORT_BY_ALIGNMENT(.dbg_thread_info))

symbol_to_keep  0x000000000000f790        0x0
                0x000000000000f790                __symbol_to_keep_start = .
 *(SORT_BY_NAME(SORT_BY_ALIGNMENT(.symbol_to_keep*)))
                0x000000000000f790                __symbol_to_keep_end = .

shell_area      0x000000000000f790        0x0
                0x000000000000f790                _shell_list_start = .
 *(SORT_BY_NAME(SORT_BY_ALIGNMENT(._shell.static.*)))
                0x000000000000f790                _shell_list_end = .

shell_root_cmds_area
                0x000000000000f790        0x0
                0x000000000000f790                _shell_root_cmds_list_start = .
 *(SORT_BY_NAME(SORT_BY_ALIGNMENT(._shell_root_cmds.static.*)))
                0x000000000000f790                _shell_root_cmds_list_end = .

shell_subcmds_area
                0x000000000000f790        0x0
                0x000000000000f790                _shell_subcmds_list_start = .
 *(SORT_BY_NAME(SORT_BY_ALIGNMENT(._shell_subcmds.static.*)))
                0x000000000000f790                _shell_subcmds_list_end = .

shell_dynamic_subcmds_area
                0x000000000000f790        0x0
                0x000000000000f790                _shell_dynamic_subcmds_list_start = .
 *(SORT_BY_NAME(SORT_BY_ALIGNMENT(._shell_dynamic_subcmds.static.*)))
                0x000000000000f790                _shell_dynamic_subcmds_list_end = .

cfb_font_area   0x000000000000f790        0x0
                0x000000000000f790                _cfb_font_list_start = .
 *(SORT_BY_NAME(SORT_BY_ALIGNMENT(._cfb_font.static.*)))
                0x000000000000f790                _cfb_font_list_end = .

rodata          0x000000000000f790      0xab8
 *(SORT_BY_ALIGNMENT(.rodata))
 .rodata        0x000000000000f790       0x18 modules/nrf/subsys/fw_info/lib..__nrf__subsys__fw_info.a(fw_info.c.obj)
 .rodata        0x000000000000f7a8       0x10 C:/ncs/v2.6.0/nrfxlib/crypto/nrf_cc310_bl/lib/cortex-m33/hard-float/no-interrupts/libnrf_cc310_bl_0.9.12.a(nrf_cc310_bl_hash_sha256.c.obj)
 *(SORT_BY_ALIGNMENT(.rodata.*))
 *fill*         0x000000000000f7b8        0x8 
 .rodata.delay_machine_code.0
                0x000000000000f7c0        0x6 zephyr/soc/soc/arm/nordic_nrf/libsoc__arm__nordic_nrf.a(soc.c.obj)
 *fill*         0x000000000000f7c6        0x2 
 .rodata.bootutil_key_cnt
                0x000000000000f7c8        0x4 app/libapp.a(keys.c.obj)
                0x000000000000f7c8                bootutil_key_cnt
 .rodata.bootutil_keys
                0x000000000000f7cc        0x8 app/libapp.a(keys.c.obj)
                0x000000000000f7cc                bootutil_keys
 .rodata.ecdsa_pub_key_len
                0x000000000000f7d4        0x4 app/libapp.a(autogen-pubkey.c.obj)
                0x000000000000f7d4                ecdsa_pub_key_len
 .rodata.flash_map_entries
                0x000000000000f7d8        0x4 zephyr/libzephyr.a(flash_map_partition_manager.c.obj)
                0x000000000000f7d8                flash_map_entries
 .rodata.default_flash_map
                0x000000000000f7dc      0x170 zephyr/libzephyr.a(flash_map_partition_manager.c.obj)
                0x000000000000f7dc                default_flash_map
 .rodata.apis   0x000000000000f94c        0x8 zephyr/libzephyr.a(nrf_cc3xx_platform_abort_zephyr.c.obj)
 .rodata.transitions.0
                0x000000000000f954        0xc zephyr/drivers/clock_control/libdrivers__clock_control.a(clock_control_nrf.c.obj)
 .rodata.config
                0x000000000000f960       0x18 zephyr/drivers/clock_control/libdrivers__clock_control.a(clock_control_nrf.c.obj)
 .rodata.clock_control_api
                0x000000000000f978       0x1c zephyr/drivers/clock_control/libdrivers__clock_control.a(clock_control_nrf.c.obj)
 .rodata.flash_nrf_api
                0x000000000000f994       0x14 zephyr/drivers/flash/libdrivers__flash.a(soc_flash_nrf.c.obj)
 .rodata.flash_nrf_parameters
                0x000000000000f9a8        0x8 zephyr/drivers/flash/libdrivers__flash.a(soc_flash_nrf.c.obj)
 .rodata.gpio_nrfx_p0_cfg
                0x000000000000f9b0       0x18 zephyr/drivers/gpio/libdrivers__gpio.a(gpio_nrfx.c.obj)
 .rodata.gpio_nrfx_drv_api_funcs
                0x000000000000f9c8       0x24 zephyr/drivers/gpio/libdrivers__gpio.a(gpio_nrfx.c.obj)
 .rodata.uarte_1z_config
                0x000000000000f9ec       0x10 zephyr/drivers/serial/libdrivers__serial.a(uart_nrfx_uarte.c.obj)
 .rodata.__pinctrl_dev_config__device_dts_ord_93
                0x000000000000f9fc        0xc zephyr/drivers/serial/libdrivers__serial.a(uart_nrfx_uarte.c.obj)
 .rodata.__pinctrl_states__device_dts_ord_93
                0x000000000000fa08        0x8 zephyr/drivers/serial/libdrivers__serial.a(uart_nrfx_uarte.c.obj)
 .rodata.__pinctrl_state_pins_0__device_dts_ord_93
                0x000000000000fa10       0x10 zephyr/drivers/serial/libdrivers__serial.a(uart_nrfx_uarte.c.obj)
 .rodata.uarte_0z_config
                0x000000000000fa20       0x10 zephyr/drivers/serial/libdrivers__serial.a(uart_nrfx_uarte.c.obj)
 .rodata.__pinctrl_dev_config__device_dts_ord_92
                0x000000000000fa30        0xc zephyr/drivers/serial/libdrivers__serial.a(uart_nrfx_uarte.c.obj)
 .rodata.__pinctrl_states__device_dts_ord_92
                0x000000000000fa3c        0x8 zephyr/drivers/serial/libdrivers__serial.a(uart_nrfx_uarte.c.obj)
 .rodata.__pinctrl_state_pins_0__device_dts_ord_92
                0x000000000000fa44       0x10 zephyr/drivers/serial/libdrivers__serial.a(uart_nrfx_uarte.c.obj)
 .rodata.uart_nrfx_uarte_driver_api
                0x000000000000fa54        0xc zephyr/drivers/serial/libdrivers__serial.a(uart_nrfx_uarte.c.obj)
 .rodata.levels.0
                0x000000000000fa60       0x18 zephyr/kernel/libkernel.a(init.c.obj)
 .rodata.CSWTCH.10
                0x000000000000fa78       0x1c C:/ncs/v2.6.0/nrfxlib/crypto/nrf_cc310_platform/lib/cortex-m33/hard-float/no-interrupts/libnrf_cc310_platform_0.9.19.a(nrf_cc3xx_platform.c.obj)
 .rodata.CC_PalPowerSaveModeInit.str1.4
                0x000000000000fa94       0x20 C:/ncs/v2.6.0/nrfxlib/crypto/nrf_cc310_platform/lib/cortex-m33/hard-float/no-interrupts/libnrf_cc310_platform_0.9.19.a(cc_pal_pm.c.obj)
 .rodata.mutex_free.str1.4
                0x000000000000fab4       0x26 C:/ncs/v2.6.0/nrfxlib/crypto/nrf_cc310_platform/lib/cortex-m33/hard-float/no-interrupts/libnrf_cc310_platform_0.9.19.a(nrf_cc3xx_platform_mutex.c.obj)
 *fill*         0x000000000000fada        0x2 
 .rodata.mutex_init.str1.4
                0x000000000000fadc       0x23 C:/ncs/v2.6.0/nrfxlib/crypto/nrf_cc310_platform/lib/cortex-m33/hard-float/no-interrupts/libnrf_cc310_platform_0.9.19.a(nrf_cc3xx_platform_mutex.c.obj)
 *fill*         0x000000000000faff        0x1 
 .rodata.domain_secp256r1
                0x000000000000fb00       0xcc C:/ncs/v2.6.0/nrfxlib/crypto/nrf_cc310_bl/lib/cortex-m33/hard-float/no-interrupts/libnrf_cc310_bl_0.9.12.a(nrf_cc310_bl_ecdsa_verify_secp256r1.c.obj)
                0x000000000000fb00                domain_secp256r1
 .rodata.NRF_CC310_BL_HASH_LARVAL_SHA256
                0x000000000000fbcc       0x20 C:/ncs/v2.6.0/nrfxlib/crypto/nrf_cc310_bl/lib/cortex-m33/hard-float/no-interrupts/libnrf_cc310_bl_0.9.12.a(nrf_cc310_bl_hash_sha256.c.obj)
                0x000000000000fbcc                NRF_CC310_BL_HASH_LARVAL_SHA256
 .rodata.boot_img_magic
                0x000000000000fbec       0x10 modules/mcuboot/boot/bootutil/zephyr/libmcuboot_util.a(bootutil_public.c.obj)
                0x000000000000fbec                boot_img_magic
 .rodata.main.str1.1
                0x000000000000fbfc       0xde app/libapp.a(main.c.obj)
 .rodata.str1.1
                0x000000000000fcda        0x8 app/libapp.a(main.c.obj)
 .rodata.flash_device_base.str1.1
                0x000000000000fce2       0x26 app/libapp.a(flash_map_extended.c.obj)
 .rodata.ec_secp256r1_oid
                0x000000000000fd08        0x9 app/libapp.a(image_ecdsa.c.obj)
 .rodata.ec_pubkey_oid
                0x000000000000fd11        0x8 app/libapp.a(image_ecdsa.c.obj)
 .rodata.bootutil_max_image_size.str1.1
                0x000000000000fd19       0x3b app/libapp.a(bootutil_misc.c.obj)
 .rodata.boot_validate_slot.isra.0.str1.1
                0x000000000000fd54       0x3a app/libapp.a(loader.c.obj)
 .rodata.boot_swap_image.isra.0.str1.1
                0x000000000000fd8e       0x2f app/libapp.a(loader.c.obj)
 .rodata.context_boot_go.str1.1
                0x000000000000fdbd       0xf1 app/libapp.a(loader.c.obj)
 .rodata.swap_read_status_bytes.str1.1
                0x000000000000feae       0x23 app/libapp.a(swap_move.c.obj)
 .rodata.swap_status_source.str1.1
                0x000000000000fed1       0xa4 app/libapp.a(swap_move.c.obj)
 .rodata.swap_run.str1.1
                0x000000000000ff75       0x89 app/libapp.a(swap_move.c.obj)
 .rodata.ecdsa_pub_key
                0x000000000000fffe       0x5b app/libapp.a(autogen-pubkey.c.obj)
                0x000000000000fffe                ecdsa_pub_key
 .rodata.z_cbvprintf_impl.str1.1
                0x0000000000010059       0x12 zephyr/libzephyr.a(cbprintf_nano.c.obj)
                                         0x13 (size before relaxing)
 .rodata.sys_reboot.str1.1
                0x000000000001006b       0x29 zephyr/libzephyr.a(reboot.c.obj)
 .rodata.str1.1
                0x0000000000010094       0x17 zephyr/drivers/clock_control/libdrivers__clock_control.a(clock_control_nrf.c.obj)
 .rodata.str1.1
                0x00000000000100ab       0x17 zephyr/drivers/flash/libdrivers__flash.a(soc_flash_nrf.c.obj)
 .rodata.str1.1
                0x00000000000100c2        0xc zephyr/drivers/gpio/libdrivers__gpio.a(gpio_nrfx.c.obj)
 .rodata.drive_modes
                0x00000000000100ce        0x8 zephyr/drivers/pinctrl/libdrivers__pinctrl.a(pinctrl_nrf.c.obj)
 .rodata.str1.1
                0x00000000000100d6       0x14 zephyr/drivers/serial/libdrivers__serial.a(uart_nrfx_uarte.c.obj)
 .rodata.check_ext_api_requests.str1.1
                0x00000000000100ea       0x5c modules/nrf/subsys/fw_info/lib..__nrf__subsys__fw_info.a(fw_info.c.obj)
 .rodata.boot_swap_type_multi.str1.1
                0x0000000000010146       0xb8 modules/mcuboot/boot/bootutil/zephyr/libmcuboot_util.a(bootutil_public.c.obj)
 .rodata.boot_swap_tables
                0x00000000000101fe       0x12 modules/mcuboot/boot/bootutil/zephyr/libmcuboot_util.a(bootutil_public.c.obj)
 .rodata.CSWTCH.17
                0x0000000000010210        0x3 modules/hal_nordic/nrfx/libmodules__hal_nordic__nrfx.a(system_nrf91.c.obj)
 .rodata.boot_banner.str1.1
                0x0000000000010213       0x2e zephyr/kernel/libkernel.a(banner.c.obj)
 *(SORT_BY_ALIGNMENT(.gnu.linkonce.r.*))
                0x0000000000010244                . = ALIGN (0x4)
 *fill*         0x0000000000010241        0x3 
                0x0000000000010244                _fw_info_images_start = .
 *(SORT_BY_ALIGNMENT(.fw_info_images))
 .fw_info_images
                0x0000000000010244        0x4 modules/nrf/subsys/fw_info/lib..__nrf__subsys__fw_info.a(fw_info.c.obj)
                0x0000000000010244                self_image
                0x0000000000000001                _fw_info_images_size = ABSOLUTE (((. - _fw_info_images_start) / 0x4))
                0x0000000000010248                _ext_apis_start = .
 *(SORT_BY_ALIGNMENT(.ext_apis))
                0x0000000000000000                _ext_apis_size = ABSOLUTE ((. - _ext_apis_start))
                0x0000000000010248                _ext_apis_req_start = .
 *(SORT_BY_ALIGNMENT(.ext_apis_req))
                0x0000000000000000                _ext_apis_req_size = ABSOLUTE ((. - _ext_apis_req_start))
                0x0000000000010248                . = ALIGN (0x4)
                0x0000000000010248                __rodata_region_end = .
                0x0000000000010248                . = ALIGN (_region_min_align)
                0x0000000000010248                __rom_region_end = ((__rom_region_start + .) - ADDR (rom_start))

/DISCARD/
 *(SORT_BY_ALIGNMENT(.got.plt))
 *(SORT_BY_ALIGNMENT(.igot.plt))
 *(SORT_BY_ALIGNMENT(.got))
 *(SORT_BY_ALIGNMENT(.igot))
                0x0000000020000000                . = 0x20000000
                0x0000000020000000                . = ALIGN (_region_min_align)
                0x0000000020000000                _image_ram_start = .

.ramfunc        0x0000000020000000        0x0 load address 0x0000000000010248
                0x0000000020000000                . = ALIGN (_region_min_align)
                0x0000000020000000                __ramfunc_start = .
 *(SORT_BY_ALIGNMENT(.ramfunc))
 *(SORT_BY_ALIGNMENT(.ramfunc.*))
                0x0000000020000000                . = ALIGN (_region_min_align)
                0x0000000020000000                __ramfunc_end = .
                0x0000000000000000                __ramfunc_size = (__ramfunc_end - __ramfunc_start)
                0x0000000000010248                __ramfunc_load_start = LOADADDR (.ramfunc)

datas           0x0000000020000000      0x124 load address 0x0000000000010248
                0x0000000020000000                __data_region_start = .
                0x0000000020000000                __data_start = .
 *(SORT_BY_ALIGNMENT(.data))
 *(SORT_BY_ALIGNMENT(.data.*))
 .data.FIH_NO_BOOTABLE_IMAGE
                0x0000000020000000        0x4 app/libapp.a(fault_injection_hardening.c.obj)
                0x0000000020000000                FIH_NO_BOOTABLE_IMAGE
 .data.FIH_FAILURE
                0x0000000020000004        0x4 app/libapp.a(fault_injection_hardening.c.obj)
                0x0000000020000004                FIH_FAILURE
 .data.FIH_SUCCESS
                0x0000000020000008        0x4 app/libapp.a(fault_injection_hardening.c.obj)
                0x0000000020000008                FIH_SUCCESS
 .data.memset_func
                0x000000002000000c        0x4 app/libapp.a(platform_util.c.obj)
 .data._char_out
                0x0000000020000010        0x4 zephyr/libzephyr.a(printk.c.obj)
                0x0000000020000010                _char_out
 .data.flash_map
                0x0000000020000014        0x4 zephyr/libzephyr.a(flash_map_partition_manager.c.obj)
                0x0000000020000014                flash_map
 .data._stdout_hook
                0x0000000020000018        0x4 zephyr/lib/libc/minimal/liblib__libc__minimal.a(stdout_console.c.obj)
 .data.uarte_1_data
                0x000000002000001c       0x1c zephyr/drivers/serial/libdrivers__serial.a(uart_nrfx_uarte.c.obj)
 .data.uarte_0_data
                0x0000000020000038       0x1c zephyr/drivers/serial/libdrivers__serial.a(uart_nrfx_uarte.c.obj)
 .data.m_allocated_channels
                0x0000000020000054        0x4 modules/hal_nordic/nrfx/libmodules__hal_nordic__nrfx.a(nrfx_dppi.c.obj)
 .data.m_cb     0x0000000020000058       0x64 modules/hal_nordic/nrfx/libmodules__hal_nordic__nrfx.a(nrfx_gpiote.c.obj)
 .data.timeout_list
                0x00000000200000bc        0x8 zephyr/kernel/libkernel.a(timeout.c.obj)
 .data.platform_abort_apis
                0x00000000200000c4        0x8 C:/ncs/v2.6.0/nrfxlib/crypto/nrf_cc310_platform/lib/cortex-m33/hard-float/no-interrupts/libnrf_cc310_platform_0.9.19.a(nrf_cc3xx_platform_abort.c.obj)
                0x00000000200000c4                platform_abort_apis
 .data.pCCRndCryptoMutex
                0x00000000200000cc        0x4 C:/ncs/v2.6.0/nrfxlib/crypto/nrf_cc310_platform/lib/cortex-m33/hard-float/no-interrupts/libnrf_cc310_platform_0.9.19.a(cc_pal.c.obj)
                0x00000000200000cc                pCCRndCryptoMutex
 .data.CCPowerMutex
                0x00000000200000d0        0x4 C:/ncs/v2.6.0/nrfxlib/crypto/nrf_cc310_platform/lib/cortex-m33/hard-float/no-interrupts/libnrf_cc310_platform_0.9.19.a(cc_pal.c.obj)
                0x00000000200000d0                CCPowerMutex
 .data.CCRndCryptoMutex
                0x00000000200000d4        0x4 C:/ncs/v2.6.0/nrfxlib/crypto/nrf_cc310_platform/lib/cortex-m33/hard-float/no-interrupts/libnrf_cc310_platform_0.9.19.a(cc_pal.c.obj)
                0x00000000200000d4                CCRndCryptoMutex
 .data.CCAsymCryptoMutex
                0x00000000200000d8        0x4 C:/ncs/v2.6.0/nrfxlib/crypto/nrf_cc310_platform/lib/cortex-m33/hard-float/no-interrupts/libnrf_cc310_platform_0.9.19.a(cc_pal.c.obj)
                0x00000000200000d8                CCAsymCryptoMutex
 .data.CCSymCryptoMutex